Archive member included to satisfy reference by file (symbol)

/usr/lib/gcc/arm-none-eabi/16.2.0/../../../../arm-none-eabi/lib/thumb/v7-m/nofp/libc_nano.a(libc_a-atexit.o)
                              /usr/lib/gcc/arm-none-eabi/16.2.0/../../../../arm-none-eabi/lib/thumb/v7-m/nofp/crt0.o (atexit)
/usr/lib/gcc/arm-none-eabi/16.2.0/../../../../arm-none-eabi/lib/thumb/v7-m/nofp/libc_nano.a(libc_a-exit.o)
                              /usr/lib/gcc/arm-none-eabi/16.2.0/../../../../arm-none-eabi/lib/thumb/v7-m/nofp/crt0.o (exit)
/usr/lib/gcc/arm-none-eabi/16.2.0/../../../../arm-none-eabi/lib/thumb/v7-m/nofp/libc_nano.a(libc_a-findfp.o)
                              /usr/lib/gcc/arm-none-eabi/16.2.0/../../../../arm-none-eabi/lib/thumb/v7-m/nofp/libc_nano.a(libc_a-exit.o) (__stdio_exit_handler)
/usr/lib/gcc/arm-none-eabi/16.2.0/../../../../arm-none-eabi/lib/thumb/v7-m/nofp/libc_nano.a(libc_a-fwalk.o)
                              /usr/lib/gcc/arm-none-eabi/16.2.0/../../../../arm-none-eabi/lib/thumb/v7-m/nofp/libc_nano.a(libc_a-findfp.o) (_fwalk_sglue)
/usr/lib/gcc/arm-none-eabi/16.2.0/../../../../arm-none-eabi/lib/thumb/v7-m/nofp/libc_nano.a(libc_a-stdio.o)
                              /usr/lib/gcc/arm-none-eabi/16.2.0/../../../../arm-none-eabi/lib/thumb/v7-m/nofp/libc_nano.a(libc_a-findfp.o) (__sread)
/usr/lib/gcc/arm-none-eabi/16.2.0/../../../../arm-none-eabi/lib/thumb/v7-m/nofp/libc_nano.a(libc_a-memset.o)
                              /usr/lib/gcc/arm-none-eabi/16.2.0/../../../../arm-none-eabi/lib/thumb/v7-m/nofp/crt0.o (memset)
/usr/lib/gcc/arm-none-eabi/16.2.0/../../../../arm-none-eabi/lib/thumb/v7-m/nofp/libc_nano.a(libc_a-closer.o)
                              /usr/lib/gcc/arm-none-eabi/16.2.0/../../../../arm-none-eabi/lib/thumb/v7-m/nofp/libc_nano.a(libc_a-stdio.o) (_close_r)
/usr/lib/gcc/arm-none-eabi/16.2.0/../../../../arm-none-eabi/lib/thumb/v7-m/nofp/libc_nano.a(libc_a-reent.o)
                              /usr/lib/gcc/arm-none-eabi/16.2.0/../../../../arm-none-eabi/lib/thumb/v7-m/nofp/libc_nano.a(libc_a-closer.o) (errno)
/usr/lib/gcc/arm-none-eabi/16.2.0/../../../../arm-none-eabi/lib/thumb/v7-m/nofp/libc_nano.a(libc_a-impure.o)
                              /usr/lib/gcc/arm-none-eabi/16.2.0/../../../../arm-none-eabi/lib/thumb/v7-m/nofp/libc_nano.a(libc_a-reent.o) (_impure_ptr)
/usr/lib/gcc/arm-none-eabi/16.2.0/../../../../arm-none-eabi/lib/thumb/v7-m/nofp/libc_nano.a(libc_a-lseekr.o)
                              /usr/lib/gcc/arm-none-eabi/16.2.0/../../../../arm-none-eabi/lib/thumb/v7-m/nofp/libc_nano.a(libc_a-stdio.o) (_lseek_r)
/usr/lib/gcc/arm-none-eabi/16.2.0/../../../../arm-none-eabi/lib/thumb/v7-m/nofp/libc_nano.a(libc_a-readr.o)
                              /usr/lib/gcc/arm-none-eabi/16.2.0/../../../../arm-none-eabi/lib/thumb/v7-m/nofp/libc_nano.a(libc_a-stdio.o) (_read_r)
/usr/lib/gcc/arm-none-eabi/16.2.0/../../../../arm-none-eabi/lib/thumb/v7-m/nofp/libc_nano.a(libc_a-writer.o)
                              /usr/lib/gcc/arm-none-eabi/16.2.0/../../../../arm-none-eabi/lib/thumb/v7-m/nofp/libc_nano.a(libc_a-stdio.o) (_write_r)
/usr/lib/gcc/arm-none-eabi/16.2.0/../../../../arm-none-eabi/lib/thumb/v7-m/nofp/libc_nano.a(libc_a-errno.o)
                              build/sysmem.o (__errno)
/usr/lib/gcc/arm-none-eabi/16.2.0/../../../../arm-none-eabi/lib/thumb/v7-m/nofp/libc_nano.a(libc_a-init.o)
                              /usr/lib/gcc/arm-none-eabi/16.2.0/../../../../arm-none-eabi/lib/thumb/v7-m/nofp/crt0.o (__libc_init_array)
/usr/lib/gcc/arm-none-eabi/16.2.0/../../../../arm-none-eabi/lib/thumb/v7-m/nofp/libc_nano.a(libc_a-fini.o)
                              /usr/lib/gcc/arm-none-eabi/16.2.0/../../../../arm-none-eabi/lib/thumb/v7-m/nofp/crt0.o (__libc_fini_array)
/usr/lib/gcc/arm-none-eabi/16.2.0/../../../../arm-none-eabi/lib/thumb/v7-m/nofp/libc_nano.a(libc_a-lock.o)
                              /usr/lib/gcc/arm-none-eabi/16.2.0/../../../../arm-none-eabi/lib/thumb/v7-m/nofp/libc_nano.a(libc_a-findfp.o) (__retarget_lock_init_recursive)
/usr/lib/gcc/arm-none-eabi/16.2.0/../../../../arm-none-eabi/lib/thumb/v7-m/nofp/libc_nano.a(libc_a-__atexit.o)
                              /usr/lib/gcc/arm-none-eabi/16.2.0/../../../../arm-none-eabi/lib/thumb/v7-m/nofp/libc_nano.a(libc_a-atexit.o) (__register_exitproc)
/usr/lib/gcc/arm-none-eabi/16.2.0/../../../../arm-none-eabi/lib/thumb/v7-m/nofp/libc_nano.a(libc_a-__call_atexit.o)
                              /usr/lib/gcc/arm-none-eabi/16.2.0/../../../../arm-none-eabi/lib/thumb/v7-m/nofp/libc_nano.a(libc_a-__atexit.o) (__call_exitprocs)
/usr/lib/gcc/arm-none-eabi/16.2.0/../../../../arm-none-eabi/lib/thumb/v7-m/nofp/libc_nano.a(libc_a-freer.o)
                              /usr/lib/gcc/arm-none-eabi/16.2.0/../../../../arm-none-eabi/lib/thumb/v7-m/nofp/libc_nano.a(libc_a-reent.o) (_free_r)
/usr/lib/gcc/arm-none-eabi/16.2.0/../../../../arm-none-eabi/lib/thumb/v7-m/nofp/libc_nano.a(libc_a-mallocr.o)
[...]
Memory Configuration

Name             Origin             Length             Attributes
RAM              0x20000000         0x00005000         xrw
FLASH            0x08000000         0x00010000         xr
*default*        0x00000000         0xffffffff

Linker script and memory map

LOAD /usr/lib/gcc/arm-none-eabi/16.2.0/thumb/v7-m/nofp/crti.o
LOAD /usr/lib/gcc/arm-none-eabi/16.2.0/thumb/v7-m/nofp/crtbegin.o
LOAD /usr/lib/gcc/arm-none-eabi/16.2.0/../../../../arm-none-eabi/lib/thumb/v7-m/nofp/crt0.o
LOAD build/main.o
LOAD build/stm32f1xx_it.o
LOAD build/stm32f1xx_hal_msp.o
LOAD build/stm32f1xx_hal_gpio_ex.o
LOAD build/stm32f1xx_hal_uart.o
LOAD build/stm32f1xx_hal.o
LOAD build/stm32f1xx_hal_rcc.o
LOAD build/stm32f1xx_hal_rcc_ex.o
LOAD build/stm32f1xx_hal_gpio.o
LOAD build/stm32f1xx_hal_dma.o
LOAD build/stm32f1xx_hal_cortex.o
LOAD build/stm32f1xx_hal_pwr.o
LOAD build/stm32f1xx_hal_flash.o
LOAD build/stm32f1xx_hal_flash_ex.o
LOAD build/stm32f1xx_hal_exti.o
LOAD build/system_stm32f1xx.o
LOAD build/sysmem.o
LOAD build/syscalls.o
LOAD build/kernel.o
LOAD build/task.o
LOAD build/scheduler.o
LOAD build/memory.o
LOAD build/idle.o
LOAD build/dispatcher.o
LOAD build/gpio.o
LOAD build/uart.o
LOAD build/demo_tasks.o
LOAD build/debug.o
LOAD build/startup_stm32f103xb.o
LOAD /usr/lib/gcc/arm-none-eabi/16.2.0/../../../../arm-none-eabi/lib/thumb/v7-m/nofp/libc_nano.a
LOAD /usr/lib/gcc/arm-none-eabi/16.2.0/../../../../arm-none-eabi/lib/thumb/v7-m/nofp/libm.a
LOAD /usr/lib/gcc/arm-none-eabi/16.2.0/../../../../arm-none-eabi/lib/thumb/v7-m/nofp/libnosys.a
START GROUP
LOAD /usr/lib/gcc/arm-none-eabi/16.2.0/thumb/v7-m/nofp/libgcc.a
LOAD /usr/lib/gcc/arm-none-eabi/16.2.0/../../../../arm-none-eabi/lib/thumb/v7-m/nofp/libc_nano.a
END GROUP
START GROUP
LOAD /usr/lib/gcc/arm-none-eabi/16.2.0/thumb/v7-m/nofp/libgcc.a
LOAD /usr/lib/gcc/arm-none-eabi/16.2.0/../../../../arm-none-eabi/lib/thumb/v7-m/nofp/libc_nano.a
END GROUP
LOAD /usr/lib/gcc/arm-none-eabi/16.2.0/thumb/v7-m/nofp/crtend.o
LOAD /usr/lib/gcc/arm-none-eabi/16.2.0/thumb/v7-m/nofp/crtn.o
                0x20005000                        _estack = (ORIGIN (RAM) + LENGTH (RAM))
                0x20004c00                        _sstack = (_estack - _Min_Stack_Size)
                0x00000200                        _Min_Heap_Size = 0x200
                0x00000400                        _Min_Stack_Size = 0x400

.isr_vector     0x08000000      0x10c
                0x08000000                        . = ALIGN (0x4)
 *(.isr_vector)
 .isr_vector    0x08000000      0x10c build/startup_stm32f103xb.o
                0x08000000                g_pfnVectors
                0x0800010c                        . = ALIGN (0x4)

.text           0x0800010c     0x13a0
                0x0800010c                        . = ALIGN (0x4)
 *(.text)
 *(.text*)
 .text.__do_global_dtors_aux
                0x0800010c       0x24 /usr/lib/gcc/arm-none-eabi/16.2.0/thumb/v7-m/nofp/crtbegin.o
 .text.frame_dummy
                0x08000130       0x1c /usr/lib/gcc/arm-none-eabi/16.2.0/thumb/v7-m/nofp/crtbegin.o
 .text.Error_Handler
                0x0800014c        0x4 build/main.o
                0x0800014c                Error_Handler
 .text.SystemClock_Config
                0x08000150       0x62 build/main.o
                0x08000150                SystemClock_Config
 *fill*         0x080001b2        0x2 
 .text.main     0x080001b4       0xb4 build/main.o
                0x080001b4                main
 .text.NMI_Handler
                0x08000268        0x2 build/stm32f1xx_it.o
                0x08000268                NMI_Handler
 .text.HardFault_Handler
                0x0800026a        0x2 build/stm32f1xx_it.o
                0x0800026a                HardFault_Handler
 .text.MemManage_Handler
                0x0800026c        0x2 build/stm32f1xx_it.o
                0x0800026c                MemManage_Handler
 .text.BusFault_Handler
                0x0800026e        0x2 build/stm32f1xx_it.o
                0x0800026e                BusFault_Handler
 .text.UsageFault_Handler
                0x08000270        0x2 build/stm32f1xx_it.o
                0x08000270                UsageFault_Handler
 .text.SVC_Handler
                0x08000272        0x2 build/stm32f1xx_it.o
                0x08000272                SVC_Handler
 .text.DebugMon_Handler
                0x08000274        0x2 build/stm32f1xx_it.o
                0x08000274                DebugMon_Handler
 .text.PendSV_Handler
                0x08000276        0x2 build/stm32f1xx_it.o
                0x08000276                PendSV_Handler
 .text.SysTick_Handler
                0x08000278        0x8 build/stm32f1xx_it.o
                0x08000278                SysTick_Handler
 .text.HAL_MspInit
                0x08000280       0x44 build/stm32f1xx_hal_msp.o
                0x08000280                HAL_MspInit
 .text.HAL_InitTick
                0x080002c4       0x48 build/stm32f1xx_hal.o
                0x080002c4                HAL_InitTick
 .text.HAL_Init
                0x0800030c       0x24 build/stm32f1xx_hal.o
                0x0800030c                HAL_Init
 .text.HAL_IncTick
                0x08000330       0x18 build/stm32f1xx_hal.o
                0x08000330                HAL_IncTick
 .text.HAL_GetTick
                0x08000348        0xc build/stm32f1xx_hal.o
                0x08000348                HAL_GetTick
 .text.RCC_Delay
                0x08000354       0x2c build/stm32f1xx_hal_rcc.o
 .text.HAL_RCC_OscConfig
                0x08000380      0x3ec build/stm32f1xx_hal_rcc.o
                0x08000380                HAL_RCC_OscConfig
 .text.HAL_RCC_GetSysClockFreq
                0x0800076c       0x54 build/stm32f1xx_hal_rcc.o
                0x0800076c                HAL_RCC_GetSysClockFreq
 .text.HAL_RCC_ClockConfig
                0x080007c0      0x15c build/stm32f1xx_hal_rcc.o
                0x080007c0                HAL_RCC_ClockConfig
 .text.__NVIC_SetPriority
                0x0800091c       0x24 build/stm32f1xx_hal_cortex.o
 .text.NVIC_EncodePriority
                0x08000940       0x46 build/stm32f1xx_hal_cortex.o
 *fill*         0x08000986        0x2 
 .text.HAL_NVIC_SetPriorityGrouping
                0x08000988       0x24 build/stm32f1xx_hal_cortex.o
                0x08000988                HAL_NVIC_SetPriorityGrouping
 .text.HAL_NVIC_SetPriority
                0x080009ac       0x20 build/stm32f1xx_hal_cortex.o
                0x080009ac                HAL_NVIC_SetPriority
 .text.HAL_SYSTICK_Config
                0x080009cc       0x28 build/stm32f1xx_hal_cortex.o
                0x080009cc                HAL_SYSTICK_Config
 .text.SystemInit
                0x080009f4        0x2 build/system_stm32f1xx.o
                0x080009f4                SystemInit
 *fill*         0x080009f6        0x2 
 .text.Kernel_Init
                0x080009f8       0x38 build/kernel.o
                0x080009f8                Kernel_Init
 .text.Kernel_Start
                0x08000a30       0x50 build/kernel.o
                0x08000a30                Kernel_Start
 .text.Free_Stack_Init
                0x08000a80        0xc build/task.o
                0x08000a80                Free_Stack_Init
 .text.Free_Stack_Push
                0x08000a8c       0x1c build/task.o
                0x08000a8c                Free_Stack_Push
 .text.Free_Stack_Empty
                0x08000aa8       0x18 build/task.o
                0x08000aa8                Free_Stack_Empty
 .text.Free_Stack_Top
                0x08000ac0       0x1c build/task.o
                0x08000ac0                Free_Stack_Top
 .text.Free_Stack_Pop
                0x08000adc       0x18 build/task.o
                0x08000adc                Free_Stack_Pop
 .text.Task_Set_Current
                0x08000af4        0xc build/task.o
                0x08000af4                Task_Set_Current
 .text.Task_Create
                0x08000b00      0x104 build/task.o
                0x08000b00                Task_Create
 .text.Task_Init
                0x08000c04       0x64 build/task.o
                0x08000c04                Task_Init
 .text.Task_Terminate
                0x08000c68       0xcc build/task.o
                0x08000c68                Task_Terminate
 .text.Task_Exit_Handler
                0x08000d34       0x10 build/task.o
                0x08000d34                Task_Exit_Handler
 .text.Task_Get_Current
                0x08000d44        0xc build/task.o
                0x08000d44                Task_Get_Current
 .text.Task_Get_Idle
                0x08000d50        0x8 build/task.o
                0x08000d50                Task_Get_Idle
 .text.Task_Is_Initialized
                0x08000d58        0xc build/task.o
                0x08000d58                Task_Is_Initialized
 .text.Scheduler_Init
                0x08000d64       0x24 build/scheduler.o
                0x08000d64                Scheduler_Init
 .text.Scheduler_Set_Current
                0x08000d88        0xc build/scheduler.o
                0x08000d88                Scheduler_Set_Current
 .text.Scheduler_Select_Next
                0x08000d94       0x48 build/scheduler.o
                0x08000d94                Scheduler_Select_Next
 .text.Mem_Init
                0x08000ddc        0x4 build/memory.o
                0x08000ddc                Mem_Init
 .text.Mem_Stack_Base
                0x08000de0       0x20 build/memory.o
                0x08000de0                Mem_Stack_Base
 .text.Mem_Stack_Size_Words
                0x08000e00        0x6 build/memory.o
                0x08000e00                Mem_Stack_Size_Words
 .text.Idle_Function
                0x08000e06        0x2 build/idle.o
                0x08000e06                Idle_Function
 .text.Dispatcher_Run
                0x08000e08       0x1e build/dispatcher.o
                0x08000e08                Dispatcher_Run
 *fill*         0x08000e26        0x2 
 .text.GPIO_ClockControl
                0x08000e28       0x84 build/gpio.o
                0x08000e28                GPIO_ClockControl
 .text.GPIO_Init
                0x08000eac       0x74 build/gpio.o
                0x08000eac                GPIO_Init
 .text.GPIO_INIT
                0x08000f20       0x30 build/gpio.o
                0x08000f20                GPIO_INIT
 .text.USART1_GPIO_Init
                0x08000f50       0x38 build/uart.o
 .text.USART_PeriClockControl
                0x08000f88       0x84 build/uart.o
                0x08000f88                USART_PeriClockControl
 .text.USART_SetBaudRate
                0x0800100c       0x54 build/uart.o
                0x0800100c                USART_SetBaudRate
 .text.USART_Init
                0x08001060       0x98 build/uart.o
                0x08001060                USART_Init
 .text.USART_SendChar
                0x080010f8       0x14 build/uart.o
                0x080010f8                USART_SendChar
 .text.USART_SendString
                0x0800110c       0x18 build/uart.o
                0x0800110c                USART_SendString
 .text.TASK_A   0x08001124       0x14 build/demo_tasks.o
                0x08001124                TASK_A
 .text.TASK_B   0x08001138       0x14 build/demo_tasks.o
                0x08001138                TASK_B
 .text.TASK_C   0x0800114c       0x14 build/demo_tasks.o
                0x0800114c                TASK_C
 .text.TASK_D   0x08001160       0x14 build/demo_tasks.o
                0x08001160                TASK_D
 .text.TASK_E   0x08001174       0x14 build/demo_tasks.o
                0x08001174                TASK_E
 .text.Debug_Print_Number
                0x08001188       0x7c build/debug.o
 .text.Debug_Print_TID_Priority
                0x08001204       0x40 build/debug.o
 .text.Debug_Print
                0x08001244       0x10 build/debug.o
                0x08001244                Debug_Print
 .text.Debug_Task_Created
                0x08001254       0x20 build/debug.o
                0x08001254                Debug_Task_Created
 .text.Debug_Task_Scheduled
                0x08001274       0x20 build/debug.o
                0x08001274                Debug_Task_Scheduled
 .text.Debug_Task_Running
                0x08001294       0x2c build/debug.o
                0x08001294                Debug_Task_Running
 .text.Debug_Task_Finished
                0x080012c0       0x2c build/debug.o
                0x080012c0                Debug_Task_Finished
 .text.Debug_Task_Terminated
                0x080012ec       0x2c build/debug.o
                0x080012ec                Debug_Task_Terminated
 .text.Debug_Edge_Null_Task
                0x08001318       0x2c build/debug.o
                0x08001318                Debug_Edge_Null_Task
 .text.Debug_Edge_Idle_Task
                0x08001344       0x2c build/debug.o
                0x08001344                Debug_Edge_Idle_Task
 .text.Debug_Edge_Not_Initialized
                0x08001370       0x2c build/debug.o
                0x08001370                Debug_Edge_Not_Initialized
 .text.Debug_Edge_No_Tasks
                0x0800139c       0x2c build/debug.o
                0x0800139c                Debug_Edge_No_Tasks
 .text.Debug_Edge_Invalid_Allocation
                0x080013c8       0x14 build/debug.o
                0x080013c8                Debug_Edge_Invalid_Allocation
 .text.Debug_Scheduler_Null
                0x080013dc       0x14 build/debug.o
                0x080013dc                Debug_Scheduler_Null
 .text.Reset_Handler
                0x080013f0       0x48 build/startup_stm32f103xb.o
                0x080013f0                Reset_Handler
 .text.Default_Handler
                0x08001438        0x2 build/startup_stm32f103xb.o
                0x08001438                RTC_Alarm_IRQHandler
                0x08001438                EXTI2_IRQHandler
                0x08001438                TIM1_CC_IRQHandler
                0x08001438                PVD_IRQHandler
                0x08001438                EXTI3_IRQHandler
                0x08001438                EXTI0_IRQHandler
                0x08001438                I2C2_EV_IRQHandler
                0x08001438                ADC1_2_IRQHandler
                0x08001438                SPI1_IRQHandler
                0x08001438                TAMPER_IRQHandler
                0x08001438                DMA1_Channel4_IRQHandler
                0x08001438                USART3_IRQHandler
                0x08001438                RTC_IRQHandler
                0x08001438                DMA1_Channel7_IRQHandler
                0x08001438                CAN1_RX1_IRQHandler
                0x08001438                TIM4_IRQHandler
                0x08001438                I2C1_EV_IRQHandler
                0x08001438                DMA1_Channel6_IRQHandler
                0x08001438                TIM3_IRQHandler
                0x08001438                RCC_IRQHandler
                0x08001438                TIM1_TRG_COM_IRQHandler
                0x08001438                DMA1_Channel1_IRQHandler
                0x08001438                Default_Handler
                0x08001438                EXTI15_10_IRQHandler
                0x08001438                EXTI9_5_IRQHandler
                0x08001438                SPI2_IRQHandler
                0x08001438                DMA1_Channel5_IRQHandler
                0x08001438                EXTI4_IRQHandler
                0x08001438                USB_LP_CAN1_RX0_IRQHandler
                0x08001438                USB_HP_CAN1_TX_IRQHandler
                0x08001438                DMA1_Channel3_IRQHandler
                0x08001438                TIM1_UP_IRQHandler
                0x08001438                WWDG_IRQHandler
                0x08001438                TIM2_IRQHandler
                0x08001438                TIM1_BRK_IRQHandler
                0x08001438                EXTI1_IRQHandler
                0x08001438                USART2_IRQHandler
                0x08001438                I2C2_ER_IRQHandler
                0x08001438                DMA1_Channel2_IRQHandler
                0x08001438                CAN1_SCE_IRQHandler
                0x08001438                FLASH_IRQHandler
                0x08001438                USART1_IRQHandler
                0x08001438                I2C1_ER_IRQHandler
                0x08001438                USBWakeUp_IRQHandler
 .text.memset   0x0800143a       0x10 /usr/lib/gcc/arm-none-eabi/16.2.0/../../../../arm-none-eabi/lib/thumb/v7-m/nofp/libc_nano.a(libc_a-memset.o)
                0x0800143a                memset
 *fill*         0x0800144a        0x2 
 .text.__libc_init_array
                0x0800144c       0x48 /usr/lib/gcc/arm-none-eabi/16.2.0/../../../../arm-none-eabi/lib/thumb/v7-m/nofp/libc_nano.a(libc_a-init.o)
                0x0800144c                __libc_init_array
 *(.glue_7)
 .glue_7        0x08001494        0x0 linker stubs
 *(.glue_7t)
 .glue_7t       0x08001494        0x0 linker stubs
 *(.eh_frame)
 .eh_frame      0x08001494        0x0 /usr/lib/gcc/arm-none-eabi/16.2.0/thumb/v7-m/nofp/crtbegin.o
 *(.init)
 .init          0x08001494        0x4 /usr/lib/gcc/arm-none-eabi/16.2.0/thumb/v7-m/nofp/crti.o
                0x08001494                _init
 .init          0x08001498        0x8 /usr/lib/gcc/arm-none-eabi/16.2.0/thumb/v7-m/nofp/crtn.o
 *(.fini)
 .fini          0x080014a0        0x4 /usr/lib/gcc/arm-none-eabi/16.2.0/thumb/v7-m/nofp/crti.o
                0x080014a0                _fini
 .fini          0x080014a4        0x8 /usr/lib/gcc/arm-none-eabi/16.2.0/thumb/v7-m/nofp/crtn.o
                0x080014ac                        . = ALIGN (0x4)
                0x080014ac                        _etext = .

.vfp11_veneer   0x080014ac        0x0
 .vfp11_veneer  0x080014ac        0x0 linker stubs

.v4_bx          0x080014ac        0x0
 .v4_bx         0x080014ac        0x0 linker stubs

.iplt           0x080014ac        0x0
 .iplt          0x080014ac        0x0 /usr/lib/gcc/arm-none-eabi/16.2.0/thumb/v7-m/nofp/crtbegin.o

.rodata         0x080014ac      0x32c
                0x080014ac                        . = ALIGN (0x4)
 *(.rodata)
 *(.rodata*)
 .rodata.main.str1.4
                0x080014ac      0x307 build/main.o
                                 0x55 (size before relaxing)
 *fill*         0x080017b3        0x1 
 .rodata.aPredivFactorTable.0
                0x080017b4        0x2 build/stm32f1xx_hal_rcc.o
 *fill*         0x080017b6        0x2 
 .rodata.aPLLMULFactorTable.1
                0x080017b8       0x10 build/stm32f1xx_hal_rcc.o
 .rodata.AHBPrescTable
                0x080017c8       0x10 build/system_stm32f1xx.o
                0x080017c8                AHBPrescTable
 .rodata.Kernel_Init.str1.4
                0x080017d8        0x0 build/kernel.o
                                 0x93 (size before relaxing)
 .rodata.Kernel_Start.str1.4
                0x080017d8        0x0 build/kernel.o
                                 0x20 (size before relaxing)
 .rodata.Task_Create.str1.4
                0x080017d8        0x0 build/task.o
                                  0xc (size before relaxing)
 .rodata.Task_Terminate.str1.4
                0x080017d8        0x0 build/task.o
                                  0xf (size before relaxing)
 .rodata.TASK_A.str1.4
                0x080017d8        0x0 build/demo_tasks.o
                                 0x12 (size before relaxing)
 .rodata.TASK_B.str1.4
                0x080017d8        0x0 build/demo_tasks.o
                                 0x12 (size before relaxing)
 .rodata.TASK_C.str1.4
                0x080017d8        0x0 build/demo_tasks.o
                                 0x12 (size before relaxing)
 .rodata.TASK_D.str1.4
                0x080017d8        0x0 build/demo_tasks.o
                                 0x12 (size before relaxing)
 .rodata.TASK_E.str1.4
                0x080017d8        0x0 build/demo_tasks.o
                                 0x12 (size before relaxing)
 .rodata.Debug_Print_TID_Priority.str1.4
                0x080017d8        0x0 build/debug.o
                                 0x1b (size before relaxing)
 .rodata.Debug_Task_Created.str1.4
                0x080017d8        0x0 build/debug.o
                                 0x10 (size before relaxing)
 .rodata.Debug_Task_Scheduled.str1.4
                0x080017d8        0x0 build/debug.o
                                 0x17 (size before relaxing)
 .rodata.Debug_Task_Running.str1.4
                0x080017d8        0x0 build/debug.o
                                 0x17 (size before relaxing)
 .rodata.Debug_Task_Finished.str1.4
                0x080017d8        0x0 build/debug.o
                                  0xc (size before relaxing)
 .rodata.Debug_Task_Terminated.str1.4
                0x080017d8        0x0 build/debug.o
                                 0x11 (size before relaxing)
 .rodata.Debug_Edge_Null_Task.str1.4
                0x080017d8        0x0 build/debug.o
                                 0x27 (size before relaxing)
 .rodata.Debug_Edge_Idle_Task.str1.4
                0x080017d8        0x0 build/debug.o
                                 0x2b (size before relaxing)
 .rodata.Debug_Edge_Not_Initialized.str1.4
                0x080017d8        0x0 build/debug.o
                                 0x29 (size before relaxing)
 .rodata.Debug_Edge_No_Tasks.str1.4
                0x080017d8        0x0 build/debug.o
                                 0x25 (size before relaxing)
 .rodata.Debug_Edge_Invalid_Allocation.str1.4
                0x080017d8        0x0 build/debug.o
                                 0x38 (size before relaxing)
 .rodata.Debug_Scheduler_Null.str1.4
                0x080017d8        0x0 build/debug.o
                                 0x1f (size before relaxing)
                0x080017d8                        . = ALIGN (0x4)

.ARM.extab      0x080017d8        0x0
                0x080017d8                        . = ALIGN (0x4)
 *(.ARM.extab* .gnu.linkonce.armextab.*)
                0x080017d8                        . = ALIGN (0x4)

.ARM            0x080017d8        0x0
                0x080017d8                        . = ALIGN (0x4)
                0x080017d8                        __exidx_start = .
 *(.ARM.exidx*)
                0x080017d8                        __exidx_end = .
                0x080017d8                        . = ALIGN (0x4)

.preinit_array  0x080017d8        0x0
                0x080017d8                        . = ALIGN (0x4)
                0x080017d8                        PROVIDE (__preinit_array_start = .)
 *(.preinit_array*)
                0x080017d8                        PROVIDE (__preinit_array_end = .)
                0x080017d8                        . = ALIGN (0x4)

.init_array     0x080017d8        0x4
                0x080017d8                        . = ALIGN (0x4)
                0x080017d8                        PROVIDE (__init_array_start = .)
 *(SORT_BY_NAME(.init_array.*))
 *(.init_array*)
 .init_array    0x080017d8        0x4 /usr/lib/gcc/arm-none-eabi/16.2.0/thumb/v7-m/nofp/crtbegin.o
                0x080017dc                        PROVIDE (__init_array_end = .)
                0x080017dc                        . = ALIGN (0x4)

.fini_array     0x080017dc        0x4
                0x080017dc                        . = ALIGN (0x4)
                0x080017dc                        PROVIDE (__fini_array_start = .)
 *(SORT_BY_NAME(.fini_array.*))
 *(.fini_array*)
 .fini_array    0x080017dc        0x4 /usr/lib/gcc/arm-none-eabi/16.2.0/thumb/v7-m/nofp/crtbegin.o
                0x080017e0                        PROVIDE (__fini_array_end = .)
                0x080017e0                        . = ALIGN (0x4)
                0x080017e0                        _sidata = LOADADDR (.data)

.rel.dyn        0x080017e0        0x0
 .rel.iplt      0x080017e0        0x0 /usr/lib/gcc/arm-none-eabi/16.2.0/thumb/v7-m/nofp/crtbegin.o

.data           0x20000000        0xc load address 0x080017e0
                0x20000000                        . = ALIGN (0x4)
                0x20000000                        _sdata = .
 *(.data)
 *(.data*)
 .data.uwTickFreq
                0x20000000        0x1 build/stm32f1xx_hal.o
                0x20000000                uwTickFreq
 *fill*         0x20000001        0x3 
 .data.uwTickPrio
                0x20000004        0x4 build/stm32f1xx_hal.o
                0x20000004                uwTickPrio
 .data.SystemCoreClock
                0x20000008        0x4 build/system_stm32f1xx.o
                0x20000008                SystemCoreClock
 *(.RamFunc)
 *(.RamFunc*)
                0x2000000c                        . = ALIGN (0x4)
                0x2000000c                        _edata = .

.igot.plt       0x2000000c        0x0 load address 0x080017ec
 .igot.plt      0x2000000c        0x0 /usr/lib/gcc/arm-none-eabi/16.2.0/thumb/v7-m/nofp/crtbegin.o
                0x2000000c                        . = ALIGN (0x4)

.bss            0x2000000c     0x1908 load address 0x080017ec
                0x2000000c                        _sbss = .
                0x2000000c                        __bss_start__ = _sbss
 *(.bss)
 *(.bss*)
 .bss.completed.1
                0x2000000c        0x1 /usr/lib/gcc/arm-none-eabi/16.2.0/thumb/v7-m/nofp/crtbegin.o
 *fill*         0x2000000d        0x3 
 .bss.object.0  0x20000010       0x18 /usr/lib/gcc/arm-none-eabi/16.2.0/thumb/v7-m/nofp/crtbegin.o
 .bss.uwTick    0x20000028        0x4 build/stm32f1xx_hal.o
                0x20000028                uwTick
 .bss.free_slot
                0x2000002c        0x7 build/task.o
 .bss.init      0x20000033        0x1 build/task.o
 .bss.tail      0x20000034        0x4 build/task.o
 .bss.next      0x20000038        0x4 build/task.o
 .bss.prev      0x2000003c        0x4 build/task.o
 .bss.curr      0x20000040        0x4 build/task.o
 .bss.tcb_pool  0x20000044       0xc0 build/task.o
 .bss.task_count
                0x20000104        0x4 build/task.o
 .bss.idle_task
                0x20000108        0x4 build/scheduler.o
                0x20000108                idle_task
 .bss.next_task
                0x2000010c        0x4 build/scheduler.o
                0x2000010c                next_task
 .bss.current_task
                0x20000110        0x4 build/scheduler.o
                0x20000110                current_task
 .bss.task_stacks
                0x20000114     0x1800 build/memory.o
 *(COMMON)
                0x20001914                        . = ALIGN (0x4)
                0x20001914                        _ebss = .
                0x20001914                        __bss_end__ = _ebss

._user_heap_stack
                0x20001914      0x604 load address 0x080017ec
                0x20001918                        . = ALIGN (0x8)
 *fill*         0x20001914        0x4 
                [!provide]                        PROVIDE (end = .)
                0x20001918                        PROVIDE (_end = .)
                0x20001b18                        . = (. + _Min_Heap_Size)
 *fill*         0x20001918      0x200 
                0x20001f18                        . = (. + _Min_Stack_Size)
 *fill*         0x20001b18      0x400 
                0x20001f18                        . = ALIGN (0x8)

/DISCARD/
 libc.a(*)
 libm.a(*)
 libgcc.a(*)
OUTPUT(build/ChronosRTOS.elf elf32-littlearm)
LOAD linker stubs
LOAD /usr/lib/gcc/arm-none-eabi/16.2.0/../../../../arm-none-eabi/lib/thumb/v7-m/nofp/libc.a
LOAD /usr/lib/gcc/arm-none-eabi/16.2.0/../../../../arm-none-eabi/lib/thumb/v7-m/nofp/libm.a
LOAD /usr/lib/gcc/arm-none-eabi/16.2.0/thumb/v7-m/nofp/libgcc.a

.ARM.attributes
                0x00000000       0x29
 .ARM.attributes
                0x00000000       0x1d /usr/lib/gcc/arm-none-eabi/16.2.0/thumb/v7-m/nofp/crti.o
 .ARM.attributes
                0x0000001d       0x2d /usr/lib/gcc/arm-none-eabi/16.2.0/thumb/v7-m/nofp/crtbegin.o
 .ARM.attributes
                0x0000004a       0x2d build/main.o
 .ARM.attributes
                0x00000077       0x2d build/stm32f1xx_it.o
 .ARM.attributes
                0x000000a4       0x2d build/stm32f1xx_hal_msp.o
 .ARM.attributes
                0x000000d1       0x2d build/stm32f1xx_hal.o
 .ARM.attributes
                0x000000fe       0x2d build/stm32f1xx_hal_rcc.o
 .ARM.attributes
                0x0000012b       0x2d build/stm32f1xx_hal_cortex.o
 .ARM.attributes
                0x00000158       0x2d build/system_stm32f1xx.o
 .ARM.attributes
                0x00000185       0x2d build/kernel.o
 .ARM.attributes
                0x000001b2       0x2d build/task.o
 .ARM.attributes
                0x000001df       0x2d build/scheduler.o
 .ARM.attributes
                0x0000020c       0x2d build/memory.o
 .ARM.attributes
                0x00000239       0x2d build/idle.o
 .ARM.attributes
                0x00000266       0x2d build/dispatcher.o
 .ARM.attributes
                0x00000293       0x2d build/gpio.o
 .ARM.attributes
                0x000002c0       0x2d build/uart.o
 .ARM.attributes
                0x000002ed       0x2d build/demo_tasks.o
 .ARM.attributes
                0x0000031a       0x2d build/debug.o
 .ARM.attributes
                0x00000347       0x21 build/startup_stm32f103xb.o
 .ARM.attributes
                0x00000368       0x2d /usr/lib/gcc/arm-none-eabi/16.2.0/../../../../arm-none-eabi/lib/thumb/v7-m/nofp/libc_nano.a(libc_a-memset.o)
 .ARM.attributes
                0x00000395       0x2d /usr/lib/gcc/arm-none-eabi/16.2.0/../../../../arm-none-eabi/lib/thumb/v7-m/nofp/libc_nano.a(libc_a-init.o)
 .ARM.attributes
                0x000003c2       0x1d /usr/lib/gcc/arm-none-eabi/16.2.0/thumb/v7-m/nofp/crtn.o

.comment        0x00000000       0x3c
 .comment       0x00000000       0x3c build/main.o
                                 0x1f (size before relaxing)
 .comment       0x0000003c        0x0 build/stm32f1xx_it.o
                                 0x1f (size before relaxing)
 .comment       0x0000003c        0x0 build/stm32f1xx_hal_msp.o
                                 0x1f (size before relaxing)
 .comment       0x0000003c        0x0 build/stm32f1xx_hal.o
                                 0x1f (size before relaxing)
 .comment       0x0000003c        0x0 build/stm32f1xx_hal_rcc.o
                                 0x1f (size before relaxing)
 .comment       0x0000003c        0x0 build/stm32f1xx_hal_cortex.o
                                 0x1f (size before relaxing)
 .comment       0x0000003c        0x0 build/system_stm32f1xx.o
                                 0x1f (size before relaxing)
 .comment       0x0000003c        0x0 build/kernel.o
                                 0x1f (size before relaxing)
 .comment       0x0000003c        0x0 build/task.o
                                 0x1f (size before relaxing)
 .comment       0x0000003c        0x0 build/scheduler.o
                                 0x1f (size before relaxing)
 .comment       0x0000003c        0x0 build/memory.o
                                 0x1f (size before relaxing)
 .comment       0x0000003c        0x0 build/idle.o
                                 0x1f (size before relaxing)
 .comment       0x0000003c        0x0 build/dispatcher.o
                                 0x1f (size before relaxing)
 .comment       0x0000003c        0x0 build/gpio.o
                                 0x1f (size before relaxing)
 .comment       0x0000003c        0x0 build/uart.o
                                 0x1f (size before relaxing)
 .comment       0x0000003c        0x0 build/demo_tasks.o
                                 0x1f (size before relaxing)
 .comment       0x0000003c        0x0 build/debug.o
                                 0x1f (size before relaxing)
 .comment       0x0000003c        0x0 /usr/lib/gcc/arm-none-eabi/16.2.0/../../../../arm-none-eabi/lib/thumb/v7-m/nofp/libc_nano.a(libc_a-memset.o)
                                 0x1f (size before relaxing)
 .comment       0x0000003c        0x0 /usr/lib/gcc/arm-none-eabi/16.2.0/../../../../arm-none-eabi/lib/thumb/v7-m/nofp/libc_nano.a(libc_a-init.o)
                                 0x1f (size before relaxing)

.debug_info     0x00000000     0x62a6
 .debug_info    0x00000000      0x680 build/main.o
 .debug_info    0x00000680      0x158 build/stm32f1xx_it.o
 .debug_info    0x000007d8      0x986 build/stm32f1xx_hal_msp.o
 .debug_info    0x0000115e      0x87b build/stm32f1xx_hal.o
 .debug_info    0x000019d9      0xb10 build/stm32f1xx_hal_rcc.o
 .debug_info    0x000024e9      0xe3f build/stm32f1xx_hal_cortex.o
 .debug_info    0x00003328      0x26e build/system_stm32f1xx.o
 .debug_info    0x00003596      0x458 build/kernel.o
 .debug_info    0x000039ee      0x8b9 build/task.o
 .debug_info    0x000042a7      0x2cd build/scheduler.o
 .debug_info    0x00004574      0x191 build/memory.o
 .debug_info    0x00004705       0x86 build/idle.o
 .debug_info    0x0000478b      0x215 build/dispatcher.o
 .debug_info    0x000049a0      0x4db build/gpio.o
 .debug_info    0x00004e7b      0x62f build/uart.o
 .debug_info    0x000054aa      0x25b build/demo_tasks.o
 .debug_info    0x00005705      0x97c build/debug.o
 .debug_info    0x00006081       0x30 build/startup_stm32f103xb.o
 .debug_info    0x000060b1       0xe5 /usr/lib/gcc/arm-none-eabi/16.2.0/../../../../arm-none-eabi/lib/thumb/v7-m/nofp/libc_nano.a(libc_a-memset.o)
 .debug_info    0x00006196      0x110 /usr/lib/gcc/arm-none-eabi/16.2.0/../../../../arm-none-eabi/lib/thumb/v7-m/nofp/libc_nano.a(libc_a-init.o)

.debug_abbrev   0x00000000     0x1e15
 .debug_abbrev  0x00000000      0x209 build/main.o
 .debug_abbrev  0x00000209       0x80 build/stm32f1xx_it.o
 .debug_abbrev  0x00000289      0x1d5 build/stm32f1xx_hal_msp.o
 .debug_abbrev  0x0000045e      0x232 build/stm32f1xx_hal.o
 .debug_abbrev  0x00000690      0x2d6 build/stm32f1xx_hal_rcc.o
 .debug_abbrev  0x00000966      0x3aa build/stm32f1xx_hal_cortex.o
 .debug_abbrev  0x00000d10      0x140 build/system_stm32f1xx.o
 .debug_abbrev  0x00000e50      0x189 build/kernel.o
 .debug_abbrev  0x00000fd9      0x2ae build/task.o
 .debug_abbrev  0x00001287      0x157 build/scheduler.o
 .debug_abbrev  0x000013de       0xd3 build/memory.o
 .debug_abbrev  0x000014b1       0x46 build/idle.o
 .debug_abbrev  0x000014f7      0x102 build/dispatcher.o
 .debug_abbrev  0x000015f9      0x1c6 build/gpio.o
 .debug_abbrev  0x000017bf      0x204 build/uart.o
 .debug_abbrev  0x000019c3       0xf4 build/demo_tasks.o
 .debug_abbrev  0x00001ab7      0x1ce build/debug.o
 .debug_abbrev  0x00001c85       0x1d build/startup_stm32f103xb.o
 .debug_abbrev  0x00001ca2       0xa4 /usr/lib/gcc/arm-none-eabi/16.2.0/../../../../arm-none-eabi/lib/thumb/v7-m/nofp/libc_nano.a(libc_a-memset.o)
 .debug_abbrev  0x00001d46       0xcf /usr/lib/gcc/arm-none-eabi/16.2.0/../../../../arm-none-eabi/lib/thumb/v7-m/nofp/libc_nano.a(libc_a-init.o)

.debug_loc      0x00000000     0x2860
 .debug_loc     0x00000000       0x72 build/main.o
 .debug_loc     0x00000072       0x20 build/stm32f1xx_it.o
 .debug_loc     0x00000092      0x141 build/stm32f1xx_hal_msp.o
 .debug_loc     0x000001d3      0x1e3 build/stm32f1xx_hal.o
 .debug_loc     0x000003b6      0x753 build/stm32f1xx_hal_rcc.o
 .debug_loc     0x00000b09      0x84b build/stm32f1xx_hal_cortex.o
 .debug_loc     0x00001354      0x11b build/system_stm32f1xx.o
 .debug_loc     0x0000146f       0x7c build/kernel.o
 .debug_loc     0x000014eb      0x56c build/task.o
 .debug_loc     0x00001a57       0x79 build/scheduler.o
 .debug_loc     0x00001ad0       0x4e build/memory.o
 .debug_loc     0x00001b1e       0x5b build/dispatcher.o
 .debug_loc     0x00001b79      0x214 build/gpio.o
 .debug_loc     0x00001d8d      0x339 build/uart.o
 .debug_loc     0x000020c6       0xa0 build/demo_tasks.o
 .debug_loc     0x00002166      0x6fa build/debug.o

.debug_aranges  0x00000000      0x6a0
 .debug_aranges
                0x00000000       0x30 build/main.o
 .debug_aranges
                0x00000030       0x60 build/stm32f1xx_it.o
 .debug_aranges
                0x00000090       0x30 build/stm32f1xx_hal_msp.o
 .debug_aranges
                0x000000c0       0xe0 build/stm32f1xx_hal.o
 .debug_aranges
                0x000001a0       0x90 build/stm32f1xx_hal_rcc.o
 .debug_aranges
                0x00000230       0xc0 build/stm32f1xx_hal_cortex.o
 .debug_aranges
                0x000002f0       0x28 build/system_stm32f1xx.o
 .debug_aranges
                0x00000318       0x30 build/kernel.o
 .debug_aranges
                0x00000348       0x90 build/task.o
 .debug_aranges
                0x000003d8       0x30 build/scheduler.o
 .debug_aranges
                0x00000408       0x30 build/memory.o
 .debug_aranges
                0x00000438       0x20 build/idle.o
 .debug_aranges
                0x00000458       0x20 build/dispatcher.o
 .debug_aranges
                0x00000478       0x70 build/gpio.o
 .debug_aranges
                0x000004e8       0x68 build/uart.o
 .debug_aranges
                0x00000550       0x40 build/demo_tasks.o
 .debug_aranges
                0x00000590       0xa8 build/debug.o
 .debug_aranges
                0x00000638       0x28 build/startup_stm32f103xb.o
 .debug_aranges
                0x00000660       0x20 /usr/lib/gcc/arm-none-eabi/16.2.0/../../../../arm-none-eabi/lib/thumb/v7-m/nofp/libc_nano.a(libc_a-memset.o)
 .debug_aranges
                0x00000680       0x20 /usr/lib/gcc/arm-none-eabi/16.2.0/../../../../arm-none-eabi/lib/thumb/v7-m/nofp/libc_nano.a(libc_a-init.o)

.debug_ranges   0x00000000      0x5b0
 .debug_ranges  0x00000000       0x20 build/main.o
 .debug_ranges  0x00000020       0x50 build/stm32f1xx_it.o
 .debug_ranges  0x00000070       0x20 build/stm32f1xx_hal_msp.o
 .debug_ranges  0x00000090       0xd0 build/stm32f1xx_hal.o
 .debug_ranges  0x00000160       0xa0 build/stm32f1xx_hal_rcc.o
 .debug_ranges  0x00000200       0xb0 build/stm32f1xx_hal_cortex.o
 .debug_ranges  0x000002b0       0x18 build/system_stm32f1xx.o
 .debug_ranges  0x000002c8       0x20 build/kernel.o
 .debug_ranges  0x000002e8       0xb0 build/task.o
 .debug_ranges  0x00000398       0x20 build/scheduler.o
 .debug_ranges  0x000003b8       0x20 build/memory.o
 .debug_ranges  0x000003d8       0x10 build/idle.o
 .debug_ranges  0x000003e8       0x10 build/dispatcher.o
 .debug_ranges  0x000003f8       0x60 build/gpio.o
 .debug_ranges  0x00000458       0x58 build/uart.o
 .debug_ranges  0x000004b0       0x30 build/demo_tasks.o
 .debug_ranges  0x000004e0       0xb0 build/debug.o
 .debug_ranges  0x00000590       0x20 build/startup_stm32f103xb.o

.debug_line     0x00000000     0x3ce4
 .debug_line    0x00000000      0x308 build/main.o
 .debug_line    0x00000308      0x13d build/stm32f1xx_it.o
 .debug_line    0x00000445      0x229 build/stm32f1xx_hal_msp.o
 .debug_line    0x0000066e      0x4b1 build/stm32f1xx_hal.o
 .debug_line    0x00000b1f      0xcae build/stm32f1xx_hal_rcc.o
 .debug_line    0x000017cd      0x638 build/stm32f1xx_hal_cortex.o
 .debug_line    0x00001e05      0x1cd build/system_stm32f1xx.o
 .debug_line    0x00001fd2      0x16e build/kernel.o
 .debug_line    0x00002140      0x6e8 build/task.o
 .debug_line    0x00002828      0x18b build/scheduler.o
 .debug_line    0x000029b3      0x119 build/memory.o
 .debug_line    0x00002acc       0x49 build/idle.o
 .debug_line    0x00002b15       0xfa build/dispatcher.o
 .debug_line    0x00002c0f      0x3d5 build/gpio.o
 .debug_line    0x00002fe4      0x551 build/uart.o
 .debug_line    0x00003535      0x164 build/demo_tasks.o
 .debug_line    0x00003699      0x396 build/debug.o
 .debug_line    0x00003a2f       0x71 build/startup_stm32f103xb.o
 .debug_line    0x00003aa0      0x12e /usr/lib/gcc/arm-none-eabi/16.2.0/../../../../arm-none-eabi/lib/thumb/v7-m/nofp/libc_nano.a(libc_a-memset.o)
 .debug_line    0x00003bce      0x116 /usr/lib/gcc/arm-none-eabi/16.2.0/../../../../arm-none-eabi/lib/thumb/v7-m/nofp/libc_nano.a(libc_a-init.o)

.debug_str      0x00000000     0x1f08
 .debug_str     0x00000000     0x1f08 build/main.o
                                0x482 (size before relaxing)
 .debug_str     0x00001f08        0x0 build/stm32f1xx_it.o
                                0x20e (size before relaxing)
 .debug_str     0x00001f08        0x0 build/stm32f1xx_hal_msp.o
                                0x690 (size before relaxing)
 .debug_str     0x00001f08        0x0 build/stm32f1xx_hal.o
                                0x81a (size before relaxing)
 .debug_str     0x00001f08        0x0 build/stm32f1xx_hal_rcc.o
                                0x617 (size before relaxing)
 .debug_str     0x00001f08        0x0 build/stm32f1xx_hal_cortex.o
                                0x8bf (size before relaxing)
 .debug_str     0x00001f08        0x0 build/system_stm32f1xx.o
                                0x240 (size before relaxing)
 .debug_str     0x00001f08        0x0 build/kernel.o
                                0x3d8 (size before relaxing)
 .debug_str     0x00001f08        0x0 build/task.o
                                0x4b2 (size before relaxing)
 .debug_str     0x00001f08        0x0 build/scheduler.o
                                0x2d9 (size before relaxing)
 .debug_str     0x00001f08        0x0 build/memory.o
                                0x275 (size before relaxing)
 .debug_str     0x00001f08        0x0 build/idle.o
                                0x16f (size before relaxing)
 .debug_str     0x00001f08        0x0 build/dispatcher.o
                                0x269 (size before relaxing)
 .debug_str     0x00001f08        0x0 build/gpio.o
                                0x315 (size before relaxing)
 .debug_str     0x00001f08        0x0 build/uart.o
                                0x3a3 (size before relaxing)
 .debug_str     0x00001f08        0x0 build/demo_tasks.o
                                0x1cf (size before relaxing)
 .debug_str     0x00001f08        0x0 build/debug.o
                                0x373 (size before relaxing)
 .debug_str     0x00001f08        0x0 build/startup_stm32f103xb.o
                                 0x7e (size before relaxing)
 .debug_str     0x00001f08        0x0 /usr/lib/gcc/arm-none-eabi/16.2.0/../../../../arm-none-eabi/lib/thumb/v7-m/nofp/libc_nano.a(libc_a-memset.o)
                                0x1b7 (size before relaxing)
 .debug_str     0x00001f08        0x0 /usr/lib/gcc/arm-none-eabi/16.2.0/../../../../arm-none-eabi/lib/thumb/v7-m/nofp/libc_nano.a(libc_a-init.o)
                                0x218 (size before relaxing)

.debug_frame    0x00000000      0xd48
 .debug_frame   0x00000000       0x58 build/main.o
 .debug_frame   0x00000058       0xa8 build/stm32f1xx_it.o
 .debug_frame   0x00000100       0x60 build/stm32f1xx_hal_msp.o
 .debug_frame   0x00000160      0x1cc build/stm32f1xx_hal.o
 .debug_frame   0x0000032c      0x170 build/stm32f1xx_hal_rcc.o
 .debug_frame   0x0000049c      0x19c build/stm32f1xx_hal_cortex.o
 .debug_frame   0x00000638       0x30 build/system_stm32f1xx.o
 .debug_frame   0x00000668       0x50 build/kernel.o
 .debug_frame   0x000006b8      0x148 build/task.o
 .debug_frame   0x00000800       0x48 build/scheduler.o
 .debug_frame   0x00000848       0x40 build/memory.o
 .debug_frame   0x00000888       0x20 build/idle.o
 .debug_frame   0x000008a8       0x2c build/dispatcher.o
 .debug_frame   0x000008d4       0xe0 build/gpio.o
 .debug_frame   0x000009b4       0xcc build/uart.o
 .debug_frame   0x00000a80       0x88 build/demo_tasks.o
 .debug_frame   0x00000b08      0x1f4 build/debug.o
 .debug_frame   0x00000cfc       0x20 /usr/lib/gcc/arm-none-eabi/16.2.0/../../../../arm-none-eabi/lib/thumb/v7-m/nofp/libc_nano.a(libc_a-memset.o)
 .debug_frame   0x00000d1c       0x2c /usr/lib/gcc/arm-none-eabi/16.2.0/../../../../arm-none-eabi/lib/thumb/v7-m/nofp/libc_nano.a(libc_a-init.o)

.debug_loclists
                0x00000000       0x83
 .debug_loclists
                0x00000000       0x3b /usr/lib/gcc/arm-none-eabi/16.2.0/../../../../arm-none-eabi/lib/thumb/v7-m/nofp/libc_nano.a(libc_a-memset.o)
 .debug_loclists
                0x0000003b       0x48 /usr/lib/gcc/arm-none-eabi/16.2.0/../../../../arm-none-eabi/lib/thumb/v7-m/nofp/libc_nano.a(libc_a-init.o)

.debug_rnglists
                0x00000000       0x26
 .debug_rnglists
                0x00000000       0x13 /usr/lib/gcc/arm-none-eabi/16.2.0/../../../../arm-none-eabi/lib/thumb/v7-m/nofp/libc_nano.a(libc_a-memset.o)
 .debug_rnglists
                0x00000013       0x13 /usr/lib/gcc/arm-none-eabi/16.2.0/../../../../arm-none-eabi/lib/thumb/v7-m/nofp/libc_nano.a(libc_a-init.o)

Cross Reference Table

Symbol                                            File
ADC1_2_IRQHandler                                 build/startup_stm32f103xb.o
AHBPrescTable                                     build/system_stm32f1xx.o
                                                  build/stm32f1xx_hal_rcc.o
APBPrescTable                                     build/system_stm32f1xx.o
                                                  build/stm32f1xx_hal_rcc.o
BusFault_Handler                                  build/stm32f1xx_it.o
CAN1_RX1_IRQHandler                               build/startup_stm32f103xb.o
CAN1_SCE_IRQHandler                               build/startup_stm32f103xb.o
DMA1_Channel1_IRQHandler                          build/startup_stm32f103xb.o
DMA1_Channel2_IRQHandler                          build/startup_stm32f103xb.o
DMA1_Channel3_IRQHandler                          build/startup_stm32f103xb.o
DMA1_Channel4_IRQHandler                          build/startup_stm32f103xb.o
DMA1_Channel5_IRQHandler                          build/startup_stm32f103xb.o
DMA1_Channel6_IRQHandler                          build/startup_stm32f103xb.o
DMA1_Channel7_IRQHandler                          build/startup_stm32f103xb.o
DebugMon_Handler                                  build/stm32f1xx_it.o
Debug_Edge_Idle_Task                              build/debug.o
                                                  build/task.o
Debug_Edge_Invalid_Allocation                     build/debug.o
                                                  build/task.o
Debug_Edge_Invalid_Resume                         build/debug.o
                                                  build/task.o
Debug_Edge_No_Tasks                               build/debug.o
                                                  build/task.o
Debug_Edge_Not_Initialized                        build/debug.o
                                                  build/task.o
Debug_Edge_Null_Task                              build/debug.o
                                                  build/task.o
Debug_Init                                        build/debug.o
Debug_Print                                       build/debug.o
                                                  build/kernel.o
Debug_Scheduler_Null                              build/debug.o
                                                  build/kernel.o
Debug_Task_Blocked                                build/debug.o
                                                  build/task.o
Debug_Task_Created                                build/debug.o
                                                  build/task.o
Debug_Task_Finished                               build/debug.o
                                                  build/dispatcher.o
Debug_Task_Ready                                  build/debug.o
                                                  build/task.o
Debug_Task_Running                                build/debug.o
                                                  build/dispatcher.o
Debug_Task_Scheduled                              build/debug.o
                                                  build/kernel.o
Debug_Task_Terminated                             build/debug.o
                                                  build/task.o
Default_Handler                                   build/startup_stm32f103xb.o
Dispatcher_Run                                    build/dispatcher.o
                                                  build/kernel.o
EXTI0_IRQHandler                                  build/startup_stm32f103xb.o
EXTI15_10_IRQHandler                              build/startup_stm32f103xb.o
EXTI1_IRQHandler                                  build/startup_stm32f103xb.o
EXTI2_IRQHandler                                  build/startup_stm32f103xb.o
EXTI3_IRQHandler                                  build/startup_stm32f103xb.o
EXTI4_IRQHandler                                  build/startup_stm32f103xb.o
EXTI9_5_IRQHandler                                build/startup_stm32f103xb.o
Error_Handler                                     build/main.o
FLASH_IRQHandler                                  build/startup_stm32f103xb.o
FLASH_PageErase                                   build/stm32f1xx_hal_flash_ex.o
                                                  build/stm32f1xx_hal_flash.o
FLASH_WaitForLastOperation                        build/stm32f1xx_hal_flash.o
                                                  build/stm32f1xx_hal_flash_ex.o
Free_Stack_Empty                                  build/task.o
Free_Stack_Init                                   build/task.o
Free_Stack_Pop                                    build/task.o
Free_Stack_Push                                   build/task.o
Free_Stack_Top                                    build/task.o
GPIO_ClockControl                                 build/gpio.o
GPIO_DeInit                                       build/gpio.o
GPIO_INIT                                         build/gpio.o
                                                  build/main.o
GPIO_Init                                         build/gpio.o
GPIO_OFF                                          build/gpio.o
GPIO_ON                                           build/gpio.o
GPIO_READ                                         build/gpio.o
GPIO_ReadPin                                      build/gpio.o
GPIO_TOGGLE                                       build/gpio.o
GPIO_TogglePin                                    build/gpio.o
GPIO_WritePin                                     build/gpio.o
HAL_DBGMCU_DisableDBGSleepMode                    build/stm32f1xx_hal.o
HAL_DBGMCU_DisableDBGStandbyMode                  build/stm32f1xx_hal.o
HAL_DBGMCU_DisableDBGStopMode                     build/stm32f1xx_hal.o
HAL_DBGMCU_EnableDBGSleepMode                     build/stm32f1xx_hal.o
HAL_DBGMCU_EnableDBGStandbyMode                   build/stm32f1xx_hal.o
HAL_DBGMCU_EnableDBGStopMode                      build/stm32f1xx_hal.o
HAL_DMA_Abort                                     build/stm32f1xx_hal_dma.o
                                                  build/stm32f1xx_hal_uart.o
HAL_DMA_Abort_IT                                  build/stm32f1xx_hal_dma.o
                                                  build/stm32f1xx_hal_uart.o
HAL_DMA_DeInit                                    build/stm32f1xx_hal_dma.o
HAL_DMA_GetError                                  build/stm32f1xx_hal_dma.o
                                                  build/stm32f1xx_hal_uart.o
HAL_DMA_GetState                                  build/stm32f1xx_hal_dma.o
HAL_DMA_IRQHandler                                build/stm32f1xx_hal_dma.o
HAL_DMA_Init                                      build/stm32f1xx_hal_dma.o
HAL_DMA_PollForTransfer                           build/stm32f1xx_hal_dma.o
HAL_DMA_RegisterCallback                          build/stm32f1xx_hal_dma.o
HAL_DMA_Start                                     build/stm32f1xx_hal_dma.o
HAL_DMA_Start_IT                                  build/stm32f1xx_hal_dma.o
                                                  build/stm32f1xx_hal_uart.o
HAL_DMA_UnRegisterCallback                        build/stm32f1xx_hal_dma.o
HAL_DeInit                                        build/stm32f1xx_hal.o
HAL_Delay                                         build/stm32f1xx_hal.o
HAL_EXTI_ClearConfigLine                          build/stm32f1xx_hal_exti.o
HAL_EXTI_ClearPending                             build/stm32f1xx_hal_exti.o
HAL_EXTI_GenerateSWI                              build/stm32f1xx_hal_exti.o
HAL_EXTI_GetConfigLine                            build/stm32f1xx_hal_exti.o
HAL_EXTI_GetHandle                                build/stm32f1xx_hal_exti.o
HAL_EXTI_GetPending                               build/stm32f1xx_hal_exti.o
HAL_EXTI_IRQHandler                               build/stm32f1xx_hal_exti.o
HAL_EXTI_RegisterCallback                         build/stm32f1xx_hal_exti.o
HAL_EXTI_SetConfigLine                            build/stm32f1xx_hal_exti.o
HAL_FLASHEx_Erase                                 build/stm32f1xx_hal_flash_ex.o
HAL_FLASHEx_Erase_IT                              build/stm32f1xx_hal_flash_ex.o
HAL_FLASHEx_OBErase                               build/stm32f1xx_hal_flash_ex.o
HAL_FLASHEx_OBGetConfig                           build/stm32f1xx_hal_flash_ex.o
HAL_FLASHEx_OBGetUserData                         build/stm32f1xx_hal_flash_ex.o
HAL_FLASHEx_OBProgram                             build/stm32f1xx_hal_flash_ex.o
HAL_FLASH_EndOfOperationCallback                  build/stm32f1xx_hal_flash.o
HAL_FLASH_GetError                                build/stm32f1xx_hal_flash.o
HAL_FLASH_IRQHandler                              build/stm32f1xx_hal_flash.o
HAL_FLASH_Lock                                    build/stm32f1xx_hal_flash.o
HAL_FLASH_OB_Launch                               build/stm32f1xx_hal_flash.o
HAL_FLASH_OB_Lock                                 build/stm32f1xx_hal_flash.o
HAL_FLASH_OB_Unlock                               build/stm32f1xx_hal_flash.o
HAL_FLASH_OperationErrorCallback                  build/stm32f1xx_hal_flash.o
HAL_FLASH_Program                                 build/stm32f1xx_hal_flash.o
HAL_FLASH_Program_IT                              build/stm32f1xx_hal_flash.o
HAL_FLASH_Unlock                                  build/stm32f1xx_hal_flash.o
HAL_GPIOEx_ConfigEventout                         build/stm32f1xx_hal_gpio_ex.o
HAL_GPIOEx_DisableEventout                        build/stm32f1xx_hal_gpio_ex.o
HAL_GPIOEx_EnableEventout                         build/stm32f1xx_hal_gpio_ex.o
HAL_GPIO_DeInit                                   build/stm32f1xx_hal_gpio.o
                                                  build/stm32f1xx_hal_msp.o
HAL_GPIO_EXTI_Callback                            build/stm32f1xx_hal_gpio.o
HAL_GPIO_EXTI_IRQHandler                          build/stm32f1xx_hal_gpio.o
HAL_GPIO_Init                                     build/stm32f1xx_hal_gpio.o
                                                  build/stm32f1xx_hal_rcc.o
                                                  build/stm32f1xx_hal_msp.o
HAL_GPIO_LockPin                                  build/stm32f1xx_hal_gpio.o
HAL_GPIO_ReadPin                                  build/stm32f1xx_hal_gpio.o
HAL_GPIO_TogglePin                                build/stm32f1xx_hal_gpio.o
HAL_GPIO_WritePin                                 build/stm32f1xx_hal_gpio.o
HAL_GetDEVID                                      build/stm32f1xx_hal.o
HAL_GetHalVersion                                 build/stm32f1xx_hal.o
HAL_GetREVID                                      build/stm32f1xx_hal.o
HAL_GetTick                                       build/stm32f1xx_hal.o
                                                  build/stm32f1xx_hal_flash.o
                                                  build/stm32f1xx_hal_dma.o
                                                  build/stm32f1xx_hal_rcc_ex.o
                                                  build/stm32f1xx_hal_rcc.o
                                                  build/stm32f1xx_hal_uart.o
HAL_GetTickFreq                                   build/stm32f1xx_hal.o
HAL_GetTickPrio                                   build/stm32f1xx_hal.o
HAL_GetUIDw0                                      build/stm32f1xx_hal.o
HAL_GetUIDw1                                      build/stm32f1xx_hal.o
HAL_GetUIDw2                                      build/stm32f1xx_hal.o
HAL_HalfDuplex_EnableReceiver                     build/stm32f1xx_hal_uart.o
HAL_HalfDuplex_EnableTransmitter                  build/stm32f1xx_hal_uart.o
HAL_HalfDuplex_Init                               build/stm32f1xx_hal_uart.o
HAL_IncTick                                       build/stm32f1xx_hal.o
                                                  build/stm32f1xx_it.o
HAL_Init                                          build/stm32f1xx_hal.o
                                                  build/main.o
HAL_InitTick                                      build/stm32f1xx_hal.o
                                                  build/stm32f1xx_hal_rcc.o
HAL_LIN_Init                                      build/stm32f1xx_hal_uart.o
HAL_LIN_SendBreak                                 build/stm32f1xx_hal_uart.o
HAL_MspDeInit                                     build/stm32f1xx_hal.o
HAL_MspInit                                       build/stm32f1xx_hal_msp.o
HAL_MultiProcessor_EnterMuteMode                  build/stm32f1xx_hal_uart.o
HAL_MultiProcessor_ExitMuteMode                   build/stm32f1xx_hal_uart.o
HAL_MultiProcessor_Init                           build/stm32f1xx_hal_uart.o
HAL_NVIC_ClearPendingIRQ                          build/stm32f1xx_hal_cortex.o
HAL_NVIC_DisableIRQ                               build/stm32f1xx_hal_cortex.o
HAL_NVIC_EnableIRQ                                build/stm32f1xx_hal_cortex.o
HAL_NVIC_GetActive                                build/stm32f1xx_hal_cortex.o
HAL_NVIC_GetPendingIRQ                            build/stm32f1xx_hal_cortex.o
HAL_NVIC_GetPriority                              build/stm32f1xx_hal_cortex.o
HAL_NVIC_GetPriorityGrouping                      build/stm32f1xx_hal_cortex.o
HAL_NVIC_SetPendingIRQ                            build/stm32f1xx_hal_cortex.o
HAL_NVIC_SetPriority                              build/stm32f1xx_hal_cortex.o
                                                  build/stm32f1xx_hal.o
HAL_NVIC_SetPriorityGrouping                      build/stm32f1xx_hal_cortex.o
                                                  build/stm32f1xx_hal.o
HAL_NVIC_SystemReset                              build/stm32f1xx_hal_cortex.o
                                                  build/stm32f1xx_hal_flash.o
HAL_PWR_ConfigPVD                                 build/stm32f1xx_hal_pwr.o
HAL_PWR_DeInit                                    build/stm32f1xx_hal_pwr.o
HAL_PWR_DisableBkUpAccess                         build/stm32f1xx_hal_pwr.o
HAL_PWR_DisablePVD                                build/stm32f1xx_hal_pwr.o
HAL_PWR_DisableSEVOnPend                          build/stm32f1xx_hal_pwr.o
HAL_PWR_DisableSleepOnExit                        build/stm32f1xx_hal_pwr.o
HAL_PWR_DisableWakeUpPin                          build/stm32f1xx_hal_pwr.o
HAL_PWR_EnableBkUpAccess                          build/stm32f1xx_hal_pwr.o
HAL_PWR_EnablePVD                                 build/stm32f1xx_hal_pwr.o
HAL_PWR_EnableSEVOnPend                           build/stm32f1xx_hal_pwr.o
HAL_PWR_EnableSleepOnExit                         build/stm32f1xx_hal_pwr.o
HAL_PWR_EnableWakeUpPin                           build/stm32f1xx_hal_pwr.o
HAL_PWR_EnterSLEEPMode                            build/stm32f1xx_hal_pwr.o
HAL_PWR_EnterSTANDBYMode                          build/stm32f1xx_hal_pwr.o
HAL_PWR_EnterSTOPMode                             build/stm32f1xx_hal_pwr.o
HAL_PWR_PVDCallback                               build/stm32f1xx_hal_pwr.o
HAL_PWR_PVD_IRQHandler                            build/stm32f1xx_hal_pwr.o
HAL_RCCEx_GetPeriphCLKConfig                      build/stm32f1xx_hal_rcc_ex.o
HAL_RCCEx_GetPeriphCLKFreq                        build/stm32f1xx_hal_rcc_ex.o
HAL_RCCEx_PeriphCLKConfig                         build/stm32f1xx_hal_rcc_ex.o
HAL_RCC_CSSCallback                               build/stm32f1xx_hal_rcc.o
HAL_RCC_ClockConfig                               build/stm32f1xx_hal_rcc.o
                                                  build/main.o
HAL_RCC_DeInit                                    build/stm32f1xx_hal_rcc.o
HAL_RCC_DisableCSS                                build/stm32f1xx_hal_rcc.o
HAL_RCC_EnableCSS                                 build/stm32f1xx_hal_rcc.o
HAL_RCC_GetClockConfig                            build/stm32f1xx_hal_rcc.o
HAL_RCC_GetHCLKFreq                               build/stm32f1xx_hal_rcc.o
HAL_RCC_GetOscConfig                              build/stm32f1xx_hal_rcc.o
HAL_RCC_GetPCLK1Freq                              build/stm32f1xx_hal_rcc.o
                                                  build/stm32f1xx_hal_uart.o
HAL_RCC_GetPCLK2Freq                              build/stm32f1xx_hal_rcc.o
                                                  build/stm32f1xx_hal_rcc_ex.o
                                                  build/stm32f1xx_hal_uart.o
HAL_RCC_GetSysClockFreq                           build/stm32f1xx_hal_rcc.o
HAL_RCC_MCOConfig                                 build/stm32f1xx_hal_rcc.o
HAL_RCC_NMI_IRQHandler                            build/stm32f1xx_hal_rcc.o
HAL_RCC_OscConfig                                 build/stm32f1xx_hal_rcc.o
                                                  build/main.o
HAL_ResumeTick                                    build/stm32f1xx_hal.o
HAL_SYSTICK_CLKSourceConfig                       build/stm32f1xx_hal_cortex.o
HAL_SYSTICK_Callback                              build/stm32f1xx_hal_cortex.o
HAL_SYSTICK_Config                                build/stm32f1xx_hal_cortex.o
                                                  build/stm32f1xx_hal.o
HAL_SYSTICK_IRQHandler                            build/stm32f1xx_hal_cortex.o
HAL_SetTickFreq                                   build/stm32f1xx_hal.o
HAL_SuspendTick                                   build/stm32f1xx_hal.o
HAL_UARTEx_GetRxEventType                         build/stm32f1xx_hal_uart.o
HAL_UARTEx_ReceiveToIdle                          build/stm32f1xx_hal_uart.o
HAL_UARTEx_ReceiveToIdle_DMA                      build/stm32f1xx_hal_uart.o
HAL_UARTEx_ReceiveToIdle_IT                       build/stm32f1xx_hal_uart.o
HAL_UARTEx_RxEventCallback                        build/stm32f1xx_hal_uart.o
HAL_UART_Abort                                    build/stm32f1xx_hal_uart.o
HAL_UART_AbortCpltCallback                        build/stm32f1xx_hal_uart.o
HAL_UART_AbortReceive                             build/stm32f1xx_hal_uart.o
HAL_UART_AbortReceiveCpltCallback                 build/stm32f1xx_hal_uart.o
HAL_UART_AbortReceive_IT                          build/stm32f1xx_hal_uart.o
HAL_UART_AbortTransmit                            build/stm32f1xx_hal_uart.o
HAL_UART_AbortTransmitCpltCallback                build/stm32f1xx_hal_uart.o
HAL_UART_AbortTransmit_IT                         build/stm32f1xx_hal_uart.o
HAL_UART_Abort_IT                                 build/stm32f1xx_hal_uart.o
HAL_UART_DMAPause                                 build/stm32f1xx_hal_uart.o
HAL_UART_DMAResume                                build/stm32f1xx_hal_uart.o
HAL_UART_DMAStop                                  build/stm32f1xx_hal_uart.o
HAL_UART_DeInit                                   build/stm32f1xx_hal_uart.o
HAL_UART_ErrorCallback                            build/stm32f1xx_hal_uart.o
HAL_UART_GetError                                 build/stm32f1xx_hal_uart.o
HAL_UART_GetState                                 build/stm32f1xx_hal_uart.o
HAL_UART_IRQHandler                               build/stm32f1xx_hal_uart.o
HAL_UART_Init                                     build/stm32f1xx_hal_uart.o
HAL_UART_MspDeInit                                build/stm32f1xx_hal_msp.o
HAL_UART_MspInit                                  build/stm32f1xx_hal_msp.o
HAL_UART_Receive                                  build/stm32f1xx_hal_uart.o
HAL_UART_Receive_DMA                              build/stm32f1xx_hal_uart.o
HAL_UART_Receive_IT                               build/stm32f1xx_hal_uart.o
HAL_UART_RxCpltCallback                           build/stm32f1xx_hal_uart.o
HAL_UART_RxHalfCpltCallback                       build/stm32f1xx_hal_uart.o
HAL_UART_Transmit                                 build/stm32f1xx_hal_uart.o
HAL_UART_Transmit_DMA                             build/stm32f1xx_hal_uart.o
HAL_UART_Transmit_IT                              build/stm32f1xx_hal_uart.o
HAL_UART_TxCpltCallback                           build/stm32f1xx_hal_uart.o
HAL_UART_TxHalfCpltCallback                       build/stm32f1xx_hal_uart.o
HardFault_Handler                                 build/stm32f1xx_it.o
I2C1_ER_IRQHandler                                build/startup_stm32f103xb.o
I2C1_EV_IRQHandler                                build/startup_stm32f103xb.o
I2C2_ER_IRQHandler                                build/startup_stm32f103xb.o
I2C2_EV_IRQHandler                                build/startup_stm32f103xb.o
Idle_Function                                     build/idle.o
                                                  build/task.o
Kernel_Init                                       build/kernel.o
                                                  build/main.o
Kernel_Start                                      build/kernel.o
                                                  build/main.o
Kernel_Tick                                       build/kernel.o
MemManage_Handler                                 build/stm32f1xx_it.o
Mem_Init                                          build/memory.o
                                                  build/kernel.o
Mem_Stack_Base                                    build/memory.o
                                                  build/task.o
Mem_Stack_Size_Words                              build/memory.o
                                                  build/task.o
NMI_Handler                                       build/stm32f1xx_it.o
PVD_IRQHandler                                    build/startup_stm32f103xb.o
PendSV_Handler                                    build/stm32f1xx_it.o
RCC_IRQHandler                                    build/startup_stm32f103xb.o
RTC_Alarm_IRQHandler                              build/startup_stm32f103xb.o
RTC_IRQHandler                                    build/startup_stm32f103xb.o
Reset_Handler                                     build/startup_stm32f103xb.o
SPI1_IRQHandler                                   build/startup_stm32f103xb.o
SPI2_IRQHandler                                   build/startup_stm32f103xb.o
SVC_Handler                                       build/stm32f1xx_it.o
Scheduler_Init                                    build/scheduler.o
                                                  build/kernel.o
Scheduler_Select_Next                             build/scheduler.o
                                                  build/kernel.o
Scheduler_Set_Current                             build/scheduler.o
                                                  build/kernel.o
SysTick_Handler                                   build/stm32f1xx_it.o
SystemClock_Config                                build/main.o
SystemCoreClock                                   build/system_stm32f1xx.o
                                                  build/stm32f1xx_hal_rcc.o
                                                  build/stm32f1xx_hal.o
SystemCoreClockUpdate                             build/system_stm32f1xx.o
SystemInit                                        build/system_stm32f1xx.o
                                                  build/startup_stm32f103xb.o
TAMPER_IRQHandler                                 build/startup_stm32f103xb.o
TASK_A                                            build/demo_tasks.o
                                                  build/main.o
TASK_B                                            build/demo_tasks.o
                                                  build/main.o
TASK_C                                            build/demo_tasks.o
                                                  build/main.o
TASK_D                                            build/demo_tasks.o
                                                  build/main.o
TASK_E                                            build/demo_tasks.o
                                                  build/main.o
TIM1_BRK_IRQHandler                               build/startup_stm32f103xb.o
TIM1_CC_IRQHandler                                build/startup_stm32f103xb.o
TIM1_TRG_COM_IRQHandler                           build/startup_stm32f103xb.o
TIM1_UP_IRQHandler                                build/startup_stm32f103xb.o
TIM2_IRQHandler                                   build/startup_stm32f103xb.o
TIM3_IRQHandler                                   build/startup_stm32f103xb.o
TIM4_IRQHandler                                   build/startup_stm32f103xb.o
Task_Create                                       build/task.o
                                                  build/main.o
Task_Exit_Handler                                 build/task.o
Task_Get_Current                                  build/task.o
                                                  build/scheduler.o
                                                  build/kernel.o
Task_Get_Idle                                     build/task.o
                                                  build/scheduler.o
                                                  build/kernel.o
Task_Init                                         build/task.o
                                                  build/kernel.o
Task_Is_Initialized                               build/task.o
                                                  build/scheduler.o
Task_Resume                                       build/task.o
Task_Set_Current                                  build/task.o
                                                  build/kernel.o
Task_Suspend                                      build/task.o
Task_Terminate                                    build/task.o
                                                  build/kernel.o
UART_Start_Receive_DMA                            build/stm32f1xx_hal_uart.o
UART_Start_Receive_IT                             build/stm32f1xx_hal_uart.o
USART1_IRQHandler                                 build/startup_stm32f103xb.o
USART2_IRQHandler                                 build/startup_stm32f103xb.o
USART3_IRQHandler                                 build/startup_stm32f103xb.o
USART_DeInit                                      build/uart.o
USART_Init                                        build/uart.o
                                                  build/main.o
USART_PeriClockControl                            build/uart.o
USART_ReceiveChar                                 build/uart.o
USART_ReceiveData                                 build/uart.o
USART_SendChar                                    build/uart.o
USART_SendData                                    build/uart.o
USART_SendString                                  build/uart.o
                                                  build/debug.o
                                                  build/demo_tasks.o
                                                  build/main.o
USART_SetBaudRate                                 build/uart.o
USBWakeUp_IRQHandler                              build/startup_stm32f103xb.o
USB_HP_CAN1_TX_IRQHandler                         build/startup_stm32f103xb.o
USB_LP_CAN1_RX0_IRQHandler                        build/startup_stm32f103xb.o
UsageFault_Handler                                build/stm32f1xx_it.o
WWDG_IRQHandler                                   build/startup_stm32f103xb.o
_Min_Stack_Size                                   build/sysmem.o
__atexit                                          /usr/lib/gcc/arm-none-eabi/16.2.0/../../../../arm-none-eabi/lib/thumb/v7-m/nofp/libc_nano.a(libc_a-__call_atexit.o)
                                                  /usr/lib/gcc/arm-none-eabi/16.2.0/../../../../arm-none-eabi/lib/thumb/v7-m/nofp/libc_nano.a(libc_a-__atexit.o)
__atexit0                                         /usr/lib/gcc/arm-none-eabi/16.2.0/../../../../arm-none-eabi/lib/thumb/v7-m/nofp/libc_nano.a(libc_a-__atexit.o)
__atexit_dummy                                    /usr/lib/gcc/arm-none-eabi/16.2.0/../../../../arm-none-eabi/lib/thumb/v7-m/nofp/libc_nano.a(libc_a-__atexit.o)
__atexit_recursive_mutex                          /usr/lib/gcc/arm-none-eabi/16.2.0/../../../../arm-none-eabi/lib/thumb/v7-m/nofp/libc_nano.a(libc_a-__call_atexit.o)
                                                  /usr/lib/gcc/arm-none-eabi/16.2.0/../../../../arm-none-eabi/lib/thumb/v7-m/nofp/libc_nano.a(libc_a-__atexit.o)
__bss_end__                                       /usr/lib/gcc/arm-none-eabi/16.2.0/../../../../arm-none-eabi/lib/thumb/v7-m/nofp/crt0.o
__bss_start__                                     /usr/lib/gcc/arm-none-eabi/16.2.0/../../../../arm-none-eabi/lib/thumb/v7-m/nofp/crt0.o
__call_exitprocs                                  /usr/lib/gcc/arm-none-eabi/16.2.0/../../../../arm-none-eabi/lib/thumb/v7-m/nofp/libc_nano.a(libc_a-__call_atexit.o)
                                                  /usr/lib/gcc/arm-none-eabi/16.2.0/../../../../arm-none-eabi/lib/thumb/v7-m/nofp/libc_nano.a(libc_a-__atexit.o)
                                                  /usr/lib/gcc/arm-none-eabi/16.2.0/../../../../arm-none-eabi/lib/thumb/v7-m/nofp/libc_nano.a(libc_a-exit.o)
__deregister_frame_info                           /usr/lib/gcc/arm-none-eabi/16.2.0/thumb/v7-m/nofp/crtbegin.o
__dso_handle                                      /usr/lib/gcc/arm-none-eabi/16.2.0/thumb/v7-m/nofp/crtbegin.o
__env                                             build/syscalls.o
__errno                                           /usr/lib/gcc/arm-none-eabi/16.2.0/../../../../arm-none-eabi/lib/thumb/v7-m/nofp/libc_nano.a(libc_a-errno.o)
                                                  build/syscalls.o
                                                  build/sysmem.o
__fini_array_end                                  /usr/lib/gcc/arm-none-eabi/16.2.0/../../../../arm-none-eabi/lib/thumb/v7-m/nofp/libc_nano.a(libc_a-fini.o)
__fini_array_start                                /usr/lib/gcc/arm-none-eabi/16.2.0/../../../../arm-none-eabi/lib/thumb/v7-m/nofp/libc_nano.a(libc_a-fini.o)
__fp_lock_all                                     /usr/lib/gcc/arm-none-eabi/16.2.0/../../../../arm-none-eabi/lib/thumb/v7-m/nofp/libc_nano.a(libc_a-findfp.o)
__fp_unlock_all                                   /usr/lib/gcc/arm-none-eabi/16.2.0/../../../../arm-none-eabi/lib/thumb/v7-m/nofp/libc_nano.a(libc_a-findfp.o)
__init_array_end                                  /usr/lib/gcc/arm-none-eabi/16.2.0/../../../../arm-none-eabi/lib/thumb/v7-m/nofp/libc_nano.a(libc_a-init.o)
__init_array_start                                /usr/lib/gcc/arm-none-eabi/16.2.0/../../../../arm-none-eabi/lib/thumb/v7-m/nofp/libc_nano.a(libc_a-init.o)
__io_getchar                                      build/syscalls.o
__io_putchar                                      build/syscalls.o
__libc_fini_array                                 /usr/lib/gcc/arm-none-eabi/16.2.0/../../../../arm-none-eabi/lib/thumb/v7-m/nofp/libc_nano.a(libc_a-fini.o)
                                                  /usr/lib/gcc/arm-none-eabi/16.2.0/../../../../arm-none-eabi/lib/thumb/v7-m/nofp/crt0.o
__libc_init_array                                 /usr/lib/gcc/arm-none-eabi/16.2.0/../../../../arm-none-eabi/lib/thumb/v7-m/nofp/libc_nano.a(libc_a-init.o)
                                                  build/startup_stm32f103xb.o
                                                  /usr/lib/gcc/arm-none-eabi/16.2.0/../../../../arm-none-eabi/lib/thumb/v7-m/nofp/crt0.o
__lock___arc4random_mutex                         /usr/lib/gcc/arm-none-eabi/16.2.0/../../../../arm-none-eabi/lib/thumb/v7-m/nofp/libc_nano.a(libc_a-lock.o)
__lock___at_quick_exit_mutex                      /usr/lib/gcc/arm-none-eabi/16.2.0/../../../../arm-none-eabi/lib/thumb/v7-m/nofp/libc_nano.a(libc_a-lock.o)
__lock___atexit_recursive_mutex                   /usr/lib/gcc/arm-none-eabi/16.2.0/../../../../arm-none-eabi/lib/thumb/v7-m/nofp/libc_nano.a(libc_a-lock.o)
                                                  /usr/lib/gcc/arm-none-eabi/16.2.0/../../../../arm-none-eabi/lib/thumb/v7-m/nofp/libc_nano.a(libc_a-__call_atexit.o)
__lock___dd_hash_mutex                            /usr/lib/gcc/arm-none-eabi/16.2.0/../../../../arm-none-eabi/lib/thumb/v7-m/nofp/libc_nano.a(libc_a-lock.o)
__lock___env_recursive_mutex                      /usr/lib/gcc/arm-none-eabi/16.2.0/../../../../arm-none-eabi/lib/thumb/v7-m/nofp/libc_nano.a(libc_a-lock.o)
__lock___malloc_recursive_mutex                   /usr/lib/gcc/arm-none-eabi/16.2.0/../../../../arm-none-eabi/lib/thumb/v7-m/nofp/libc_nano.a(libc_a-lock.o)
                                                  /usr/lib/gcc/arm-none-eabi/16.2.0/../../../../arm-none-eabi/lib/thumb/v7-m/nofp/libc_nano.a(libc_a-mlock.o)
__lock___sfp_recursive_mutex                      /usr/lib/gcc/arm-none-eabi/16.2.0/../../../../arm-none-eabi/lib/thumb/v7-m/nofp/libc_nano.a(libc_a-lock.o)
                                                  /usr/lib/gcc/arm-none-eabi/16.2.0/../../../../arm-none-eabi/lib/thumb/v7-m/nofp/libc_nano.a(libc_a-findfp.o)
__lock___tz_mutex                                 /usr/lib/gcc/arm-none-eabi/16.2.0/../../../../arm-none-eabi/lib/thumb/v7-m/nofp/libc_nano.a(libc_a-lock.o)
__malloc_free_list                                /usr/lib/gcc/arm-none-eabi/16.2.0/../../../../arm-none-eabi/lib/thumb/v7-m/nofp/libc_nano.a(libc_a-mallocr.o)
                                                  /usr/lib/gcc/arm-none-eabi/16.2.0/../../../../arm-none-eabi/lib/thumb/v7-m/nofp/libc_nano.a(libc_a-freer.o)
__malloc_lock                                     /usr/lib/gcc/arm-none-eabi/16.2.0/../../../../arm-none-eabi/lib/thumb/v7-m/nofp/libc_nano.a(libc_a-mlock.o)
                                                  /usr/lib/gcc/arm-none-eabi/16.2.0/../../../../arm-none-eabi/lib/thumb/v7-m/nofp/libc_nano.a(libc_a-mallocr.o)
                                                  /usr/lib/gcc/arm-none-eabi/16.2.0/../../../../arm-none-eabi/lib/thumb/v7-m/nofp/libc_nano.a(libc_a-freer.o)
__malloc_sbrk_start                               /usr/lib/gcc/arm-none-eabi/16.2.0/../../../../arm-none-eabi/lib/thumb/v7-m/nofp/libc_nano.a(libc_a-mallocr.o)
__malloc_unlock                                   /usr/lib/gcc/arm-none-eabi/16.2.0/../../../../arm-none-eabi/lib/thumb/v7-m/nofp/libc_nano.a(libc_a-mlock.o)
                                                  /usr/lib/gcc/arm-none-eabi/16.2.0/../../../../arm-none-eabi/lib/thumb/v7-m/nofp/libc_nano.a(libc_a-mallocr.o)
                                                  /usr/lib/gcc/arm-none-eabi/16.2.0/../../../../arm-none-eabi/lib/thumb/v7-m/nofp/libc_nano.a(libc_a-freer.o)
__on_exit_args                                    /usr/lib/gcc/arm-none-eabi/16.2.0/../../../../arm-none-eabi/lib/thumb/v7-m/nofp/libc_nano.a(libc_a-__atexit.o)
__preinit_array_end                               /usr/lib/gcc/arm-none-eabi/16.2.0/../../../../arm-none-eabi/lib/thumb/v7-m/nofp/libc_nano.a(libc_a-init.o)
__preinit_array_start                             /usr/lib/gcc/arm-none-eabi/16.2.0/../../../../arm-none-eabi/lib/thumb/v7-m/nofp/libc_nano.a(libc_a-init.o)
__register_exitproc                               /usr/lib/gcc/arm-none-eabi/16.2.0/../../../../arm-none-eabi/lib/thumb/v7-m/nofp/libc_nano.a(libc_a-__atexit.o)
                                                  /usr/lib/gcc/arm-none-eabi/16.2.0/../../../../arm-none-eabi/lib/thumb/v7-m/nofp/libc_nano.a(libc_a-atexit.o)
__register_frame_info                             /usr/lib/gcc/arm-none-eabi/16.2.0/thumb/v7-m/nofp/crtbegin.o
__retarget_lock_acquire                           /usr/lib/gcc/arm-none-eabi/16.2.0/../../../../arm-none-eabi/lib/thumb/v7-m/nofp/libc_nano.a(libc_a-lock.o)
__retarget_lock_acquire_recursive                 /usr/lib/gcc/arm-none-eabi/16.2.0/../../../../arm-none-eabi/lib/thumb/v7-m/nofp/libc_nano.a(libc_a-lock.o)
                                                  /usr/lib/gcc/arm-none-eabi/16.2.0/../../../../arm-none-eabi/lib/thumb/v7-m/nofp/libc_nano.a(libc_a-fflush.o)
                                                  /usr/lib/gcc/arm-none-eabi/16.2.0/../../../../arm-none-eabi/lib/thumb/v7-m/nofp/libc_nano.a(libc_a-mlock.o)
                                                  /usr/lib/gcc/arm-none-eabi/16.2.0/../../../../arm-none-eabi/lib/thumb/v7-m/nofp/libc_nano.a(libc_a-__call_atexit.o)
                                                  /usr/lib/gcc/arm-none-eabi/16.2.0/../../../../arm-none-eabi/lib/thumb/v7-m/nofp/libc_nano.a(libc_a-__atexit.o)
                                                  /usr/lib/gcc/arm-none-eabi/16.2.0/../../../../arm-none-eabi/lib/thumb/v7-m/nofp/libc_nano.a(libc_a-findfp.o)
__retarget_lock_close                             /usr/lib/gcc/arm-none-eabi/16.2.0/../../../../arm-none-eabi/lib/thumb/v7-m/nofp/libc_nano.a(libc_a-lock.o)
__retarget_lock_close_recursive                   /usr/lib/gcc/arm-none-eabi/16.2.0/../../../../arm-none-eabi/lib/thumb/v7-m/nofp/libc_nano.a(libc_a-lock.o)
__retarget_lock_init                              /usr/lib/gcc/arm-none-eabi/16.2.0/../../../../arm-none-eabi/lib/thumb/v7-m/nofp/libc_nano.a(libc_a-lock.o)
__retarget_lock_init_recursive                    /usr/lib/gcc/arm-none-eabi/16.2.0/../../../../arm-none-eabi/lib/thumb/v7-m/nofp/libc_nano.a(libc_a-lock.o)
                                                  /usr/lib/gcc/arm-none-eabi/16.2.0/../../../../arm-none-eabi/lib/thumb/v7-m/nofp/libc_nano.a(libc_a-findfp.o)
__retarget_lock_release                           /usr/lib/gcc/arm-none-eabi/16.2.0/../../../../arm-none-eabi/lib/thumb/v7-m/nofp/libc_nano.a(libc_a-lock.o)
__retarget_lock_release_recursive                 /usr/lib/gcc/arm-none-eabi/16.2.0/../../../../arm-none-eabi/lib/thumb/v7-m/nofp/libc_nano.a(libc_a-lock.o)
                                                  /usr/lib/gcc/arm-none-eabi/16.2.0/../../../../arm-none-eabi/lib/thumb/v7-m/nofp/libc_nano.a(libc_a-fflush.o)
                                                  /usr/lib/gcc/arm-none-eabi/16.2.0/../../../../arm-none-eabi/lib/thumb/v7-m/nofp/libc_nano.a(libc_a-mlock.o)
                                                  /usr/lib/gcc/arm-none-eabi/16.2.0/../../../../arm-none-eabi/lib/thumb/v7-m/nofp/libc_nano.a(libc_a-__call_atexit.o)
                                                  /usr/lib/gcc/arm-none-eabi/16.2.0/../../../../arm-none-eabi/lib/thumb/v7-m/nofp/libc_nano.a(libc_a-__atexit.o)
                                                  /usr/lib/gcc/arm-none-eabi/16.2.0/../../../../arm-none-eabi/lib/thumb/v7-m/nofp/libc_nano.a(libc_a-findfp.o)
__retarget_lock_try_acquire                       /usr/lib/gcc/arm-none-eabi/16.2.0/../../../../arm-none-eabi/lib/thumb/v7-m/nofp/libc_nano.a(libc_a-lock.o)
__retarget_lock_try_acquire_recursive             /usr/lib/gcc/arm-none-eabi/16.2.0/../../../../arm-none-eabi/lib/thumb/v7-m/nofp/libc_nano.a(libc_a-lock.o)
__sclose                                          /usr/lib/gcc/arm-none-eabi/16.2.0/../../../../arm-none-eabi/lib/thumb/v7-m/nofp/libc_nano.a(libc_a-stdio.o)
                                                  /usr/lib/gcc/arm-none-eabi/16.2.0/../../../../arm-none-eabi/lib/thumb/v7-m/nofp/libc_nano.a(libc_a-findfp.o)
__seofread                                        /usr/lib/gcc/arm-none-eabi/16.2.0/../../../../arm-none-eabi/lib/thumb/v7-m/nofp/libc_nano.a(libc_a-stdio.o)
__sf                                              /usr/lib/gcc/arm-none-eabi/16.2.0/../../../../arm-none-eabi/lib/thumb/v7-m/nofp/libc_nano.a(libc_a-findfp.o)
                                                  /usr/lib/gcc/arm-none-eabi/16.2.0/../../../../arm-none-eabi/lib/thumb/v7-m/nofp/libc_nano.a(libc_a-impure.o)
__sflush_r                                        /usr/lib/gcc/arm-none-eabi/16.2.0/../../../../arm-none-eabi/lib/thumb/v7-m/nofp/libc_nano.a(libc_a-fflush.o)
__sfp                                             /usr/lib/gcc/arm-none-eabi/16.2.0/../../../../arm-none-eabi/lib/thumb/v7-m/nofp/libc_nano.a(libc_a-findfp.o)
__sfp_lock_acquire                                /usr/lib/gcc/arm-none-eabi/16.2.0/../../../../arm-none-eabi/lib/thumb/v7-m/nofp/libc_nano.a(libc_a-findfp.o)
__sfp_lock_release                                /usr/lib/gcc/arm-none-eabi/16.2.0/../../../../arm-none-eabi/lib/thumb/v7-m/nofp/libc_nano.a(libc_a-findfp.o)
__sglue                                           /usr/lib/gcc/arm-none-eabi/16.2.0/../../../../arm-none-eabi/lib/thumb/v7-m/nofp/libc_nano.a(libc_a-findfp.o)
                                                  /usr/lib/gcc/arm-none-eabi/16.2.0/../../../../arm-none-eabi/lib/thumb/v7-m/nofp/libc_nano.a(libc_a-fflush.o)
__sinit                                           /usr/lib/gcc/arm-none-eabi/16.2.0/../../../../arm-none-eabi/lib/thumb/v7-m/nofp/libc_nano.a(libc_a-findfp.o)
                                                  /usr/lib/gcc/arm-none-eabi/16.2.0/../../../../arm-none-eabi/lib/thumb/v7-m/nofp/libc_nano.a(libc_a-fflush.o)
__sread                                           /usr/lib/gcc/arm-none-eabi/16.2.0/../../../../arm-none-eabi/lib/thumb/v7-m/nofp/libc_nano.a(libc_a-stdio.o)
                                                  /usr/lib/gcc/arm-none-eabi/16.2.0/../../../../arm-none-eabi/lib/thumb/v7-m/nofp/libc_nano.a(libc_a-findfp.o)
__sseek                                           /usr/lib/gcc/arm-none-eabi/16.2.0/../../../../arm-none-eabi/lib/thumb/v7-m/nofp/libc_nano.a(libc_a-stdio.o)
                                                  /usr/lib/gcc/arm-none-eabi/16.2.0/../../../../arm-none-eabi/lib/thumb/v7-m/nofp/libc_nano.a(libc_a-findfp.o)
__stack                                           /usr/lib/gcc/arm-none-eabi/16.2.0/../../../../arm-none-eabi/lib/thumb/v7-m/nofp/crt0.o
__stdio_exit_handler                              /usr/lib/gcc/arm-none-eabi/16.2.0/../../../../arm-none-eabi/lib/thumb/v7-m/nofp/libc_nano.a(libc_a-findfp.o)
                                                  /usr/lib/gcc/arm-none-eabi/16.2.0/../../../../arm-none-eabi/lib/thumb/v7-m/nofp/libc_nano.a(libc_a-exit.o)
__swrite                                          /usr/lib/gcc/arm-none-eabi/16.2.0/../../../../arm-none-eabi/lib/thumb/v7-m/nofp/libc_nano.a(libc_a-stdio.o)
                                                  /usr/lib/gcc/arm-none-eabi/16.2.0/../../../../arm-none-eabi/lib/thumb/v7-m/nofp/libc_nano.a(libc_a-findfp.o)
_close                                            build/syscalls.o
                                                  /usr/lib/gcc/arm-none-eabi/16.2.0/../../../../arm-none-eabi/lib/thumb/v7-m/nofp/libc_nano.a(libc_a-closer.o)
_close_r                                          /usr/lib/gcc/arm-none-eabi/16.2.0/../../../../arm-none-eabi/lib/thumb/v7-m/nofp/libc_nano.a(libc_a-closer.o)
                                                  /usr/lib/gcc/arm-none-eabi/16.2.0/../../../../arm-none-eabi/lib/thumb/v7-m/nofp/libc_nano.a(libc_a-stdio.o)
_ebss                                             build/startup_stm32f103xb.o
_edata                                            build/startup_stm32f103xb.o
_end                                              build/sysmem.o
_estack                                           build/startup_stm32f103xb.o
                                                  build/sysmem.o
_execve                                           build/syscalls.o
_exit                                             build/syscalls.o
                                                  /usr/lib/gcc/arm-none-eabi/16.2.0/../../../../arm-none-eabi/lib/thumb/v7-m/nofp/libc_nano.a(libc_a-exit.o)
_fflush_r                                         /usr/lib/gcc/arm-none-eabi/16.2.0/../../../../arm-none-eabi/lib/thumb/v7-m/nofp/libc_nano.a(libc_a-fflush.o)
                                                  /usr/lib/gcc/arm-none-eabi/16.2.0/../../../../arm-none-eabi/lib/thumb/v7-m/nofp/libc_nano.a(libc_a-findfp.o)
_fini                                             /usr/lib/gcc/arm-none-eabi/16.2.0/thumb/v7-m/nofp/crti.o
                                                  /usr/lib/gcc/arm-none-eabi/16.2.0/../../../../arm-none-eabi/lib/thumb/v7-m/nofp/libc_nano.a(libc_a-fini.o)
_fork                                             build/syscalls.o
_free_r                                           /usr/lib/gcc/arm-none-eabi/16.2.0/../../../../arm-none-eabi/lib/thumb/v7-m/nofp/libc_nano.a(libc_a-freer.o)
                                                  /usr/lib/gcc/arm-none-eabi/16.2.0/../../../../arm-none-eabi/lib/thumb/v7-m/nofp/libc_nano.a(libc_a-fflush.o)
                                                  /usr/lib/gcc/arm-none-eabi/16.2.0/../../../../arm-none-eabi/lib/thumb/v7-m/nofp/libc_nano.a(libc_a-reent.o)
_fstat                                            build/syscalls.o
_fwalk_sglue                                      /usr/lib/gcc/arm-none-eabi/16.2.0/../../../../arm-none-eabi/lib/thumb/v7-m/nofp/libc_nano.a(libc_a-fwalk.o)
                                                  /usr/lib/gcc/arm-none-eabi/16.2.0/../../../../arm-none-eabi/lib/thumb/v7-m/nofp/libc_nano.a(libc_a-fflush.o)
                                                  /usr/lib/gcc/arm-none-eabi/16.2.0/../../../../arm-none-eabi/lib/thumb/v7-m/nofp/libc_nano.a(libc_a-findfp.o)
_getpid                                           build/syscalls.o
_impure_data                                      /usr/lib/gcc/arm-none-eabi/16.2.0/../../../../arm-none-eabi/lib/thumb/v7-m/nofp/libc_nano.a(libc_a-impure.o)
                                                  /usr/lib/gcc/arm-none-eabi/16.2.0/../../../../arm-none-eabi/lib/thumb/v7-m/nofp/libc_nano.a(libc_a-fflush.o)
                                                  /usr/lib/gcc/arm-none-eabi/16.2.0/../../../../arm-none-eabi/lib/thumb/v7-m/nofp/libc_nano.a(libc_a-findfp.o)
_impure_ptr                                       /usr/lib/gcc/arm-none-eabi/16.2.0/../../../../arm-none-eabi/lib/thumb/v7-m/nofp/libc_nano.a(libc_a-impure.o)
                                                  /usr/lib/gcc/arm-none-eabi/16.2.0/../../../../arm-none-eabi/lib/thumb/v7-m/nofp/libc_nano.a(libc_a-fflush.o)
                                                  /usr/lib/gcc/arm-none-eabi/16.2.0/../../../../arm-none-eabi/lib/thumb/v7-m/nofp/libc_nano.a(libc_a-errno.o)
                                                  /usr/lib/gcc/arm-none-eabi/16.2.0/../../../../arm-none-eabi/lib/thumb/v7-m/nofp/libc_nano.a(libc_a-reent.o)
_init                                             /usr/lib/gcc/arm-none-eabi/16.2.0/thumb/v7-m/nofp/crti.o
                                                  /usr/lib/gcc/arm-none-eabi/16.2.0/../../../../arm-none-eabi/lib/thumb/v7-m/nofp/libc_nano.a(libc_a-init.o)
_isatty                                           build/syscalls.o
_kill                                             build/syscalls.o
_link                                             build/syscalls.o
_lseek                                            build/syscalls.o
                                                  /usr/lib/gcc/arm-none-eabi/16.2.0/../../../../arm-none-eabi/lib/thumb/v7-m/nofp/libc_nano.a(libc_a-lseekr.o)
_lseek_r                                          /usr/lib/gcc/arm-none-eabi/16.2.0/../../../../arm-none-eabi/lib/thumb/v7-m/nofp/libc_nano.a(libc_a-lseekr.o)
                                                  /usr/lib/gcc/arm-none-eabi/16.2.0/../../../../arm-none-eabi/lib/thumb/v7-m/nofp/libc_nano.a(libc_a-stdio.o)
_mainCRTStartup                                   /usr/lib/gcc/arm-none-eabi/16.2.0/../../../../arm-none-eabi/lib/thumb/v7-m/nofp/crt0.o
_malloc_r                                         /usr/lib/gcc/arm-none-eabi/16.2.0/../../../../arm-none-eabi/lib/thumb/v7-m/nofp/libc_nano.a(libc_a-mallocr.o)
                                                  /usr/lib/gcc/arm-none-eabi/16.2.0/../../../../arm-none-eabi/lib/thumb/v7-m/nofp/libc_nano.a(libc_a-findfp.o)
_open                                             build/syscalls.o
_read                                             build/syscalls.o
                                                  /usr/lib/gcc/arm-none-eabi/16.2.0/../../../../arm-none-eabi/lib/thumb/v7-m/nofp/libc_nano.a(libc_a-readr.o)
_read_r                                           /usr/lib/gcc/arm-none-eabi/16.2.0/../../../../arm-none-eabi/lib/thumb/v7-m/nofp/libc_nano.a(libc_a-readr.o)
                                                  /usr/lib/gcc/arm-none-eabi/16.2.0/../../../../arm-none-eabi/lib/thumb/v7-m/nofp/libc_nano.a(libc_a-stdio.o)
_reclaim_reent                                    /usr/lib/gcc/arm-none-eabi/16.2.0/../../../../arm-none-eabi/lib/thumb/v7-m/nofp/libc_nano.a(libc_a-reent.o)
_sbrk                                             build/sysmem.o
                                                  /usr/lib/gcc/arm-none-eabi/16.2.0/../../../../arm-none-eabi/lib/thumb/v7-m/nofp/libc_nano.a(libc_a-sbrkr.o)
_sbrk_r                                           /usr/lib/gcc/arm-none-eabi/16.2.0/../../../../arm-none-eabi/lib/thumb/v7-m/nofp/libc_nano.a(libc_a-sbrkr.o)
                                                  /usr/lib/gcc/arm-none-eabi/16.2.0/../../../../arm-none-eabi/lib/thumb/v7-m/nofp/libc_nano.a(libc_a-mallocr.o)
_sbss                                             build/startup_stm32f103xb.o
_sdata                                            build/startup_stm32f103xb.o
_sidata                                           build/startup_stm32f103xb.o
_stack_init                                       /usr/lib/gcc/arm-none-eabi/16.2.0/../../../../arm-none-eabi/lib/thumb/v7-m/nofp/crt0.o
_start                                            /usr/lib/gcc/arm-none-eabi/16.2.0/../../../../arm-none-eabi/lib/thumb/v7-m/nofp/crt0.o
_stat                                             build/syscalls.o
_times                                            build/syscalls.o
_unlink                                           build/syscalls.o
_wait                                             build/syscalls.o
_write                                            build/syscalls.o
                                                  /usr/lib/gcc/arm-none-eabi/16.2.0/../../../../arm-none-eabi/lib/thumb/v7-m/nofp/libc_nano.a(libc_a-writer.o)
_write_r                                          /usr/lib/gcc/arm-none-eabi/16.2.0/../../../../arm-none-eabi/lib/thumb/v7-m/nofp/libc_nano.a(libc_a-writer.o)
                                                  /usr/lib/gcc/arm-none-eabi/16.2.0/../../../../arm-none-eabi/lib/thumb/v7-m/nofp/libc_nano.a(libc_a-stdio.o)
atexit                                            /usr/lib/gcc/arm-none-eabi/16.2.0/../../../../arm-none-eabi/lib/thumb/v7-m/nofp/libc_nano.a(libc_a-atexit.o)