ARM GAS  /tmp/ccfq0l5E.s 			page 1


   1              		.cpu cortex-m3
   2              		.arch armv7-m
   3              		.fpu softvfp
   4              		.eabi_attribute 20, 1
   5              		.eabi_attribute 21, 1
   6              		.eabi_attribute 23, 3
   7              		.eabi_attribute 24, 1
   8              		.eabi_attribute 25, 1
   9              		.eabi_attribute 26, 1
  10              		.eabi_attribute 30, 1
  11              		.eabi_attribute 34, 1
  12              		.eabi_attribute 18, 4
  13              		.file	"idle.c"
  14              		.text
  15              	.Ltext0:
  16              		.cfi_sections	.debug_frame
  17              		.file 1 "../Core/Src/idle.c"
  18              		.section	.text.Idle_Function,"ax",%progbits
  19              		.align	1
  20              		.global	Idle_Function
  21              		.syntax unified
  22              		.thumb
  23              		.thumb_func
  25              	Idle_Function:
  26              	.LFB0:
   1:../Core/Src/idle.c **** #include "idle.h"
   2:../Core/Src/idle.c **** 
   3:../Core/Src/idle.c **** void Idle_Function(void)
   4:../Core/Src/idle.c **** {
  27              		.loc 1 4 1 view -0
  28              		.cfi_startproc
  29              		@ Volatile: function does not return.
  30              		@ args = 0, pretend = 0, frame = 0
  31              		@ frame_needed = 0, uses_anonymous_args = 0
  32              		@ link register save eliminated.
  33              	.L2:
   5:../Core/Src/idle.c ****     while (1) {
  34              		.loc 1 5 5 view .LVU1
   6:../Core/Src/idle.c ****         /* idle - wait for interrupt */
   7:../Core/Src/idle.c ****     }
  35              		.loc 1 7 5 view .LVU2
   5:../Core/Src/idle.c ****     while (1) {
  36              		.loc 1 5 11 view .LVU3
  37 0000 FEE7     		b	.L2
  38              		.cfi_endproc
  39              	.LFE0:
  41              		.text
  42              	.Letext0:
ARM GAS  /tmp/ccfq0l5E.s 			page 2


DEFINED SYMBOLS
                            *ABS*:00000000 idle.c
     /tmp/ccfq0l5E.s:19     .text.Idle_Function:00000000 $t
     /tmp/ccfq0l5E.s:25     .text.Idle_Function:00000000 Idle_Function

NO UNDEFINED SYMBOLS
