ARM GAS  /tmp/ccIccYrZ.s 			page 1


   1              		.cpu cortex-m3
   2              		.arch armv7-m
   3              		.fpu softvfp
   4              		.eabi_attribute 20, 1
   5              		.eabi_attribute 21, 1
   6              		.eabi_attribute 23, 3
   7              		.eabi_attribute 24, 1
   8              		.eabi_attribute 25, 1
   9              		.eabi_attribute 26, 1
  10              		.eabi_attribute 30, 1
  11              		.eabi_attribute 34, 1
  12              		.eabi_attribute 18, 4
  13              		.file	"scheduler.c"
  14              		.text
  15              	.Ltext0:
  16              		.cfi_sections	.debug_frame
  17              		.file 1 "../Core/Src/scheduler.c"
  18              		.section	.text.Scheduler_Init,"ax",%progbits
  19              		.align	1
  20              		.global	Scheduler_Init
  21              		.syntax unified
  22              		.thumb
  23              		.thumb_func
  25              	Scheduler_Init:
  26              	.LFB0:
   1:../Core/Src/scheduler.c **** /******************************************************************************
   2:../Core/Src/scheduler.c ****  * File        : scheduler.c
   3:../Core/Src/scheduler.c ****  * Project     : ChronosRTOS
   4:../Core/Src/scheduler.c ****  * Module      : Scheduler
   5:../Core/Src/scheduler.c ****  * Group       :
   6:../Core/Src/scheduler.c ****  * Description : Priority-based scheduler — selects the highest-priority
   7:../Core/Src/scheduler.c ****  *runnable task.
   8:../Core/Src/scheduler.c ****  ******************************************************************************/
   9:../Core/Src/scheduler.c **** 
  10:../Core/Src/scheduler.c **** #include "scheduler.h"
  11:../Core/Src/scheduler.c **** #include "task.h"
  12:../Core/Src/scheduler.c **** #include <stddef.h>
  13:../Core/Src/scheduler.c **** 
  14:../Core/Src/scheduler.c **** TCB *current_task = NULL;
  15:../Core/Src/scheduler.c **** TCB *next_task = NULL;
  16:../Core/Src/scheduler.c **** TCB *idle_task = NULL;
  17:../Core/Src/scheduler.c **** 
  18:../Core/Src/scheduler.c **** void Scheduler_Init(void) {
  27              		.loc 1 18 27 view -0
  28              		.cfi_startproc
  29              		@ args = 0, pretend = 0, frame = 0
  30              		@ frame_needed = 0, uses_anonymous_args = 0
  31 0000 08B5     		push	{r3, lr}
  32              	.LCFI0:
  33              		.cfi_def_cfa_offset 8
  34              		.cfi_offset 3, -8
  35              		.cfi_offset 14, -4
  19:../Core/Src/scheduler.c ****   if (!Task_Is_Initialized())
  36              		.loc 1 19 3 view .LVU1
  37              		.loc 1 19 8 is_stmt 0 view .LVU2
  38 0002 FFF7FEFF 		bl	Task_Is_Initialized
  39              	.LVL0:
ARM GAS  /tmp/ccIccYrZ.s 			page 2


  40              		.loc 1 19 6 discriminator 1 view .LVU3
  41 0006 00B9     		cbnz	r0, .L4
  42              	.L1:
  20:../Core/Src/scheduler.c ****     return;
  21:../Core/Src/scheduler.c **** 
  22:../Core/Src/scheduler.c ****   current_task = Task_Get_Current();
  23:../Core/Src/scheduler.c ****   idle_task = Task_Get_Idle();
  24:../Core/Src/scheduler.c **** }
  43              		.loc 1 24 1 view .LVU4
  44 0008 08BD     		pop	{r3, pc}
  45              	.L4:
  22:../Core/Src/scheduler.c ****   idle_task = Task_Get_Idle();
  46              		.loc 1 22 3 is_stmt 1 view .LVU5
  22:../Core/Src/scheduler.c ****   idle_task = Task_Get_Idle();
  47              		.loc 1 22 18 is_stmt 0 view .LVU6
  48 000a FFF7FEFF 		bl	Task_Get_Current
  49              	.LVL1:
  22:../Core/Src/scheduler.c ****   idle_task = Task_Get_Idle();
  50              		.loc 1 22 16 discriminator 1 view .LVU7
  51 000e 034B     		ldr	r3, .L5
  52 0010 1860     		str	r0, [r3]
  23:../Core/Src/scheduler.c **** }
  53              		.loc 1 23 3 is_stmt 1 view .LVU8
  23:../Core/Src/scheduler.c **** }
  54              		.loc 1 23 15 is_stmt 0 view .LVU9
  55 0012 FFF7FEFF 		bl	Task_Get_Idle
  56              	.LVL2:
  23:../Core/Src/scheduler.c **** }
  57              		.loc 1 23 13 discriminator 1 view .LVU10
  58 0016 024B     		ldr	r3, .L5+4
  59 0018 1860     		str	r0, [r3]
  60 001a F5E7     		b	.L1
  61              	.L6:
  62              		.align	2
  63              	.L5:
  64 001c 00000000 		.word	current_task
  65 0020 00000000 		.word	idle_task
  66              		.cfi_endproc
  67              	.LFE0:
  69              		.section	.text.Scheduler_Set_Current,"ax",%progbits
  70              		.align	1
  71              		.global	Scheduler_Set_Current
  72              		.syntax unified
  73              		.thumb
  74              		.thumb_func
  76              	Scheduler_Set_Current:
  77              	.LVL3:
  78              	.LFB1:
  25:../Core/Src/scheduler.c **** void Scheduler_Set_Current(TCB *task) { current_task = task; }
  79              		.loc 1 25 39 is_stmt 1 view -0
  80              		.cfi_startproc
  81              		@ args = 0, pretend = 0, frame = 0
  82              		@ frame_needed = 0, uses_anonymous_args = 0
  83              		@ link register save eliminated.
  84              		.loc 1 25 41 view .LVU12
  85              		.loc 1 25 54 is_stmt 0 view .LVU13
  86 0000 014B     		ldr	r3, .L8
ARM GAS  /tmp/ccIccYrZ.s 			page 3


  87 0002 1860     		str	r0, [r3]
  88              		.loc 1 25 62 view .LVU14
  89 0004 7047     		bx	lr
  90              	.L9:
  91 0006 00BF     		.align	2
  92              	.L8:
  93 0008 00000000 		.word	current_task
  94              		.cfi_endproc
  95              	.LFE1:
  97              		.section	.text.Scheduler_Select_Next,"ax",%progbits
  98              		.align	1
  99              		.global	Scheduler_Select_Next
 100              		.syntax unified
 101              		.thumb
 102              		.thumb_func
 104              	Scheduler_Select_Next:
 105              	.LFB2:
  26:../Core/Src/scheduler.c **** 
  27:../Core/Src/scheduler.c **** TCB *Scheduler_Select_Next(void) {
 106              		.loc 1 27 34 is_stmt 1 view -0
 107              		.cfi_startproc
 108              		@ args = 0, pretend = 0, frame = 0
 109              		@ frame_needed = 0, uses_anonymous_args = 0
 110              		@ link register save eliminated.
  28:../Core/Src/scheduler.c ****   next_task = NULL;
 111              		.loc 1 28 3 view .LVU16
 112              		.loc 1 28 13 is_stmt 0 view .LVU17
 113 0000 0E4B     		ldr	r3, .L17
 114 0002 0022     		movs	r2, #0
 115 0004 1A60     		str	r2, [r3]
  29:../Core/Src/scheduler.c **** 
  30:../Core/Src/scheduler.c ****   if (current_task == NULL || idle_task == NULL) {
 116              		.loc 1 30 3 is_stmt 1 view .LVU18
 117              		.loc 1 30 20 is_stmt 0 view .LVU19
 118 0006 0E4B     		ldr	r3, .L17+4
 119 0008 D3F800C0 		ldr	ip, [r3]
 120              		.loc 1 30 6 view .LVU20
 121 000c BCF1000F 		cmp	ip, #0
 122 0010 12D0     		beq	.L14
 123              		.loc 1 30 41 discriminator 1 view .LVU21
 124 0012 0C4B     		ldr	r3, .L17+8
 125 0014 1868     		ldr	r0, [r3]
 126              		.loc 1 30 28 discriminator 1 view .LVU22
 127 0016 80B1     		cbz	r0, .L10
  31:../Core/Src/scheduler.c ****     return NULL;
  32:../Core/Src/scheduler.c ****   }
  33:../Core/Src/scheduler.c **** 
  34:../Core/Src/scheduler.c ****   TCB *start = current_task;
 128              		.loc 1 34 3 is_stmt 1 view .LVU23
 129              	.LVL4:
  35:../Core/Src/scheduler.c ****   TCB *node = current_task->next;
 130              		.loc 1 35 3 view .LVU24
 131              		.loc 1 35 8 is_stmt 0 view .LVU25
 132 0018 DCF81C30 		ldr	r3, [ip, #28]
 133              	.LVL5:
  36:../Core/Src/scheduler.c ****   TCB *highest = current_task;
 134              		.loc 1 36 3 is_stmt 1 view .LVU26
ARM GAS  /tmp/ccIccYrZ.s 			page 4


 135              		.loc 1 36 8 is_stmt 0 view .LVU27
 136 001c 6046     		mov	r0, ip
 137 001e 02E0     		b	.L13
 138              	.LVL6:
 139              	.L12:
  37:../Core/Src/scheduler.c **** 
  38:../Core/Src/scheduler.c ****   do {
  39:../Core/Src/scheduler.c ****     if (node->task_priority > highest->task_priority) {
  40:../Core/Src/scheduler.c ****       highest = node;
  41:../Core/Src/scheduler.c ****     }
  42:../Core/Src/scheduler.c **** 
  43:../Core/Src/scheduler.c ****     node = node->next;
 140              		.loc 1 43 5 is_stmt 1 view .LVU28
 141              		.loc 1 43 10 is_stmt 0 view .LVU29
 142 0020 DB69     		ldr	r3, [r3, #28]
 143              	.LVL7:
  44:../Core/Src/scheduler.c **** 
  45:../Core/Src/scheduler.c ****   } while (node != start);
 144              		.loc 1 45 17 is_stmt 1 view .LVU30
 145 0022 9C45     		cmp	ip, r3
 146 0024 05D0     		beq	.L16
 147              	.L13:
  38:../Core/Src/scheduler.c ****     if (node->task_priority > highest->task_priority) {
 148              		.loc 1 38 3 view .LVU31
  39:../Core/Src/scheduler.c ****       highest = node;
 149              		.loc 1 39 5 view .LVU32
  39:../Core/Src/scheduler.c ****       highest = node;
 150              		.loc 1 39 13 is_stmt 0 view .LVU33
 151 0026 597A     		ldrb	r1, [r3, #9]	@ zero_extendqisi2
  39:../Core/Src/scheduler.c ****       highest = node;
 152              		.loc 1 39 38 view .LVU34
 153 0028 427A     		ldrb	r2, [r0, #9]	@ zero_extendqisi2
  39:../Core/Src/scheduler.c ****       highest = node;
 154              		.loc 1 39 8 view .LVU35
 155 002a 9142     		cmp	r1, r2
 156 002c F8D9     		bls	.L12
  40:../Core/Src/scheduler.c ****     }
 157              		.loc 1 40 15 view .LVU36
 158 002e 1846     		mov	r0, r3
 159              	.LVL8:
  40:../Core/Src/scheduler.c ****     }
 160              		.loc 1 40 15 view .LVU37
 161 0030 F6E7     		b	.L12
 162              	.LVL9:
 163              	.L16:
  46:../Core/Src/scheduler.c **** 
  47:../Core/Src/scheduler.c ****   next_task = highest;
 164              		.loc 1 47 3 is_stmt 1 view .LVU38
 165              		.loc 1 47 13 is_stmt 0 view .LVU39
 166 0032 024B     		ldr	r3, .L17
 167              	.LVL10:
 168              		.loc 1 47 13 view .LVU40
 169 0034 1860     		str	r0, [r3]
  48:../Core/Src/scheduler.c **** 
  49:../Core/Src/scheduler.c ****   return next_task;
 170              		.loc 1 49 3 is_stmt 1 view .LVU41
 171              		.loc 1 49 10 is_stmt 0 view .LVU42
ARM GAS  /tmp/ccIccYrZ.s 			page 5


 172 0036 7047     		bx	lr
 173              	.LVL11:
 174              	.L14:
  31:../Core/Src/scheduler.c ****   }
 175              		.loc 1 31 12 view .LVU43
 176 0038 6046     		mov	r0, ip
 177              	.L10:
  50:../Core/Src/scheduler.c **** }...
 178              		.loc 1 50 1 view .LVU44
 179 003a 7047     		bx	lr
 180              	.L18:
 181              		.align	2
 182              	.L17:
 183 003c 00000000 		.word	next_task
 184 0040 00000000 		.word	current_task
 185 0044 00000000 		.word	idle_task
 186              		.cfi_endproc
 187              	.LFE2:
 189              		.global	idle_task
 190              		.section	.bss.idle_task,"aw",%nobits
 191              		.align	2
 194              	idle_task:
 195 0000 00000000 		.space	4
 196              		.global	next_task
 197              		.section	.bss.next_task,"aw",%nobits
 198              		.align	2
 201              	next_task:
 202 0000 00000000 		.space	4
 203              		.global	current_task
 204              		.section	.bss.current_task,"aw",%nobits
 205              		.align	2
 208              	current_task:
 209 0000 00000000 		.space	4
 210              		.text
 211              	.Letext0:
 212              		.file 2 "/usr/arm-none-eabi/include/machine/_default_types.h"
 213              		.file 3 "/usr/arm-none-eabi/include/sys/_stdint.h"
 214              		.file 4 "../Core/Inc/task.h"
ARM GAS  /tmp/ccIccYrZ.s 			page 6


DEFINED SYMBOLS
                            *ABS*:00000000 scheduler.c
     /tmp/ccIccYrZ.s:19     .text.Scheduler_Init:00000000 $t
     /tmp/ccIccYrZ.s:25     .text.Scheduler_Init:00000000 Scheduler_Init
     /tmp/ccIccYrZ.s:64     .text.Scheduler_Init:0000001c $d
     /tmp/ccIccYrZ.s:208    .bss.current_task:00000000 current_task
     /tmp/ccIccYrZ.s:194    .bss.idle_task:00000000 idle_task
     /tmp/ccIccYrZ.s:70     .text.Scheduler_Set_Current:00000000 $t
     /tmp/ccIccYrZ.s:76     .text.Scheduler_Set_Current:00000000 Scheduler_Set_Current
     /tmp/ccIccYrZ.s:93     .text.Scheduler_Set_Current:00000008 $d
     /tmp/ccIccYrZ.s:98     .text.Scheduler_Select_Next:00000000 $t
     /tmp/ccIccYrZ.s:104    .text.Scheduler_Select_Next:00000000 Scheduler_Select_Next
     /tmp/ccIccYrZ.s:183    .text.Scheduler_Select_Next:0000003c $d
     /tmp/ccIccYrZ.s:201    .bss.next_task:00000000 next_task
     /tmp/ccIccYrZ.s:191    .bss.idle_task:00000000 $d
     /tmp/ccIccYrZ.s:198    .bss.next_task:00000000 $d
     /tmp/ccIccYrZ.s:205    .bss.current_task:00000000 $d

UNDEFINED SYMBOLS
Task_Is_Initialized
Task_Get_Current
Task_Get_Idle
