ARM GAS  /tmp/ccyueqAP.s 			page 1


   1              		.cpu cortex-m3
   2              		.arch armv7-m
   3              		.fpu softvfp
   4              		.eabi_attribute 20, 1
   5              		.eabi_attribute 21, 1
   6              		.eabi_attribute 23, 3
   7              		.eabi_attribute 24, 1
   8              		.eabi_attribute 25, 1
   9              		.eabi_attribute 26, 1
  10              		.eabi_attribute 30, 1
  11              		.eabi_attribute 34, 1
  12              		.eabi_attribute 18, 4
  13              		.file	"stm32f1xx_hal_exti.c"
  14              		.text
  15              	.Ltext0:
  16              		.cfi_sections	.debug_frame
  17              		.file 1 "Drivers/STM32F1xx_HAL_Driver/Src/stm32f1xx_hal_exti.c"
  18              		.section	.text.HAL_EXTI_SetConfigLine,"ax",%progbits
  19              		.align	1
  20              		.global	HAL_EXTI_SetConfigLine
  21              		.syntax unified
  22              		.thumb
  23              		.thumb_func
  25              	HAL_EXTI_SetConfigLine:
  26              	.LVL0:
  27              	.LFB65:
   1:Drivers/STM32F1xx_HAL_Driver/Src/stm32f1xx_hal_exti.c **** /**
   2:Drivers/STM32F1xx_HAL_Driver/Src/stm32f1xx_hal_exti.c ****   ******************************************************************************
   3:Drivers/STM32F1xx_HAL_Driver/Src/stm32f1xx_hal_exti.c ****   * @file    stm32f1xx_hal_exti.c
   4:Drivers/STM32F1xx_HAL_Driver/Src/stm32f1xx_hal_exti.c ****   * @author  MCD Application Team
   5:Drivers/STM32F1xx_HAL_Driver/Src/stm32f1xx_hal_exti.c ****   * @brief   EXTI HAL module driver.
   6:Drivers/STM32F1xx_HAL_Driver/Src/stm32f1xx_hal_exti.c ****   *          This file provides firmware functions to manage the following
   7:Drivers/STM32F1xx_HAL_Driver/Src/stm32f1xx_hal_exti.c ****   *          functionalities of the Extended Interrupts and events controller (EXTI) peripheral:
   8:Drivers/STM32F1xx_HAL_Driver/Src/stm32f1xx_hal_exti.c ****   *           + Initialization and de-initialization functions
   9:Drivers/STM32F1xx_HAL_Driver/Src/stm32f1xx_hal_exti.c ****   *           + IO operation functions
  10:Drivers/STM32F1xx_HAL_Driver/Src/stm32f1xx_hal_exti.c ****   *
  11:Drivers/STM32F1xx_HAL_Driver/Src/stm32f1xx_hal_exti.c ****   ******************************************************************************
  12:Drivers/STM32F1xx_HAL_Driver/Src/stm32f1xx_hal_exti.c ****   * @attention
  13:Drivers/STM32F1xx_HAL_Driver/Src/stm32f1xx_hal_exti.c ****   *
  14:Drivers/STM32F1xx_HAL_Driver/Src/stm32f1xx_hal_exti.c ****   * Copyright (c) 2019 STMicroelectronics.
  15:Drivers/STM32F1xx_HAL_Driver/Src/stm32f1xx_hal_exti.c ****   * All rights reserved.
  16:Drivers/STM32F1xx_HAL_Driver/Src/stm32f1xx_hal_exti.c ****   *
  17:Drivers/STM32F1xx_HAL_Driver/Src/stm32f1xx_hal_exti.c ****   * This software is licensed under terms that can be found in the LICENSE file
  18:Drivers/STM32F1xx_HAL_Driver/Src/stm32f1xx_hal_exti.c ****   * in the root directory of this software component.
  19:Drivers/STM32F1xx_HAL_Driver/Src/stm32f1xx_hal_exti.c ****   * If no LICENSE file comes with this software, it is provided AS-IS.
  20:Drivers/STM32F1xx_HAL_Driver/Src/stm32f1xx_hal_exti.c ****   *
  21:Drivers/STM32F1xx_HAL_Driver/Src/stm32f1xx_hal_exti.c ****   ******************************************************************************
  22:Drivers/STM32F1xx_HAL_Driver/Src/stm32f1xx_hal_exti.c ****   @verbatim
  23:Drivers/STM32F1xx_HAL_Driver/Src/stm32f1xx_hal_exti.c ****   ==============================================================================
  24:Drivers/STM32F1xx_HAL_Driver/Src/stm32f1xx_hal_exti.c ****                     ##### EXTI Peripheral features #####
  25:Drivers/STM32F1xx_HAL_Driver/Src/stm32f1xx_hal_exti.c ****   ==============================================================================
  26:Drivers/STM32F1xx_HAL_Driver/Src/stm32f1xx_hal_exti.c ****   [..]
  27:Drivers/STM32F1xx_HAL_Driver/Src/stm32f1xx_hal_exti.c ****     (+) Each Exti line can be configured within this driver.
  28:Drivers/STM32F1xx_HAL_Driver/Src/stm32f1xx_hal_exti.c **** 
  29:Drivers/STM32F1xx_HAL_Driver/Src/stm32f1xx_hal_exti.c ****     (+) Exti line can be configured in 3 different modes
  30:Drivers/STM32F1xx_HAL_Driver/Src/stm32f1xx_hal_exti.c ****         (++) Interrupt
  31:Drivers/STM32F1xx_HAL_Driver/Src/stm32f1xx_hal_exti.c ****         (++) Event
ARM GAS  /tmp/ccyueqAP.s 			page 2


  32:Drivers/STM32F1xx_HAL_Driver/Src/stm32f1xx_hal_exti.c ****         (++) Both of them
  33:Drivers/STM32F1xx_HAL_Driver/Src/stm32f1xx_hal_exti.c **** 
  34:Drivers/STM32F1xx_HAL_Driver/Src/stm32f1xx_hal_exti.c ****     (+) Configurable Exti lines can be configured with 3 different triggers
  35:Drivers/STM32F1xx_HAL_Driver/Src/stm32f1xx_hal_exti.c ****         (++) Rising
  36:Drivers/STM32F1xx_HAL_Driver/Src/stm32f1xx_hal_exti.c ****         (++) Falling
  37:Drivers/STM32F1xx_HAL_Driver/Src/stm32f1xx_hal_exti.c ****         (++) Both of them
  38:Drivers/STM32F1xx_HAL_Driver/Src/stm32f1xx_hal_exti.c **** 
  39:Drivers/STM32F1xx_HAL_Driver/Src/stm32f1xx_hal_exti.c ****     (+) When set in interrupt mode, configurable Exti lines have two different
  40:Drivers/STM32F1xx_HAL_Driver/Src/stm32f1xx_hal_exti.c ****         interrupts pending registers which allow to distinguish which transition
  41:Drivers/STM32F1xx_HAL_Driver/Src/stm32f1xx_hal_exti.c ****         occurs:
  42:Drivers/STM32F1xx_HAL_Driver/Src/stm32f1xx_hal_exti.c ****         (++) Rising edge pending interrupt
  43:Drivers/STM32F1xx_HAL_Driver/Src/stm32f1xx_hal_exti.c ****         (++) Falling
  44:Drivers/STM32F1xx_HAL_Driver/Src/stm32f1xx_hal_exti.c **** 
  45:Drivers/STM32F1xx_HAL_Driver/Src/stm32f1xx_hal_exti.c ****     (+) Exti lines 0 to 15 are linked to gpio pin number 0 to 15. Gpio port can
  46:Drivers/STM32F1xx_HAL_Driver/Src/stm32f1xx_hal_exti.c ****         be selected through multiplexer.
  47:Drivers/STM32F1xx_HAL_Driver/Src/stm32f1xx_hal_exti.c **** 
  48:Drivers/STM32F1xx_HAL_Driver/Src/stm32f1xx_hal_exti.c ****                      ##### How to use this driver #####
  49:Drivers/STM32F1xx_HAL_Driver/Src/stm32f1xx_hal_exti.c ****   ==============================================================================
  50:Drivers/STM32F1xx_HAL_Driver/Src/stm32f1xx_hal_exti.c ****   [..]
  51:Drivers/STM32F1xx_HAL_Driver/Src/stm32f1xx_hal_exti.c **** 
  52:Drivers/STM32F1xx_HAL_Driver/Src/stm32f1xx_hal_exti.c ****     (#) Configure the EXTI line using HAL_EXTI_SetConfigLine().
  53:Drivers/STM32F1xx_HAL_Driver/Src/stm32f1xx_hal_exti.c ****         (++) Choose the interrupt line number by setting "Line" member from
  54:Drivers/STM32F1xx_HAL_Driver/Src/stm32f1xx_hal_exti.c ****              EXTI_ConfigTypeDef structure.
  55:Drivers/STM32F1xx_HAL_Driver/Src/stm32f1xx_hal_exti.c ****         (++) Configure the interrupt and/or event mode using "Mode" member from
  56:Drivers/STM32F1xx_HAL_Driver/Src/stm32f1xx_hal_exti.c ****              EXTI_ConfigTypeDef structure.
  57:Drivers/STM32F1xx_HAL_Driver/Src/stm32f1xx_hal_exti.c ****         (++) For configurable lines, configure rising and/or falling trigger
  58:Drivers/STM32F1xx_HAL_Driver/Src/stm32f1xx_hal_exti.c ****              "Trigger" member from EXTI_ConfigTypeDef structure.
  59:Drivers/STM32F1xx_HAL_Driver/Src/stm32f1xx_hal_exti.c ****         (++) For Exti lines linked to gpio, choose gpio port using "GPIOSel"
  60:Drivers/STM32F1xx_HAL_Driver/Src/stm32f1xx_hal_exti.c ****              member from GPIO_InitTypeDef structure.
  61:Drivers/STM32F1xx_HAL_Driver/Src/stm32f1xx_hal_exti.c **** 
  62:Drivers/STM32F1xx_HAL_Driver/Src/stm32f1xx_hal_exti.c ****     (#) Get current Exti configuration of a dedicated line using
  63:Drivers/STM32F1xx_HAL_Driver/Src/stm32f1xx_hal_exti.c ****         HAL_EXTI_GetConfigLine().
  64:Drivers/STM32F1xx_HAL_Driver/Src/stm32f1xx_hal_exti.c ****         (++) Provide exiting handle as parameter.
  65:Drivers/STM32F1xx_HAL_Driver/Src/stm32f1xx_hal_exti.c ****         (++) Provide pointer on EXTI_ConfigTypeDef structure as second parameter.
  66:Drivers/STM32F1xx_HAL_Driver/Src/stm32f1xx_hal_exti.c **** 
  67:Drivers/STM32F1xx_HAL_Driver/Src/stm32f1xx_hal_exti.c ****     (#) Clear Exti configuration of a dedicated line using HAL_EXTI_ClearConfigLine().
  68:Drivers/STM32F1xx_HAL_Driver/Src/stm32f1xx_hal_exti.c ****         (++) Provide exiting handle as parameter.
  69:Drivers/STM32F1xx_HAL_Driver/Src/stm32f1xx_hal_exti.c **** 
  70:Drivers/STM32F1xx_HAL_Driver/Src/stm32f1xx_hal_exti.c ****     (#) Register callback to treat Exti interrupts using HAL_EXTI_RegisterCallback().
  71:Drivers/STM32F1xx_HAL_Driver/Src/stm32f1xx_hal_exti.c ****         (++) Provide exiting handle as first parameter.
  72:Drivers/STM32F1xx_HAL_Driver/Src/stm32f1xx_hal_exti.c ****         (++) Provide which callback will be registered using one value from
  73:Drivers/STM32F1xx_HAL_Driver/Src/stm32f1xx_hal_exti.c ****              EXTI_CallbackIDTypeDef.
  74:Drivers/STM32F1xx_HAL_Driver/Src/stm32f1xx_hal_exti.c ****         (++) Provide callback function pointer.
  75:Drivers/STM32F1xx_HAL_Driver/Src/stm32f1xx_hal_exti.c **** 
  76:Drivers/STM32F1xx_HAL_Driver/Src/stm32f1xx_hal_exti.c ****     (#) Get interrupt pending bit using HAL_EXTI_GetPending().
  77:Drivers/STM32F1xx_HAL_Driver/Src/stm32f1xx_hal_exti.c **** 
  78:Drivers/STM32F1xx_HAL_Driver/Src/stm32f1xx_hal_exti.c ****     (#) Clear interrupt pending bit using HAL_EXTI_ClearPending().
  79:Drivers/STM32F1xx_HAL_Driver/Src/stm32f1xx_hal_exti.c **** 
  80:Drivers/STM32F1xx_HAL_Driver/Src/stm32f1xx_hal_exti.c ****     (#) Generate software interrupt using HAL_EXTI_GenerateSWI().
  81:Drivers/STM32F1xx_HAL_Driver/Src/stm32f1xx_hal_exti.c **** 
  82:Drivers/STM32F1xx_HAL_Driver/Src/stm32f1xx_hal_exti.c ****   @endverbatim
  83:Drivers/STM32F1xx_HAL_Driver/Src/stm32f1xx_hal_exti.c ****   */
  84:Drivers/STM32F1xx_HAL_Driver/Src/stm32f1xx_hal_exti.c **** 
  85:Drivers/STM32F1xx_HAL_Driver/Src/stm32f1xx_hal_exti.c **** /* Includes ------------------------------------------------------------------*/
  86:Drivers/STM32F1xx_HAL_Driver/Src/stm32f1xx_hal_exti.c **** #include "stm32f1xx_hal.h"
  87:Drivers/STM32F1xx_HAL_Driver/Src/stm32f1xx_hal_exti.c **** 
  88:Drivers/STM32F1xx_HAL_Driver/Src/stm32f1xx_hal_exti.c **** /** @addtogroup STM32F1xx_HAL_Driver
ARM GAS  /tmp/ccyueqAP.s 			page 3


  89:Drivers/STM32F1xx_HAL_Driver/Src/stm32f1xx_hal_exti.c ****   * @{
  90:Drivers/STM32F1xx_HAL_Driver/Src/stm32f1xx_hal_exti.c ****   */
  91:Drivers/STM32F1xx_HAL_Driver/Src/stm32f1xx_hal_exti.c **** 
  92:Drivers/STM32F1xx_HAL_Driver/Src/stm32f1xx_hal_exti.c **** /** @addtogroup EXTI
  93:Drivers/STM32F1xx_HAL_Driver/Src/stm32f1xx_hal_exti.c ****   * @{
  94:Drivers/STM32F1xx_HAL_Driver/Src/stm32f1xx_hal_exti.c ****   */
  95:Drivers/STM32F1xx_HAL_Driver/Src/stm32f1xx_hal_exti.c **** /** MISRA C:2012 deviation rule has been granted for following rule:
  96:Drivers/STM32F1xx_HAL_Driver/Src/stm32f1xx_hal_exti.c ****   * Rule-18.1_b - Medium: Array `EXTICR' 1st subscript interval [0,7] may be out
  97:Drivers/STM32F1xx_HAL_Driver/Src/stm32f1xx_hal_exti.c ****   * of bounds [0,3] in following API :
  98:Drivers/STM32F1xx_HAL_Driver/Src/stm32f1xx_hal_exti.c ****   * HAL_EXTI_SetConfigLine
  99:Drivers/STM32F1xx_HAL_Driver/Src/stm32f1xx_hal_exti.c ****   * HAL_EXTI_GetConfigLine
 100:Drivers/STM32F1xx_HAL_Driver/Src/stm32f1xx_hal_exti.c ****   * HAL_EXTI_ClearConfigLine
 101:Drivers/STM32F1xx_HAL_Driver/Src/stm32f1xx_hal_exti.c ****   */
 102:Drivers/STM32F1xx_HAL_Driver/Src/stm32f1xx_hal_exti.c **** 
 103:Drivers/STM32F1xx_HAL_Driver/Src/stm32f1xx_hal_exti.c **** #ifdef HAL_EXTI_MODULE_ENABLED
 104:Drivers/STM32F1xx_HAL_Driver/Src/stm32f1xx_hal_exti.c **** 
 105:Drivers/STM32F1xx_HAL_Driver/Src/stm32f1xx_hal_exti.c **** /* Private typedef -----------------------------------------------------------*/
 106:Drivers/STM32F1xx_HAL_Driver/Src/stm32f1xx_hal_exti.c **** /* Private defines -----------------------------------------------------------*/
 107:Drivers/STM32F1xx_HAL_Driver/Src/stm32f1xx_hal_exti.c **** /** @defgroup EXTI_Private_Constants EXTI Private Constants
 108:Drivers/STM32F1xx_HAL_Driver/Src/stm32f1xx_hal_exti.c ****   * @{
 109:Drivers/STM32F1xx_HAL_Driver/Src/stm32f1xx_hal_exti.c ****   */
 110:Drivers/STM32F1xx_HAL_Driver/Src/stm32f1xx_hal_exti.c **** 
 111:Drivers/STM32F1xx_HAL_Driver/Src/stm32f1xx_hal_exti.c **** /**
 112:Drivers/STM32F1xx_HAL_Driver/Src/stm32f1xx_hal_exti.c ****   * @}
 113:Drivers/STM32F1xx_HAL_Driver/Src/stm32f1xx_hal_exti.c ****   */
 114:Drivers/STM32F1xx_HAL_Driver/Src/stm32f1xx_hal_exti.c **** 
 115:Drivers/STM32F1xx_HAL_Driver/Src/stm32f1xx_hal_exti.c **** /* Private macros ------------------------------------------------------------*/
 116:Drivers/STM32F1xx_HAL_Driver/Src/stm32f1xx_hal_exti.c **** /* Private variables ---------------------------------------------------------*/
 117:Drivers/STM32F1xx_HAL_Driver/Src/stm32f1xx_hal_exti.c **** /* Private function prototypes -----------------------------------------------*/
 118:Drivers/STM32F1xx_HAL_Driver/Src/stm32f1xx_hal_exti.c **** /* Exported functions --------------------------------------------------------*/
 119:Drivers/STM32F1xx_HAL_Driver/Src/stm32f1xx_hal_exti.c **** 
 120:Drivers/STM32F1xx_HAL_Driver/Src/stm32f1xx_hal_exti.c **** /** @addtogroup EXTI_Exported_Functions
 121:Drivers/STM32F1xx_HAL_Driver/Src/stm32f1xx_hal_exti.c ****   * @{
 122:Drivers/STM32F1xx_HAL_Driver/Src/stm32f1xx_hal_exti.c ****   */
 123:Drivers/STM32F1xx_HAL_Driver/Src/stm32f1xx_hal_exti.c **** 
 124:Drivers/STM32F1xx_HAL_Driver/Src/stm32f1xx_hal_exti.c **** /** @addtogroup EXTI_Exported_Functions_Group1
 125:Drivers/STM32F1xx_HAL_Driver/Src/stm32f1xx_hal_exti.c ****   *  @brief    Configuration functions
 126:Drivers/STM32F1xx_HAL_Driver/Src/stm32f1xx_hal_exti.c ****   *
 127:Drivers/STM32F1xx_HAL_Driver/Src/stm32f1xx_hal_exti.c **** @verbatim
 128:Drivers/STM32F1xx_HAL_Driver/Src/stm32f1xx_hal_exti.c ****  ===============================================================================
 129:Drivers/STM32F1xx_HAL_Driver/Src/stm32f1xx_hal_exti.c ****               ##### Configuration functions #####
 130:Drivers/STM32F1xx_HAL_Driver/Src/stm32f1xx_hal_exti.c ****  ===============================================================================
 131:Drivers/STM32F1xx_HAL_Driver/Src/stm32f1xx_hal_exti.c **** 
 132:Drivers/STM32F1xx_HAL_Driver/Src/stm32f1xx_hal_exti.c **** @endverbatim
 133:Drivers/STM32F1xx_HAL_Driver/Src/stm32f1xx_hal_exti.c ****   * @{
 134:Drivers/STM32F1xx_HAL_Driver/Src/stm32f1xx_hal_exti.c ****   */
 135:Drivers/STM32F1xx_HAL_Driver/Src/stm32f1xx_hal_exti.c **** 
 136:Drivers/STM32F1xx_HAL_Driver/Src/stm32f1xx_hal_exti.c **** /**
 137:Drivers/STM32F1xx_HAL_Driver/Src/stm32f1xx_hal_exti.c ****   * @brief  Set configuration of a dedicated Exti line.
 138:Drivers/STM32F1xx_HAL_Driver/Src/stm32f1xx_hal_exti.c ****   * @param  hexti Exti handle.
 139:Drivers/STM32F1xx_HAL_Driver/Src/stm32f1xx_hal_exti.c ****   * @param  pExtiConfig Pointer on EXTI configuration to be set.
 140:Drivers/STM32F1xx_HAL_Driver/Src/stm32f1xx_hal_exti.c ****   * @retval HAL Status.
 141:Drivers/STM32F1xx_HAL_Driver/Src/stm32f1xx_hal_exti.c ****   */
 142:Drivers/STM32F1xx_HAL_Driver/Src/stm32f1xx_hal_exti.c **** HAL_StatusTypeDef HAL_EXTI_SetConfigLine(EXTI_HandleTypeDef *hexti, EXTI_ConfigTypeDef *pExtiConfig
 143:Drivers/STM32F1xx_HAL_Driver/Src/stm32f1xx_hal_exti.c **** {
  28              		.loc 1 143 1 view -0
  29              		.cfi_startproc
ARM GAS  /tmp/ccyueqAP.s 			page 4


  30              		@ args = 0, pretend = 0, frame = 0
  31              		@ frame_needed = 0, uses_anonymous_args = 0
 144:Drivers/STM32F1xx_HAL_Driver/Src/stm32f1xx_hal_exti.c ****   uint32_t regval;
  32              		.loc 1 144 3 view .LVU1
 145:Drivers/STM32F1xx_HAL_Driver/Src/stm32f1xx_hal_exti.c ****   uint32_t linepos;
  33              		.loc 1 145 3 view .LVU2
 146:Drivers/STM32F1xx_HAL_Driver/Src/stm32f1xx_hal_exti.c ****   uint32_t maskline;
  34              		.loc 1 146 3 view .LVU3
 147:Drivers/STM32F1xx_HAL_Driver/Src/stm32f1xx_hal_exti.c **** 
 148:Drivers/STM32F1xx_HAL_Driver/Src/stm32f1xx_hal_exti.c ****   /* Check null pointer */
 149:Drivers/STM32F1xx_HAL_Driver/Src/stm32f1xx_hal_exti.c ****   if ((hexti == NULL) || (pExtiConfig == NULL))
  35              		.loc 1 149 3 view .LVU4
  36              		.loc 1 149 6 is_stmt 0 view .LVU5
  37 0000 0028     		cmp	r0, #0
  38 0002 3ED0     		beq	.L2
  39              		.loc 1 149 23 discriminator 1 view .LVU6
  40 0004 0029     		cmp	r1, #0
  41 0006 3CD0     		beq	.L2
 143:Drivers/STM32F1xx_HAL_Driver/Src/stm32f1xx_hal_exti.c ****   uint32_t regval;
  42              		.loc 1 143 1 view .LVU7
  43 0008 10B5     		push	{r4, lr}
  44              	.LCFI0:
  45              		.cfi_def_cfa_offset 8
  46              		.cfi_offset 4, -8
  47              		.cfi_offset 14, -4
 150:Drivers/STM32F1xx_HAL_Driver/Src/stm32f1xx_hal_exti.c ****   {
 151:Drivers/STM32F1xx_HAL_Driver/Src/stm32f1xx_hal_exti.c ****     return HAL_ERROR;
 152:Drivers/STM32F1xx_HAL_Driver/Src/stm32f1xx_hal_exti.c ****   }
 153:Drivers/STM32F1xx_HAL_Driver/Src/stm32f1xx_hal_exti.c **** 
 154:Drivers/STM32F1xx_HAL_Driver/Src/stm32f1xx_hal_exti.c ****   /* Check parameters */
 155:Drivers/STM32F1xx_HAL_Driver/Src/stm32f1xx_hal_exti.c ****   assert_param(IS_EXTI_LINE(pExtiConfig->Line));
  48              		.loc 1 155 3 is_stmt 1 view .LVU8
 156:Drivers/STM32F1xx_HAL_Driver/Src/stm32f1xx_hal_exti.c ****   assert_param(IS_EXTI_MODE(pExtiConfig->Mode));
  49              		.loc 1 156 3 view .LVU9
 157:Drivers/STM32F1xx_HAL_Driver/Src/stm32f1xx_hal_exti.c **** 
 158:Drivers/STM32F1xx_HAL_Driver/Src/stm32f1xx_hal_exti.c ****   /* Assign line number to handle */
 159:Drivers/STM32F1xx_HAL_Driver/Src/stm32f1xx_hal_exti.c ****   hexti->Line = pExtiConfig->Line;
  50              		.loc 1 159 3 view .LVU10
  51              		.loc 1 159 28 is_stmt 0 view .LVU11
  52 000a 0B68     		ldr	r3, [r1]
  53              		.loc 1 159 15 view .LVU12
  54 000c 0360     		str	r3, [r0]
 160:Drivers/STM32F1xx_HAL_Driver/Src/stm32f1xx_hal_exti.c **** 
 161:Drivers/STM32F1xx_HAL_Driver/Src/stm32f1xx_hal_exti.c ****   /* Compute line mask */
 162:Drivers/STM32F1xx_HAL_Driver/Src/stm32f1xx_hal_exti.c ****   linepos = (pExtiConfig->Line & EXTI_PIN_MASK);
  55              		.loc 1 162 3 is_stmt 1 view .LVU13
  56              		.loc 1 162 11 is_stmt 0 view .LVU14
  57 000e 03F01F02 		and	r2, r3, #31
  58              	.LVL1:
 163:Drivers/STM32F1xx_HAL_Driver/Src/stm32f1xx_hal_exti.c ****   maskline = (1uL << linepos);
  59              		.loc 1 163 3 is_stmt 1 view .LVU15
  60              		.loc 1 163 12 is_stmt 0 view .LVU16
  61 0012 0120     		movs	r0, #1
  62              	.LVL2:
  63              		.loc 1 163 12 view .LVU17
  64 0014 9040     		lsls	r0, r0, r2
  65              	.LVL3:
ARM GAS  /tmp/ccyueqAP.s 			page 5


 164:Drivers/STM32F1xx_HAL_Driver/Src/stm32f1xx_hal_exti.c **** 
 165:Drivers/STM32F1xx_HAL_Driver/Src/stm32f1xx_hal_exti.c ****   /* Configure triggers for configurable lines */
 166:Drivers/STM32F1xx_HAL_Driver/Src/stm32f1xx_hal_exti.c ****   if ((pExtiConfig->Line & EXTI_CONFIG) != 0x00u)
  66              		.loc 1 166 3 is_stmt 1 view .LVU18
  67              		.loc 1 166 6 is_stmt 0 view .LVU19
  68 0016 13F0007F 		tst	r3, #33554432
  69 001a 20D0     		beq	.L5
 167:Drivers/STM32F1xx_HAL_Driver/Src/stm32f1xx_hal_exti.c ****   {
 168:Drivers/STM32F1xx_HAL_Driver/Src/stm32f1xx_hal_exti.c ****     assert_param(IS_EXTI_TRIGGER(pExtiConfig->Trigger));
  70              		.loc 1 168 5 is_stmt 1 view .LVU20
 169:Drivers/STM32F1xx_HAL_Driver/Src/stm32f1xx_hal_exti.c **** 
 170:Drivers/STM32F1xx_HAL_Driver/Src/stm32f1xx_hal_exti.c ****     /* Configure rising trigger */
 171:Drivers/STM32F1xx_HAL_Driver/Src/stm32f1xx_hal_exti.c ****     /* Mask or set line */
 172:Drivers/STM32F1xx_HAL_Driver/Src/stm32f1xx_hal_exti.c ****     if ((pExtiConfig->Trigger & EXTI_TRIGGER_RISING) != 0x00u)
  71              		.loc 1 172 5 view .LVU21
  72              		.loc 1 172 8 is_stmt 0 view .LVU22
  73 001c D1F808C0 		ldr	ip, [r1, #8]
  74 0020 1CF0010F 		tst	ip, #1
  75 0024 2FD0     		beq	.L6
 173:Drivers/STM32F1xx_HAL_Driver/Src/stm32f1xx_hal_exti.c ****     {
 174:Drivers/STM32F1xx_HAL_Driver/Src/stm32f1xx_hal_exti.c ****       EXTI->RTSR |= maskline;
  76              		.loc 1 174 7 is_stmt 1 view .LVU23
  77              		.loc 1 174 11 is_stmt 0 view .LVU24
  78 0026 DFF8C8E0 		ldr	lr, .L18
  79 002a DEF808C0 		ldr	ip, [lr, #8]
  80              		.loc 1 174 18 view .LVU25
  81 002e 4CEA000C 		orr	ip, ip, r0
  82 0032 CEF808C0 		str	ip, [lr, #8]
  83              	.L7:
 175:Drivers/STM32F1xx_HAL_Driver/Src/stm32f1xx_hal_exti.c ****     }
 176:Drivers/STM32F1xx_HAL_Driver/Src/stm32f1xx_hal_exti.c ****     else
 177:Drivers/STM32F1xx_HAL_Driver/Src/stm32f1xx_hal_exti.c ****     {
 178:Drivers/STM32F1xx_HAL_Driver/Src/stm32f1xx_hal_exti.c ****       EXTI->RTSR &= ~maskline;
 179:Drivers/STM32F1xx_HAL_Driver/Src/stm32f1xx_hal_exti.c ****     }
 180:Drivers/STM32F1xx_HAL_Driver/Src/stm32f1xx_hal_exti.c **** 
 181:Drivers/STM32F1xx_HAL_Driver/Src/stm32f1xx_hal_exti.c ****     /* Configure falling trigger */
 182:Drivers/STM32F1xx_HAL_Driver/Src/stm32f1xx_hal_exti.c ****     /* Mask or set line */
 183:Drivers/STM32F1xx_HAL_Driver/Src/stm32f1xx_hal_exti.c ****     if ((pExtiConfig->Trigger & EXTI_TRIGGER_FALLING) != 0x00u)
  84              		.loc 1 183 5 is_stmt 1 view .LVU26
  85              		.loc 1 183 8 is_stmt 0 view .LVU27
  86 0036 D1F808C0 		ldr	ip, [r1, #8]
  87 003a 1CF0020F 		tst	ip, #2
  88 003e 2BD0     		beq	.L8
 184:Drivers/STM32F1xx_HAL_Driver/Src/stm32f1xx_hal_exti.c ****     {
 185:Drivers/STM32F1xx_HAL_Driver/Src/stm32f1xx_hal_exti.c ****       EXTI->FTSR |= maskline;
  89              		.loc 1 185 7 is_stmt 1 view .LVU28
  90              		.loc 1 185 11 is_stmt 0 view .LVU29
  91 0040 DFF8ACE0 		ldr	lr, .L18
  92 0044 DEF80CC0 		ldr	ip, [lr, #12]
  93              		.loc 1 185 18 view .LVU30
  94 0048 4CEA000C 		orr	ip, ip, r0
  95 004c CEF80CC0 		str	ip, [lr, #12]
  96              	.L9:
 186:Drivers/STM32F1xx_HAL_Driver/Src/stm32f1xx_hal_exti.c ****     }
 187:Drivers/STM32F1xx_HAL_Driver/Src/stm32f1xx_hal_exti.c ****     else
 188:Drivers/STM32F1xx_HAL_Driver/Src/stm32f1xx_hal_exti.c ****     {
 189:Drivers/STM32F1xx_HAL_Driver/Src/stm32f1xx_hal_exti.c ****       EXTI->FTSR &= ~maskline;
ARM GAS  /tmp/ccyueqAP.s 			page 6


 190:Drivers/STM32F1xx_HAL_Driver/Src/stm32f1xx_hal_exti.c ****     }
 191:Drivers/STM32F1xx_HAL_Driver/Src/stm32f1xx_hal_exti.c **** 
 192:Drivers/STM32F1xx_HAL_Driver/Src/stm32f1xx_hal_exti.c **** 
 193:Drivers/STM32F1xx_HAL_Driver/Src/stm32f1xx_hal_exti.c ****     /* Configure gpio port selection in case of gpio exti line */
 194:Drivers/STM32F1xx_HAL_Driver/Src/stm32f1xx_hal_exti.c ****     if ((pExtiConfig->Line & EXTI_GPIO) == EXTI_GPIO)
  97              		.loc 1 194 5 is_stmt 1 view .LVU31
  98              		.loc 1 194 28 is_stmt 0 view .LVU32
  99 0050 D1F800C0 		ldr	ip, [r1]
 100 0054 0CF0C06C 		and	ip, ip, #100663296
 101              		.loc 1 194 8 view .LVU33
 102 0058 BCF1C06F 		cmp	ip, #100663296
 103 005c 25D0     		beq	.L17
 104              	.LVL4:
 105              	.L5:
 195:Drivers/STM32F1xx_HAL_Driver/Src/stm32f1xx_hal_exti.c ****     {
 196:Drivers/STM32F1xx_HAL_Driver/Src/stm32f1xx_hal_exti.c ****       assert_param(IS_EXTI_GPIO_PORT(pExtiConfig->GPIOSel));
 197:Drivers/STM32F1xx_HAL_Driver/Src/stm32f1xx_hal_exti.c ****       assert_param(IS_EXTI_GPIO_PIN(linepos));
 198:Drivers/STM32F1xx_HAL_Driver/Src/stm32f1xx_hal_exti.c ****       
 199:Drivers/STM32F1xx_HAL_Driver/Src/stm32f1xx_hal_exti.c ****       regval = AFIO->EXTICR[linepos >> 2u];
 200:Drivers/STM32F1xx_HAL_Driver/Src/stm32f1xx_hal_exti.c ****       regval &= ~(AFIO_EXTICR1_EXTI0 << (AFIO_EXTICR1_EXTI1_Pos * (linepos & 0x03u)));
 201:Drivers/STM32F1xx_HAL_Driver/Src/stm32f1xx_hal_exti.c ****       regval |= (pExtiConfig->GPIOSel << (AFIO_EXTICR1_EXTI1_Pos * (linepos & 0x03u)));
 202:Drivers/STM32F1xx_HAL_Driver/Src/stm32f1xx_hal_exti.c ****       AFIO->EXTICR[linepos >> 2u] = regval;
 203:Drivers/STM32F1xx_HAL_Driver/Src/stm32f1xx_hal_exti.c ****     }
 204:Drivers/STM32F1xx_HAL_Driver/Src/stm32f1xx_hal_exti.c ****   }
 205:Drivers/STM32F1xx_HAL_Driver/Src/stm32f1xx_hal_exti.c **** 
 206:Drivers/STM32F1xx_HAL_Driver/Src/stm32f1xx_hal_exti.c ****   /* Configure interrupt mode : read current mode */
 207:Drivers/STM32F1xx_HAL_Driver/Src/stm32f1xx_hal_exti.c ****   /* Mask or set line */
 208:Drivers/STM32F1xx_HAL_Driver/Src/stm32f1xx_hal_exti.c ****   if ((pExtiConfig->Mode & EXTI_MODE_INTERRUPT) != 0x00u)
 106              		.loc 1 208 3 is_stmt 1 view .LVU34
 107              		.loc 1 208 19 is_stmt 0 view .LVU35
 108 005e 4B68     		ldr	r3, [r1, #4]
 109              		.loc 1 208 6 view .LVU36
 110 0060 13F0010F 		tst	r3, #1
 111 0064 38D0     		beq	.L10
 209:Drivers/STM32F1xx_HAL_Driver/Src/stm32f1xx_hal_exti.c ****   {
 210:Drivers/STM32F1xx_HAL_Driver/Src/stm32f1xx_hal_exti.c ****     EXTI->IMR |= maskline;
 112              		.loc 1 210 5 is_stmt 1 view .LVU37
 113              		.loc 1 210 9 is_stmt 0 view .LVU38
 114 0066 224A     		ldr	r2, .L18
 115 0068 1368     		ldr	r3, [r2]
 116              		.loc 1 210 15 view .LVU39
 117 006a 0343     		orrs	r3, r3, r0
 118 006c 1360     		str	r3, [r2]
 119              	.L11:
 211:Drivers/STM32F1xx_HAL_Driver/Src/stm32f1xx_hal_exti.c ****   }
 212:Drivers/STM32F1xx_HAL_Driver/Src/stm32f1xx_hal_exti.c ****   else
 213:Drivers/STM32F1xx_HAL_Driver/Src/stm32f1xx_hal_exti.c ****   {
 214:Drivers/STM32F1xx_HAL_Driver/Src/stm32f1xx_hal_exti.c ****     EXTI->IMR &= ~maskline;
 215:Drivers/STM32F1xx_HAL_Driver/Src/stm32f1xx_hal_exti.c ****   }
 216:Drivers/STM32F1xx_HAL_Driver/Src/stm32f1xx_hal_exti.c **** 
 217:Drivers/STM32F1xx_HAL_Driver/Src/stm32f1xx_hal_exti.c ****   /* Configure event mode : read current mode */
 218:Drivers/STM32F1xx_HAL_Driver/Src/stm32f1xx_hal_exti.c ****   /* Mask or set line */
 219:Drivers/STM32F1xx_HAL_Driver/Src/stm32f1xx_hal_exti.c ****   if ((pExtiConfig->Mode & EXTI_MODE_EVENT) != 0x00u)
 120              		.loc 1 219 3 is_stmt 1 view .LVU40
 121              		.loc 1 219 19 is_stmt 0 view .LVU41
 122 006e 4B68     		ldr	r3, [r1, #4]
 123              		.loc 1 219 6 view .LVU42
ARM GAS  /tmp/ccyueqAP.s 			page 7


 124 0070 13F0020F 		tst	r3, #2
 125 0074 36D0     		beq	.L12
 220:Drivers/STM32F1xx_HAL_Driver/Src/stm32f1xx_hal_exti.c ****   {
 221:Drivers/STM32F1xx_HAL_Driver/Src/stm32f1xx_hal_exti.c ****     EXTI->EMR |= maskline;
 126              		.loc 1 221 5 is_stmt 1 view .LVU43
 127              		.loc 1 221 9 is_stmt 0 view .LVU44
 128 0076 1E4A     		ldr	r2, .L18
 129 0078 5368     		ldr	r3, [r2, #4]
 130              		.loc 1 221 15 view .LVU45
 131 007a 0343     		orrs	r3, r3, r0
 132 007c 5360     		str	r3, [r2, #4]
 133              	.L13:
 222:Drivers/STM32F1xx_HAL_Driver/Src/stm32f1xx_hal_exti.c ****   }
 223:Drivers/STM32F1xx_HAL_Driver/Src/stm32f1xx_hal_exti.c ****   else
 224:Drivers/STM32F1xx_HAL_Driver/Src/stm32f1xx_hal_exti.c ****   {
 225:Drivers/STM32F1xx_HAL_Driver/Src/stm32f1xx_hal_exti.c ****     EXTI->EMR &= ~maskline;
 226:Drivers/STM32F1xx_HAL_Driver/Src/stm32f1xx_hal_exti.c ****   }
 227:Drivers/STM32F1xx_HAL_Driver/Src/stm32f1xx_hal_exti.c **** 
 228:Drivers/STM32F1xx_HAL_Driver/Src/stm32f1xx_hal_exti.c ****   return HAL_OK;
 134              		.loc 1 228 10 view .LVU46
 135 007e 0020     		movs	r0, #0
 136              	.LVL5:
 229:Drivers/STM32F1xx_HAL_Driver/Src/stm32f1xx_hal_exti.c **** }
 137              		.loc 1 229 1 view .LVU47
 138 0080 10BD     		pop	{r4, pc}
 139              	.LVL6:
 140              	.L2:
 141              	.LCFI1:
 142              		.cfi_def_cfa_offset 0
 143              		.cfi_restore 4
 144              		.cfi_restore 14
 151:Drivers/STM32F1xx_HAL_Driver/Src/stm32f1xx_hal_exti.c ****   }
 145              		.loc 1 151 12 view .LVU48
 146 0082 0120     		movs	r0, #1
 147              	.LVL7:
 148              		.loc 1 229 1 view .LVU49
 149 0084 7047     		bx	lr
 150              	.LVL8:
 151              	.L6:
 152              	.LCFI2:
 153              		.cfi_def_cfa_offset 8
 154              		.cfi_offset 4, -8
 155              		.cfi_offset 14, -4
 178:Drivers/STM32F1xx_HAL_Driver/Src/stm32f1xx_hal_exti.c ****     }
 156              		.loc 1 178 7 is_stmt 1 view .LVU50
 178:Drivers/STM32F1xx_HAL_Driver/Src/stm32f1xx_hal_exti.c ****     }
 157              		.loc 1 178 11 is_stmt 0 view .LVU51
 158 0086 DFF868E0 		ldr	lr, .L18
 159 008a DEF808C0 		ldr	ip, [lr, #8]
 178:Drivers/STM32F1xx_HAL_Driver/Src/stm32f1xx_hal_exti.c ****     }
 160              		.loc 1 178 18 view .LVU52
 161 008e 2CEA000C 		bic	ip, ip, r0
 162 0092 CEF808C0 		str	ip, [lr, #8]
 163 0096 CEE7     		b	.L7
 164              	.L8:
 189:Drivers/STM32F1xx_HAL_Driver/Src/stm32f1xx_hal_exti.c ****     }
 165              		.loc 1 189 7 is_stmt 1 view .LVU53
ARM GAS  /tmp/ccyueqAP.s 			page 8


 189:Drivers/STM32F1xx_HAL_Driver/Src/stm32f1xx_hal_exti.c ****     }
 166              		.loc 1 189 11 is_stmt 0 view .LVU54
 167 0098 DFF854E0 		ldr	lr, .L18
 168 009c DEF80CC0 		ldr	ip, [lr, #12]
 189:Drivers/STM32F1xx_HAL_Driver/Src/stm32f1xx_hal_exti.c ****     }
 169              		.loc 1 189 18 view .LVU55
 170 00a0 2CEA000C 		bic	ip, ip, r0
 171 00a4 CEF80CC0 		str	ip, [lr, #12]
 172 00a8 D2E7     		b	.L9
 173              	.L17:
 196:Drivers/STM32F1xx_HAL_Driver/Src/stm32f1xx_hal_exti.c ****       assert_param(IS_EXTI_GPIO_PIN(linepos));
 174              		.loc 1 196 7 is_stmt 1 view .LVU56
 197:Drivers/STM32F1xx_HAL_Driver/Src/stm32f1xx_hal_exti.c ****       
 175              		.loc 1 197 7 view .LVU57
 199:Drivers/STM32F1xx_HAL_Driver/Src/stm32f1xx_hal_exti.c ****       regval &= ~(AFIO_EXTICR1_EXTI0 << (AFIO_EXTICR1_EXTI1_Pos * (linepos & 0x03u)));
 176              		.loc 1 199 7 view .LVU58
 199:Drivers/STM32F1xx_HAL_Driver/Src/stm32f1xx_hal_exti.c ****       regval &= ~(AFIO_EXTICR1_EXTI0 << (AFIO_EXTICR1_EXTI1_Pos * (linepos & 0x03u)));
 177              		.loc 1 199 37 is_stmt 0 view .LVU59
 178 00aa 9208     		lsrs	r2, r2, #2
 179              	.LVL9:
 199:Drivers/STM32F1xx_HAL_Driver/Src/stm32f1xx_hal_exti.c ****       regval &= ~(AFIO_EXTICR1_EXTI0 << (AFIO_EXTICR1_EXTI1_Pos * (linepos & 0x03u)));
 180              		.loc 1 199 14 view .LVU60
 181 00ac 0232     		adds	r2, r2, #2
 182 00ae 114C     		ldr	r4, .L18+4
 183 00b0 54F822C0 		ldr	ip, [r4, r2, lsl #2]
 184              	.LVL10:
 200:Drivers/STM32F1xx_HAL_Driver/Src/stm32f1xx_hal_exti.c ****       regval |= (pExtiConfig->GPIOSel << (AFIO_EXTICR1_EXTI1_Pos * (linepos & 0x03u)));
 185              		.loc 1 200 7 is_stmt 1 view .LVU61
 200:Drivers/STM32F1xx_HAL_Driver/Src/stm32f1xx_hal_exti.c ****       regval |= (pExtiConfig->GPIOSel << (AFIO_EXTICR1_EXTI1_Pos * (linepos & 0x03u)));
 186              		.loc 1 200 76 is_stmt 0 view .LVU62
 187 00b4 03F00303 		and	r3, r3, #3
 188              	.LVL11:
 200:Drivers/STM32F1xx_HAL_Driver/Src/stm32f1xx_hal_exti.c ****       regval |= (pExtiConfig->GPIOSel << (AFIO_EXTICR1_EXTI1_Pos * (linepos & 0x03u)));
 189              		.loc 1 200 65 view .LVU63
 190 00b8 9B00     		lsls	r3, r3, #2
 200:Drivers/STM32F1xx_HAL_Driver/Src/stm32f1xx_hal_exti.c ****       regval |= (pExtiConfig->GPIOSel << (AFIO_EXTICR1_EXTI1_Pos * (linepos & 0x03u)));
 191              		.loc 1 200 38 view .LVU64
 192 00ba 4FF00F0E 		mov	lr, #15
 193 00be 0EFA03FE 		lsl	lr, lr, r3
 200:Drivers/STM32F1xx_HAL_Driver/Src/stm32f1xx_hal_exti.c ****       regval |= (pExtiConfig->GPIOSel << (AFIO_EXTICR1_EXTI1_Pos * (linepos & 0x03u)));
 194              		.loc 1 200 14 view .LVU65
 195 00c2 2CEA0E0C 		bic	ip, ip, lr
 196              	.LVL12:
 201:Drivers/STM32F1xx_HAL_Driver/Src/stm32f1xx_hal_exti.c ****       AFIO->EXTICR[linepos >> 2u] = regval;
 197              		.loc 1 201 7 is_stmt 1 view .LVU66
 201:Drivers/STM32F1xx_HAL_Driver/Src/stm32f1xx_hal_exti.c ****       AFIO->EXTICR[linepos >> 2u] = regval;
 198              		.loc 1 201 39 is_stmt 0 view .LVU67
 199 00c6 D1F80CE0 		ldr	lr, [r1, #12]
 200 00ca 0EFA03F3 		lsl	r3, lr, r3
 201:Drivers/STM32F1xx_HAL_Driver/Src/stm32f1xx_hal_exti.c ****       AFIO->EXTICR[linepos >> 2u] = regval;
 201              		.loc 1 201 14 view .LVU68
 202 00ce 43EA0C03 		orr	r3, r3, ip
 203              	.LVL13:
 202:Drivers/STM32F1xx_HAL_Driver/Src/stm32f1xx_hal_exti.c ****     }
 204              		.loc 1 202 7 is_stmt 1 view .LVU69
 202:Drivers/STM32F1xx_HAL_Driver/Src/stm32f1xx_hal_exti.c ****     }
 205              		.loc 1 202 35 is_stmt 0 view .LVU70
ARM GAS  /tmp/ccyueqAP.s 			page 9


 206 00d2 44F82230 		str	r3, [r4, r2, lsl #2]
 207 00d6 C2E7     		b	.L5
 208              	.LVL14:
 209              	.L10:
 214:Drivers/STM32F1xx_HAL_Driver/Src/stm32f1xx_hal_exti.c ****   }
 210              		.loc 1 214 5 is_stmt 1 view .LVU71
 214:Drivers/STM32F1xx_HAL_Driver/Src/stm32f1xx_hal_exti.c ****   }
 211              		.loc 1 214 9 is_stmt 0 view .LVU72
 212 00d8 054A     		ldr	r2, .L18
 213 00da 1368     		ldr	r3, [r2]
 214:Drivers/STM32F1xx_HAL_Driver/Src/stm32f1xx_hal_exti.c ****   }
 214              		.loc 1 214 15 view .LVU73
 215 00dc 23EA0003 		bic	r3, r3, r0
 216 00e0 1360     		str	r3, [r2]
 217 00e2 C4E7     		b	.L11
 218              	.L12:
 225:Drivers/STM32F1xx_HAL_Driver/Src/stm32f1xx_hal_exti.c ****   }
 219              		.loc 1 225 5 is_stmt 1 view .LVU74
 225:Drivers/STM32F1xx_HAL_Driver/Src/stm32f1xx_hal_exti.c ****   }
 220              		.loc 1 225 9 is_stmt 0 view .LVU75
 221 00e4 024A     		ldr	r2, .L18
 222 00e6 5368     		ldr	r3, [r2, #4]
 225:Drivers/STM32F1xx_HAL_Driver/Src/stm32f1xx_hal_exti.c ****   }
 223              		.loc 1 225 15 view .LVU76
 224 00e8 23EA0003 		bic	r3, r3, r0
 225 00ec 5360     		str	r3, [r2, #4]
 226 00ee C6E7     		b	.L13
 227              	.L19:
 228              		.align	2
 229              	.L18:
 230 00f0 00040140 		.word	1073808384
 231 00f4 00000140 		.word	1073807360
 232              		.cfi_endproc
 233              	.LFE65:
 235              		.section	.text.HAL_EXTI_GetConfigLine,"ax",%progbits
 236              		.align	1
 237              		.global	HAL_EXTI_GetConfigLine
 238              		.syntax unified
 239              		.thumb
 240              		.thumb_func
 242              	HAL_EXTI_GetConfigLine:
 243              	.LVL15:
 244              	.LFB66:
 230:Drivers/STM32F1xx_HAL_Driver/Src/stm32f1xx_hal_exti.c **** 
 231:Drivers/STM32F1xx_HAL_Driver/Src/stm32f1xx_hal_exti.c **** /**
 232:Drivers/STM32F1xx_HAL_Driver/Src/stm32f1xx_hal_exti.c ****   * @brief  Get configuration of a dedicated Exti line.
 233:Drivers/STM32F1xx_HAL_Driver/Src/stm32f1xx_hal_exti.c ****   * @param  hexti Exti handle.
 234:Drivers/STM32F1xx_HAL_Driver/Src/stm32f1xx_hal_exti.c ****   * @param  pExtiConfig Pointer on structure to store Exti configuration.
 235:Drivers/STM32F1xx_HAL_Driver/Src/stm32f1xx_hal_exti.c ****   * @retval HAL Status.
 236:Drivers/STM32F1xx_HAL_Driver/Src/stm32f1xx_hal_exti.c ****   */
 237:Drivers/STM32F1xx_HAL_Driver/Src/stm32f1xx_hal_exti.c **** HAL_StatusTypeDef HAL_EXTI_GetConfigLine(EXTI_HandleTypeDef *hexti, EXTI_ConfigTypeDef *pExtiConfig
 238:Drivers/STM32F1xx_HAL_Driver/Src/stm32f1xx_hal_exti.c **** {
 245              		.loc 1 238 1 is_stmt 1 view -0
 246              		.cfi_startproc
 247              		@ args = 0, pretend = 0, frame = 0
 248              		@ frame_needed = 0, uses_anonymous_args = 0
 239:Drivers/STM32F1xx_HAL_Driver/Src/stm32f1xx_hal_exti.c ****   uint32_t regval;
ARM GAS  /tmp/ccyueqAP.s 			page 10


 249              		.loc 1 239 3 view .LVU78
 240:Drivers/STM32F1xx_HAL_Driver/Src/stm32f1xx_hal_exti.c ****   uint32_t linepos;
 250              		.loc 1 240 3 view .LVU79
 241:Drivers/STM32F1xx_HAL_Driver/Src/stm32f1xx_hal_exti.c ****   uint32_t maskline;
 251              		.loc 1 241 3 view .LVU80
 242:Drivers/STM32F1xx_HAL_Driver/Src/stm32f1xx_hal_exti.c **** 
 243:Drivers/STM32F1xx_HAL_Driver/Src/stm32f1xx_hal_exti.c ****   /* Check null pointer */
 244:Drivers/STM32F1xx_HAL_Driver/Src/stm32f1xx_hal_exti.c ****   if ((hexti == NULL) || (pExtiConfig == NULL))
 252              		.loc 1 244 3 view .LVU81
 253              		.loc 1 244 6 is_stmt 0 view .LVU82
 254 0000 0028     		cmp	r0, #0
 255 0002 49D0     		beq	.L21
 256              		.loc 1 244 23 discriminator 1 view .LVU83
 257 0004 0029     		cmp	r1, #0
 258 0006 47D0     		beq	.L21
 238:Drivers/STM32F1xx_HAL_Driver/Src/stm32f1xx_hal_exti.c ****   uint32_t regval;
 259              		.loc 1 238 1 view .LVU84
 260 0008 00B5     		push	{lr}
 261              	.LCFI3:
 262              		.cfi_def_cfa_offset 4
 263              		.cfi_offset 14, -4
 245:Drivers/STM32F1xx_HAL_Driver/Src/stm32f1xx_hal_exti.c ****   {
 246:Drivers/STM32F1xx_HAL_Driver/Src/stm32f1xx_hal_exti.c ****     return HAL_ERROR;
 247:Drivers/STM32F1xx_HAL_Driver/Src/stm32f1xx_hal_exti.c ****   }
 248:Drivers/STM32F1xx_HAL_Driver/Src/stm32f1xx_hal_exti.c **** 
 249:Drivers/STM32F1xx_HAL_Driver/Src/stm32f1xx_hal_exti.c ****   /* Check the parameter */
 250:Drivers/STM32F1xx_HAL_Driver/Src/stm32f1xx_hal_exti.c ****   assert_param(IS_EXTI_LINE(hexti->Line));
 264              		.loc 1 250 3 is_stmt 1 view .LVU85
 251:Drivers/STM32F1xx_HAL_Driver/Src/stm32f1xx_hal_exti.c **** 
 252:Drivers/STM32F1xx_HAL_Driver/Src/stm32f1xx_hal_exti.c ****   /* Store handle line number to configuration structure */
 253:Drivers/STM32F1xx_HAL_Driver/Src/stm32f1xx_hal_exti.c ****   pExtiConfig->Line = hexti->Line;
 265              		.loc 1 253 3 view .LVU86
 266              		.loc 1 253 28 is_stmt 0 view .LVU87
 267 000a D0F800C0 		ldr	ip, [r0]
 268              		.loc 1 253 21 view .LVU88
 269 000e C1F800C0 		str	ip, [r1]
 254:Drivers/STM32F1xx_HAL_Driver/Src/stm32f1xx_hal_exti.c **** 
 255:Drivers/STM32F1xx_HAL_Driver/Src/stm32f1xx_hal_exti.c ****   /* Compute line mask */
 256:Drivers/STM32F1xx_HAL_Driver/Src/stm32f1xx_hal_exti.c ****   linepos = (pExtiConfig->Line & EXTI_PIN_MASK);
 270              		.loc 1 256 3 is_stmt 1 view .LVU89
 271              		.loc 1 256 11 is_stmt 0 view .LVU90
 272 0012 0CF01F0E 		and	lr, ip, #31
 273              	.LVL16:
 257:Drivers/STM32F1xx_HAL_Driver/Src/stm32f1xx_hal_exti.c ****   maskline = (1uL << linepos);
 274              		.loc 1 257 3 is_stmt 1 view .LVU91
 275              		.loc 1 257 12 is_stmt 0 view .LVU92
 276 0016 0123     		movs	r3, #1
 277 0018 03FA0EF3 		lsl	r3, r3, lr
 278              	.LVL17:
 258:Drivers/STM32F1xx_HAL_Driver/Src/stm32f1xx_hal_exti.c **** 
 259:Drivers/STM32F1xx_HAL_Driver/Src/stm32f1xx_hal_exti.c ****   /* 1] Get core mode : interrupt */
 260:Drivers/STM32F1xx_HAL_Driver/Src/stm32f1xx_hal_exti.c **** 
 261:Drivers/STM32F1xx_HAL_Driver/Src/stm32f1xx_hal_exti.c ****   /* Check if selected line is enable */
 262:Drivers/STM32F1xx_HAL_Driver/Src/stm32f1xx_hal_exti.c ****   if ((EXTI->IMR & maskline) != 0x00u)
 279              		.loc 1 262 3 is_stmt 1 view .LVU93
 280              		.loc 1 262 12 is_stmt 0 view .LVU94
 281 001c 1F48     		ldr	r0, .L34
ARM GAS  /tmp/ccyueqAP.s 			page 11


 282              	.LVL18:
 283              		.loc 1 262 12 view .LVU95
 284 001e 0068     		ldr	r0, [r0]
 285              		.loc 1 262 6 view .LVU96
 286 0020 1842     		tst	r0, r3
 287 0022 27D0     		beq	.L22
 263:Drivers/STM32F1xx_HAL_Driver/Src/stm32f1xx_hal_exti.c ****   {
 264:Drivers/STM32F1xx_HAL_Driver/Src/stm32f1xx_hal_exti.c ****     pExtiConfig->Mode = EXTI_MODE_INTERRUPT;
 288              		.loc 1 264 5 is_stmt 1 view .LVU97
 289              		.loc 1 264 23 is_stmt 0 view .LVU98
 290 0024 0122     		movs	r2, #1
 291 0026 4A60     		str	r2, [r1, #4]
 292              	.L23:
 265:Drivers/STM32F1xx_HAL_Driver/Src/stm32f1xx_hal_exti.c ****   }
 266:Drivers/STM32F1xx_HAL_Driver/Src/stm32f1xx_hal_exti.c ****   else
 267:Drivers/STM32F1xx_HAL_Driver/Src/stm32f1xx_hal_exti.c ****   {
 268:Drivers/STM32F1xx_HAL_Driver/Src/stm32f1xx_hal_exti.c ****     pExtiConfig->Mode = EXTI_MODE_NONE;
 269:Drivers/STM32F1xx_HAL_Driver/Src/stm32f1xx_hal_exti.c ****   }
 270:Drivers/STM32F1xx_HAL_Driver/Src/stm32f1xx_hal_exti.c **** 
 271:Drivers/STM32F1xx_HAL_Driver/Src/stm32f1xx_hal_exti.c ****   /* Get event mode */
 272:Drivers/STM32F1xx_HAL_Driver/Src/stm32f1xx_hal_exti.c ****   /* Check if selected line is enable */
 273:Drivers/STM32F1xx_HAL_Driver/Src/stm32f1xx_hal_exti.c ****   if ((EXTI->EMR & maskline) != 0x00u)
 293              		.loc 1 273 3 is_stmt 1 view .LVU99
 294              		.loc 1 273 12 is_stmt 0 view .LVU100
 295 0028 1C48     		ldr	r0, .L34
 296 002a 4068     		ldr	r0, [r0, #4]
 297              		.loc 1 273 6 view .LVU101
 298 002c 1842     		tst	r0, r3
 299 002e 03D0     		beq	.L24
 274:Drivers/STM32F1xx_HAL_Driver/Src/stm32f1xx_hal_exti.c ****   {
 275:Drivers/STM32F1xx_HAL_Driver/Src/stm32f1xx_hal_exti.c ****     pExtiConfig->Mode |= EXTI_MODE_EVENT;
 300              		.loc 1 275 5 is_stmt 1 view .LVU102
 301              		.loc 1 275 16 is_stmt 0 view .LVU103
 302 0030 4868     		ldr	r0, [r1, #4]
 303              		.loc 1 275 23 view .LVU104
 304 0032 40F00200 		orr	r0, r0, #2
 305 0036 4860     		str	r0, [r1, #4]
 306              	.L24:
 276:Drivers/STM32F1xx_HAL_Driver/Src/stm32f1xx_hal_exti.c ****   }
 277:Drivers/STM32F1xx_HAL_Driver/Src/stm32f1xx_hal_exti.c **** 
 278:Drivers/STM32F1xx_HAL_Driver/Src/stm32f1xx_hal_exti.c ****   /* Get default Trigger and GPIOSel configuration */
 279:Drivers/STM32F1xx_HAL_Driver/Src/stm32f1xx_hal_exti.c ****   pExtiConfig->Trigger = EXTI_TRIGGER_NONE;
 307              		.loc 1 279 3 is_stmt 1 view .LVU105
 308              		.loc 1 279 24 is_stmt 0 view .LVU106
 309 0038 0022     		movs	r2, #0
 310 003a 8A60     		str	r2, [r1, #8]
 280:Drivers/STM32F1xx_HAL_Driver/Src/stm32f1xx_hal_exti.c ****   pExtiConfig->GPIOSel = 0x00u;
 311              		.loc 1 280 3 is_stmt 1 view .LVU107
 312              		.loc 1 280 24 is_stmt 0 view .LVU108
 313 003c CA60     		str	r2, [r1, #12]
 281:Drivers/STM32F1xx_HAL_Driver/Src/stm32f1xx_hal_exti.c **** 
 282:Drivers/STM32F1xx_HAL_Driver/Src/stm32f1xx_hal_exti.c ****   /* 2] Get trigger for configurable lines : rising */
 283:Drivers/STM32F1xx_HAL_Driver/Src/stm32f1xx_hal_exti.c ****   if ((pExtiConfig->Line & EXTI_CONFIG) != 0x00u)
 314              		.loc 1 283 3 is_stmt 1 view .LVU109
 315              		.loc 1 283 6 is_stmt 0 view .LVU110
 316 003e 1CF0007F 		tst	ip, #33554432
 317 0042 15D0     		beq	.L25
ARM GAS  /tmp/ccyueqAP.s 			page 12


 284:Drivers/STM32F1xx_HAL_Driver/Src/stm32f1xx_hal_exti.c ****   {
 285:Drivers/STM32F1xx_HAL_Driver/Src/stm32f1xx_hal_exti.c ****     /* Check if configuration of selected line is enable */
 286:Drivers/STM32F1xx_HAL_Driver/Src/stm32f1xx_hal_exti.c ****     if ((EXTI->RTSR & maskline) != 0x00u)
 318              		.loc 1 286 5 is_stmt 1 view .LVU111
 319              		.loc 1 286 14 is_stmt 0 view .LVU112
 320 0044 02F18042 		add	r2, r2, #1073741824
 321 0048 02F58232 		add	r2, r2, #66560
 322 004c 9268     		ldr	r2, [r2, #8]
 323              		.loc 1 286 8 view .LVU113
 324 004e 1A42     		tst	r2, r3
 325 0050 01D0     		beq	.L26
 287:Drivers/STM32F1xx_HAL_Driver/Src/stm32f1xx_hal_exti.c ****     {
 288:Drivers/STM32F1xx_HAL_Driver/Src/stm32f1xx_hal_exti.c ****       pExtiConfig->Trigger = EXTI_TRIGGER_RISING;
 326              		.loc 1 288 7 is_stmt 1 view .LVU114
 327              		.loc 1 288 28 is_stmt 0 view .LVU115
 328 0052 0122     		movs	r2, #1
 329 0054 8A60     		str	r2, [r1, #8]
 330              	.L26:
 289:Drivers/STM32F1xx_HAL_Driver/Src/stm32f1xx_hal_exti.c ****     }
 290:Drivers/STM32F1xx_HAL_Driver/Src/stm32f1xx_hal_exti.c **** 
 291:Drivers/STM32F1xx_HAL_Driver/Src/stm32f1xx_hal_exti.c ****     /* Get falling configuration */
 292:Drivers/STM32F1xx_HAL_Driver/Src/stm32f1xx_hal_exti.c ****     /* Check if configuration of selected line is enable */
 293:Drivers/STM32F1xx_HAL_Driver/Src/stm32f1xx_hal_exti.c ****     if ((EXTI->FTSR & maskline) != 0x00u)
 331              		.loc 1 293 5 is_stmt 1 view .LVU116
 332              		.loc 1 293 14 is_stmt 0 view .LVU117
 333 0056 114A     		ldr	r2, .L34
 334 0058 D268     		ldr	r2, [r2, #12]
 335              		.loc 1 293 8 view .LVU118
 336 005a 1A42     		tst	r2, r3
 337 005c 03D0     		beq	.L27
 294:Drivers/STM32F1xx_HAL_Driver/Src/stm32f1xx_hal_exti.c ****     {
 295:Drivers/STM32F1xx_HAL_Driver/Src/stm32f1xx_hal_exti.c ****       pExtiConfig->Trigger |= EXTI_TRIGGER_FALLING;
 338              		.loc 1 295 7 is_stmt 1 view .LVU119
 339              		.loc 1 295 18 is_stmt 0 view .LVU120
 340 005e 8B68     		ldr	r3, [r1, #8]
 341              	.LVL19:
 342              		.loc 1 295 28 view .LVU121
 343 0060 43F00203 		orr	r3, r3, #2
 344 0064 8B60     		str	r3, [r1, #8]
 345              	.L27:
 296:Drivers/STM32F1xx_HAL_Driver/Src/stm32f1xx_hal_exti.c ****     }
 297:Drivers/STM32F1xx_HAL_Driver/Src/stm32f1xx_hal_exti.c **** 
 298:Drivers/STM32F1xx_HAL_Driver/Src/stm32f1xx_hal_exti.c ****     /* Get Gpio port selection for gpio lines */
 299:Drivers/STM32F1xx_HAL_Driver/Src/stm32f1xx_hal_exti.c ****     if ((pExtiConfig->Line & EXTI_GPIO) == EXTI_GPIO)
 346              		.loc 1 299 5 is_stmt 1 view .LVU122
 347              		.loc 1 299 28 is_stmt 0 view .LVU123
 348 0066 0CF0C063 		and	r3, ip, #100663296
 349              		.loc 1 299 8 view .LVU124
 350 006a B3F1C06F 		cmp	r3, #100663296
 351 006e 04D0     		beq	.L28
 352              	.L25:
 300:Drivers/STM32F1xx_HAL_Driver/Src/stm32f1xx_hal_exti.c ****     {
 301:Drivers/STM32F1xx_HAL_Driver/Src/stm32f1xx_hal_exti.c ****       assert_param(IS_EXTI_GPIO_PIN(linepos));
 302:Drivers/STM32F1xx_HAL_Driver/Src/stm32f1xx_hal_exti.c **** 
 303:Drivers/STM32F1xx_HAL_Driver/Src/stm32f1xx_hal_exti.c ****       regval = AFIO->EXTICR[linepos >> 2u];
 304:Drivers/STM32F1xx_HAL_Driver/Src/stm32f1xx_hal_exti.c ****       pExtiConfig->GPIOSel = (regval >> (AFIO_EXTICR1_EXTI1_Pos * (linepos & 0x03u))) & AFIO_EXTICR
 305:Drivers/STM32F1xx_HAL_Driver/Src/stm32f1xx_hal_exti.c ****     }
ARM GAS  /tmp/ccyueqAP.s 			page 13


 306:Drivers/STM32F1xx_HAL_Driver/Src/stm32f1xx_hal_exti.c ****   }
 307:Drivers/STM32F1xx_HAL_Driver/Src/stm32f1xx_hal_exti.c **** 
 308:Drivers/STM32F1xx_HAL_Driver/Src/stm32f1xx_hal_exti.c ****   return HAL_OK;
 353              		.loc 1 308 10 view .LVU125
 354 0070 0020     		movs	r0, #0
 309:Drivers/STM32F1xx_HAL_Driver/Src/stm32f1xx_hal_exti.c **** }
 355              		.loc 1 309 1 view .LVU126
 356 0072 00BD     		pop	{pc}
 357              	.LVL20:
 358              	.L22:
 268:Drivers/STM32F1xx_HAL_Driver/Src/stm32f1xx_hal_exti.c ****   }
 359              		.loc 1 268 5 is_stmt 1 view .LVU127
 268:Drivers/STM32F1xx_HAL_Driver/Src/stm32f1xx_hal_exti.c ****   }
 360              		.loc 1 268 23 is_stmt 0 view .LVU128
 361 0074 0022     		movs	r2, #0
 362 0076 4A60     		str	r2, [r1, #4]
 363 0078 D6E7     		b	.L23
 364              	.LVL21:
 365              	.L28:
 301:Drivers/STM32F1xx_HAL_Driver/Src/stm32f1xx_hal_exti.c **** 
 366              		.loc 1 301 7 is_stmt 1 view .LVU129
 303:Drivers/STM32F1xx_HAL_Driver/Src/stm32f1xx_hal_exti.c ****       pExtiConfig->GPIOSel = (regval >> (AFIO_EXTICR1_EXTI1_Pos * (linepos & 0x03u))) & AFIO_EXTICR
 367              		.loc 1 303 7 view .LVU130
 303:Drivers/STM32F1xx_HAL_Driver/Src/stm32f1xx_hal_exti.c ****       pExtiConfig->GPIOSel = (regval >> (AFIO_EXTICR1_EXTI1_Pos * (linepos & 0x03u))) & AFIO_EXTICR
 368              		.loc 1 303 37 is_stmt 0 view .LVU131
 369 007a 4FEA9E02 		lsr	r2, lr, #2
 303:Drivers/STM32F1xx_HAL_Driver/Src/stm32f1xx_hal_exti.c ****       pExtiConfig->GPIOSel = (regval >> (AFIO_EXTICR1_EXTI1_Pos * (linepos & 0x03u))) & AFIO_EXTICR
 370              		.loc 1 303 14 view .LVU132
 371 007e 0232     		adds	r2, r2, #2
 372 0080 074B     		ldr	r3, .L34+4
 373 0082 53F82220 		ldr	r2, [r3, r2, lsl #2]
 374              	.LVL22:
 304:Drivers/STM32F1xx_HAL_Driver/Src/stm32f1xx_hal_exti.c ****     }
 375              		.loc 1 304 7 is_stmt 1 view .LVU133
 304:Drivers/STM32F1xx_HAL_Driver/Src/stm32f1xx_hal_exti.c ****     }
 376              		.loc 1 304 76 is_stmt 0 view .LVU134
 377 0086 0CF00303 		and	r3, ip, #3
 304:Drivers/STM32F1xx_HAL_Driver/Src/stm32f1xx_hal_exti.c ****     }
 378              		.loc 1 304 65 view .LVU135
 379 008a 9B00     		lsls	r3, r3, #2
 304:Drivers/STM32F1xx_HAL_Driver/Src/stm32f1xx_hal_exti.c ****     }
 380              		.loc 1 304 38 view .LVU136
 381 008c 22FA03F3 		lsr	r3, r2, r3
 304:Drivers/STM32F1xx_HAL_Driver/Src/stm32f1xx_hal_exti.c ****     }
 382              		.loc 1 304 87 view .LVU137
 383 0090 03F00F03 		and	r3, r3, #15
 304:Drivers/STM32F1xx_HAL_Driver/Src/stm32f1xx_hal_exti.c ****     }
 384              		.loc 1 304 28 view .LVU138
 385 0094 CB60     		str	r3, [r1, #12]
 386 0096 EBE7     		b	.L25
 387              	.LVL23:
 388              	.L21:
 389              	.LCFI4:
 390              		.cfi_def_cfa_offset 0
 391              		.cfi_restore 14
 246:Drivers/STM32F1xx_HAL_Driver/Src/stm32f1xx_hal_exti.c ****   }
 392              		.loc 1 246 12 view .LVU139
ARM GAS  /tmp/ccyueqAP.s 			page 14


 393 0098 0120     		movs	r0, #1
 394              	.LVL24:
 395              		.loc 1 309 1 view .LVU140
 396 009a 7047     		bx	lr
 397              	.L35:
 398              		.align	2
 399              	.L34:
 400 009c 00040140 		.word	1073808384
 401 00a0 00000140 		.word	1073807360
 402              		.cfi_endproc
 403              	.LFE66:
 405              		.section	.text.HAL_EXTI_ClearConfigLine,"ax",%progbits
 406              		.align	1
 407              		.global	HAL_EXTI_ClearConfigLine
 408              		.syntax unified
 409              		.thumb
 410              		.thumb_func
 412              	HAL_EXTI_ClearConfigLine:
 413              	.LVL25:
 414              	.LFB67:
 310:Drivers/STM32F1xx_HAL_Driver/Src/stm32f1xx_hal_exti.c **** 
 311:Drivers/STM32F1xx_HAL_Driver/Src/stm32f1xx_hal_exti.c **** /**
 312:Drivers/STM32F1xx_HAL_Driver/Src/stm32f1xx_hal_exti.c ****   * @brief  Clear whole configuration of a dedicated Exti line.
 313:Drivers/STM32F1xx_HAL_Driver/Src/stm32f1xx_hal_exti.c ****   * @param  hexti Exti handle.
 314:Drivers/STM32F1xx_HAL_Driver/Src/stm32f1xx_hal_exti.c ****   * @retval HAL Status.
 315:Drivers/STM32F1xx_HAL_Driver/Src/stm32f1xx_hal_exti.c ****   */
 316:Drivers/STM32F1xx_HAL_Driver/Src/stm32f1xx_hal_exti.c **** HAL_StatusTypeDef HAL_EXTI_ClearConfigLine(EXTI_HandleTypeDef *hexti)
 317:Drivers/STM32F1xx_HAL_Driver/Src/stm32f1xx_hal_exti.c **** {
 415              		.loc 1 317 1 is_stmt 1 view -0
 416              		.cfi_startproc
 417              		@ args = 0, pretend = 0, frame = 0
 418              		@ frame_needed = 0, uses_anonymous_args = 0
 318:Drivers/STM32F1xx_HAL_Driver/Src/stm32f1xx_hal_exti.c ****   uint32_t regval;
 419              		.loc 1 318 3 view .LVU142
 319:Drivers/STM32F1xx_HAL_Driver/Src/stm32f1xx_hal_exti.c ****   uint32_t linepos;
 420              		.loc 1 319 3 view .LVU143
 320:Drivers/STM32F1xx_HAL_Driver/Src/stm32f1xx_hal_exti.c ****   uint32_t maskline;
 421              		.loc 1 320 3 view .LVU144
 321:Drivers/STM32F1xx_HAL_Driver/Src/stm32f1xx_hal_exti.c **** 
 322:Drivers/STM32F1xx_HAL_Driver/Src/stm32f1xx_hal_exti.c ****   /* Check null pointer */
 323:Drivers/STM32F1xx_HAL_Driver/Src/stm32f1xx_hal_exti.c ****   if (hexti == NULL)
 422              		.loc 1 323 3 view .LVU145
 423              		.loc 1 323 6 is_stmt 0 view .LVU146
 424 0000 0028     		cmp	r0, #0
 425 0002 39D0     		beq	.L40
 317:Drivers/STM32F1xx_HAL_Driver/Src/stm32f1xx_hal_exti.c ****   uint32_t regval;
 426              		.loc 1 317 1 view .LVU147
 427 0004 10B5     		push	{r4, lr}
 428              	.LCFI5:
 429              		.cfi_def_cfa_offset 8
 430              		.cfi_offset 4, -8
 431              		.cfi_offset 14, -4
 432 0006 8446     		mov	ip, r0
 324:Drivers/STM32F1xx_HAL_Driver/Src/stm32f1xx_hal_exti.c ****   {
 325:Drivers/STM32F1xx_HAL_Driver/Src/stm32f1xx_hal_exti.c ****     return HAL_ERROR;
 326:Drivers/STM32F1xx_HAL_Driver/Src/stm32f1xx_hal_exti.c ****   }
 327:Drivers/STM32F1xx_HAL_Driver/Src/stm32f1xx_hal_exti.c **** 
ARM GAS  /tmp/ccyueqAP.s 			page 15


 328:Drivers/STM32F1xx_HAL_Driver/Src/stm32f1xx_hal_exti.c ****   /* Check the parameter */
 329:Drivers/STM32F1xx_HAL_Driver/Src/stm32f1xx_hal_exti.c ****   assert_param(IS_EXTI_LINE(hexti->Line));
 433              		.loc 1 329 3 is_stmt 1 view .LVU148
 330:Drivers/STM32F1xx_HAL_Driver/Src/stm32f1xx_hal_exti.c **** 
 331:Drivers/STM32F1xx_HAL_Driver/Src/stm32f1xx_hal_exti.c ****   /* compute line mask */
 332:Drivers/STM32F1xx_HAL_Driver/Src/stm32f1xx_hal_exti.c ****   linepos = (hexti->Line & EXTI_PIN_MASK);
 434              		.loc 1 332 3 view .LVU149
 435              		.loc 1 332 19 is_stmt 0 view .LVU150
 436 0008 0368     		ldr	r3, [r0]
 437 000a 1C46     		mov	r4, r3
 438              		.loc 1 332 11 view .LVU151
 439 000c 03F01F00 		and	r0, r3, #31
 440              	.LVL26:
 333:Drivers/STM32F1xx_HAL_Driver/Src/stm32f1xx_hal_exti.c ****   maskline = (1uL << linepos);
 441              		.loc 1 333 3 is_stmt 1 view .LVU152
 442              		.loc 1 333 12 is_stmt 0 view .LVU153
 443 0010 0123     		movs	r3, #1
 444 0012 8340     		lsls	r3, r3, r0
 445              	.LVL27:
 334:Drivers/STM32F1xx_HAL_Driver/Src/stm32f1xx_hal_exti.c **** 
 335:Drivers/STM32F1xx_HAL_Driver/Src/stm32f1xx_hal_exti.c ****   /* 1] Clear interrupt mode */
 336:Drivers/STM32F1xx_HAL_Driver/Src/stm32f1xx_hal_exti.c ****   EXTI->IMR = (EXTI->IMR & ~maskline);
 446              		.loc 1 336 3 is_stmt 1 view .LVU154
 447              		.loc 1 336 20 is_stmt 0 view .LVU155
 448 0014 194A     		ldr	r2, .L45
 449 0016 1168     		ldr	r1, [r2]
 450              		.loc 1 336 28 view .LVU156
 451 0018 6FEA030E 		mvn	lr, r3
 452              		.loc 1 336 26 view .LVU157
 453 001c 21EA0301 		bic	r1, r1, r3
 454              		.loc 1 336 13 view .LVU158
 455 0020 1160     		str	r1, [r2]
 337:Drivers/STM32F1xx_HAL_Driver/Src/stm32f1xx_hal_exti.c **** 
 338:Drivers/STM32F1xx_HAL_Driver/Src/stm32f1xx_hal_exti.c ****   /* 2] Clear event mode */
 339:Drivers/STM32F1xx_HAL_Driver/Src/stm32f1xx_hal_exti.c ****   EXTI->EMR = (EXTI->EMR & ~maskline);
 456              		.loc 1 339 3 is_stmt 1 view .LVU159
 457              		.loc 1 339 20 is_stmt 0 view .LVU160
 458 0022 5168     		ldr	r1, [r2, #4]
 459              		.loc 1 339 26 view .LVU161
 460 0024 21EA0303 		bic	r3, r1, r3
 461              	.LVL28:
 462              		.loc 1 339 13 view .LVU162
 463 0028 5360     		str	r3, [r2, #4]
 340:Drivers/STM32F1xx_HAL_Driver/Src/stm32f1xx_hal_exti.c **** 
 341:Drivers/STM32F1xx_HAL_Driver/Src/stm32f1xx_hal_exti.c ****   /* 3] Clear triggers in case of configurable lines */
 342:Drivers/STM32F1xx_HAL_Driver/Src/stm32f1xx_hal_exti.c ****   if ((hexti->Line & EXTI_CONFIG) != 0x00u)
 464              		.loc 1 342 3 is_stmt 1 view .LVU163
 465              		.loc 1 342 13 is_stmt 0 view .LVU164
 466 002a DCF80030 		ldr	r3, [ip]
 467              		.loc 1 342 6 view .LVU165
 468 002e 13F0007F 		tst	r3, #33554432
 469 0032 0ED0     		beq	.L38
 343:Drivers/STM32F1xx_HAL_Driver/Src/stm32f1xx_hal_exti.c ****   {
 344:Drivers/STM32F1xx_HAL_Driver/Src/stm32f1xx_hal_exti.c ****     EXTI->RTSR = (EXTI->RTSR & ~maskline);
 470              		.loc 1 344 5 is_stmt 1 view .LVU166
 471              		.loc 1 344 23 is_stmt 0 view .LVU167
 472 0034 9368     		ldr	r3, [r2, #8]
ARM GAS  /tmp/ccyueqAP.s 			page 16


 473              		.loc 1 344 30 view .LVU168
 474 0036 0EEA0303 		and	r3, lr, r3
 475              		.loc 1 344 16 view .LVU169
 476 003a 9360     		str	r3, [r2, #8]
 345:Drivers/STM32F1xx_HAL_Driver/Src/stm32f1xx_hal_exti.c ****     EXTI->FTSR = (EXTI->FTSR & ~maskline);
 477              		.loc 1 345 5 is_stmt 1 view .LVU170
 478              		.loc 1 345 23 is_stmt 0 view .LVU171
 479 003c D368     		ldr	r3, [r2, #12]
 480              		.loc 1 345 30 view .LVU172
 481 003e 0EEA0303 		and	r3, lr, r3
 482              		.loc 1 345 16 view .LVU173
 483 0042 D360     		str	r3, [r2, #12]
 346:Drivers/STM32F1xx_HAL_Driver/Src/stm32f1xx_hal_exti.c **** 
 347:Drivers/STM32F1xx_HAL_Driver/Src/stm32f1xx_hal_exti.c ****     /* Get Gpio port selection for gpio lines */
 348:Drivers/STM32F1xx_HAL_Driver/Src/stm32f1xx_hal_exti.c ****     if ((hexti->Line & EXTI_GPIO) == EXTI_GPIO)
 484              		.loc 1 348 5 is_stmt 1 view .LVU174
 485              		.loc 1 348 15 is_stmt 0 view .LVU175
 486 0044 DCF80030 		ldr	r3, [ip]
 487              		.loc 1 348 22 view .LVU176
 488 0048 03F0C063 		and	r3, r3, #100663296
 489              		.loc 1 348 8 view .LVU177
 490 004c B3F1C06F 		cmp	r3, #100663296
 491 0050 01D0     		beq	.L39
 492              	.LVL29:
 493              	.L38:
 349:Drivers/STM32F1xx_HAL_Driver/Src/stm32f1xx_hal_exti.c ****     {
 350:Drivers/STM32F1xx_HAL_Driver/Src/stm32f1xx_hal_exti.c ****       assert_param(IS_EXTI_GPIO_PIN(linepos));
 351:Drivers/STM32F1xx_HAL_Driver/Src/stm32f1xx_hal_exti.c **** 
 352:Drivers/STM32F1xx_HAL_Driver/Src/stm32f1xx_hal_exti.c ****       regval = AFIO->EXTICR[linepos >> 2u];
 353:Drivers/STM32F1xx_HAL_Driver/Src/stm32f1xx_hal_exti.c ****       regval &= ~(AFIO_EXTICR1_EXTI0 << (AFIO_EXTICR1_EXTI1_Pos * (linepos & 0x03u)));
 354:Drivers/STM32F1xx_HAL_Driver/Src/stm32f1xx_hal_exti.c ****       AFIO->EXTICR[linepos >> 2u] = regval;
 355:Drivers/STM32F1xx_HAL_Driver/Src/stm32f1xx_hal_exti.c ****     }
 356:Drivers/STM32F1xx_HAL_Driver/Src/stm32f1xx_hal_exti.c ****   }
 357:Drivers/STM32F1xx_HAL_Driver/Src/stm32f1xx_hal_exti.c **** 
 358:Drivers/STM32F1xx_HAL_Driver/Src/stm32f1xx_hal_exti.c ****   return HAL_OK;
 494              		.loc 1 358 10 view .LVU178
 495 0052 0020     		movs	r0, #0
 359:Drivers/STM32F1xx_HAL_Driver/Src/stm32f1xx_hal_exti.c **** }
 496              		.loc 1 359 1 view .LVU179
 497 0054 10BD     		pop	{r4, pc}
 498              	.LVL30:
 499              	.L39:
 350:Drivers/STM32F1xx_HAL_Driver/Src/stm32f1xx_hal_exti.c **** 
 500              		.loc 1 350 7 is_stmt 1 view .LVU180
 352:Drivers/STM32F1xx_HAL_Driver/Src/stm32f1xx_hal_exti.c ****       regval &= ~(AFIO_EXTICR1_EXTI0 << (AFIO_EXTICR1_EXTI1_Pos * (linepos & 0x03u)));
 501              		.loc 1 352 7 view .LVU181
 352:Drivers/STM32F1xx_HAL_Driver/Src/stm32f1xx_hal_exti.c ****       regval &= ~(AFIO_EXTICR1_EXTI0 << (AFIO_EXTICR1_EXTI1_Pos * (linepos & 0x03u)));
 502              		.loc 1 352 37 is_stmt 0 view .LVU182
 503 0056 8008     		lsrs	r0, r0, #2
 504              	.LVL31:
 352:Drivers/STM32F1xx_HAL_Driver/Src/stm32f1xx_hal_exti.c ****       regval &= ~(AFIO_EXTICR1_EXTI0 << (AFIO_EXTICR1_EXTI1_Pos * (linepos & 0x03u)));
 505              		.loc 1 352 14 view .LVU183
 506 0058 DFF824C0 		ldr	ip, .L45+4
 507              	.LVL32:
 352:Drivers/STM32F1xx_HAL_Driver/Src/stm32f1xx_hal_exti.c ****       regval &= ~(AFIO_EXTICR1_EXTI0 << (AFIO_EXTICR1_EXTI1_Pos * (linepos & 0x03u)));
 508              		.loc 1 352 14 view .LVU184
 509 005c 0230     		adds	r0, r0, #2
ARM GAS  /tmp/ccyueqAP.s 			page 17


 510 005e 5CF82020 		ldr	r2, [ip, r0, lsl #2]
 511              	.LVL33:
 353:Drivers/STM32F1xx_HAL_Driver/Src/stm32f1xx_hal_exti.c ****       AFIO->EXTICR[linepos >> 2u] = regval;
 512              		.loc 1 353 7 is_stmt 1 view .LVU185
 353:Drivers/STM32F1xx_HAL_Driver/Src/stm32f1xx_hal_exti.c ****       AFIO->EXTICR[linepos >> 2u] = regval;
 513              		.loc 1 353 76 is_stmt 0 view .LVU186
 514 0062 04F00303 		and	r3, r4, #3
 353:Drivers/STM32F1xx_HAL_Driver/Src/stm32f1xx_hal_exti.c ****       AFIO->EXTICR[linepos >> 2u] = regval;
 515              		.loc 1 353 65 view .LVU187
 516 0066 9B00     		lsls	r3, r3, #2
 353:Drivers/STM32F1xx_HAL_Driver/Src/stm32f1xx_hal_exti.c ****       AFIO->EXTICR[linepos >> 2u] = regval;
 517              		.loc 1 353 38 view .LVU188
 518 0068 0F21     		movs	r1, #15
 519 006a 01FA03F3 		lsl	r3, r1, r3
 353:Drivers/STM32F1xx_HAL_Driver/Src/stm32f1xx_hal_exti.c ****       AFIO->EXTICR[linepos >> 2u] = regval;
 520              		.loc 1 353 14 view .LVU189
 521 006e 22EA0303 		bic	r3, r2, r3
 522              	.LVL34:
 354:Drivers/STM32F1xx_HAL_Driver/Src/stm32f1xx_hal_exti.c ****     }
 523              		.loc 1 354 7 is_stmt 1 view .LVU190
 354:Drivers/STM32F1xx_HAL_Driver/Src/stm32f1xx_hal_exti.c ****     }
 524              		.loc 1 354 35 is_stmt 0 view .LVU191
 525 0072 4CF82030 		str	r3, [ip, r0, lsl #2]
 526 0076 ECE7     		b	.L38
 527              	.LVL35:
 528              	.L40:
 529              	.LCFI6:
 530              		.cfi_def_cfa_offset 0
 531              		.cfi_restore 4
 532              		.cfi_restore 14
 325:Drivers/STM32F1xx_HAL_Driver/Src/stm32f1xx_hal_exti.c ****   }
 533              		.loc 1 325 12 view .LVU192
 534 0078 0120     		movs	r0, #1
 535              	.LVL36:
 536              		.loc 1 359 1 view .LVU193
 537 007a 7047     		bx	lr
 538              	.L46:
 539              		.align	2
 540              	.L45:
 541 007c 00040140 		.word	1073808384
 542 0080 00000140 		.word	1073807360
 543              		.cfi_endproc
 544              	.LFE67:
 546              		.section	.text.HAL_EXTI_RegisterCallback,"ax",%progbits
 547              		.align	1
 548              		.global	HAL_EXTI_RegisterCallback
 549              		.syntax unified
 550              		.thumb
 551              		.thumb_func
 553              	HAL_EXTI_RegisterCallback:
 554              	.LVL37:
 555              	.LFB68:
 360:Drivers/STM32F1xx_HAL_Driver/Src/stm32f1xx_hal_exti.c **** 
 361:Drivers/STM32F1xx_HAL_Driver/Src/stm32f1xx_hal_exti.c **** /**
 362:Drivers/STM32F1xx_HAL_Driver/Src/stm32f1xx_hal_exti.c ****   * @brief  Register callback for a dedicated Exti line.
 363:Drivers/STM32F1xx_HAL_Driver/Src/stm32f1xx_hal_exti.c ****   * @param  hexti Exti handle.
 364:Drivers/STM32F1xx_HAL_Driver/Src/stm32f1xx_hal_exti.c ****   * @param  CallbackID User callback identifier.
ARM GAS  /tmp/ccyueqAP.s 			page 18


 365:Drivers/STM32F1xx_HAL_Driver/Src/stm32f1xx_hal_exti.c ****   *         This parameter can be one of @arg @ref EXTI_CallbackIDTypeDef values.
 366:Drivers/STM32F1xx_HAL_Driver/Src/stm32f1xx_hal_exti.c ****   * @param  pPendingCbfn function pointer to be stored as callback.
 367:Drivers/STM32F1xx_HAL_Driver/Src/stm32f1xx_hal_exti.c ****   * @retval HAL Status.
 368:Drivers/STM32F1xx_HAL_Driver/Src/stm32f1xx_hal_exti.c ****   */
 369:Drivers/STM32F1xx_HAL_Driver/Src/stm32f1xx_hal_exti.c **** HAL_StatusTypeDef HAL_EXTI_RegisterCallback(EXTI_HandleTypeDef *hexti, EXTI_CallbackIDTypeDef Callb
 370:Drivers/STM32F1xx_HAL_Driver/Src/stm32f1xx_hal_exti.c **** {
 556              		.loc 1 370 1 is_stmt 1 view -0
 557              		.cfi_startproc
 558              		@ args = 0, pretend = 0, frame = 0
 559              		@ frame_needed = 0, uses_anonymous_args = 0
 560              		@ link register save eliminated.
 561              		.loc 1 370 1 is_stmt 0 view .LVU195
 562 0000 0346     		mov	r3, r0
 371:Drivers/STM32F1xx_HAL_Driver/Src/stm32f1xx_hal_exti.c ****   HAL_StatusTypeDef status = HAL_OK;
 563              		.loc 1 371 3 is_stmt 1 view .LVU196
 564              	.LVL38:
 372:Drivers/STM32F1xx_HAL_Driver/Src/stm32f1xx_hal_exti.c **** 
 373:Drivers/STM32F1xx_HAL_Driver/Src/stm32f1xx_hal_exti.c ****   switch (CallbackID)
 565              		.loc 1 373 3 view .LVU197
 566 0002 0846     		mov	r0, r1
 567              	.LVL39:
 568              		.loc 1 373 3 is_stmt 0 view .LVU198
 569 0004 09B9     		cbnz	r1, .L49
 374:Drivers/STM32F1xx_HAL_Driver/Src/stm32f1xx_hal_exti.c ****   {
 375:Drivers/STM32F1xx_HAL_Driver/Src/stm32f1xx_hal_exti.c ****     case  HAL_EXTI_COMMON_CB_ID:
 376:Drivers/STM32F1xx_HAL_Driver/Src/stm32f1xx_hal_exti.c ****       hexti->PendingCallback = pPendingCbfn;
 570              		.loc 1 376 7 is_stmt 1 view .LVU199
 571              		.loc 1 376 30 is_stmt 0 view .LVU200
 572 0006 5A60     		str	r2, [r3, #4]
 377:Drivers/STM32F1xx_HAL_Driver/Src/stm32f1xx_hal_exti.c ****       break;
 573              		.loc 1 377 7 is_stmt 1 view .LVU201
 574 0008 7047     		bx	lr
 575              	.L49:
 378:Drivers/STM32F1xx_HAL_Driver/Src/stm32f1xx_hal_exti.c **** 
 379:Drivers/STM32F1xx_HAL_Driver/Src/stm32f1xx_hal_exti.c ****     default:
 380:Drivers/STM32F1xx_HAL_Driver/Src/stm32f1xx_hal_exti.c ****       status = HAL_ERROR;
 576              		.loc 1 380 14 is_stmt 0 view .LVU202
 577 000a 0120     		movs	r0, #1
 578              	.LVL40:
 381:Drivers/STM32F1xx_HAL_Driver/Src/stm32f1xx_hal_exti.c ****       break;
 382:Drivers/STM32F1xx_HAL_Driver/Src/stm32f1xx_hal_exti.c ****   }
 383:Drivers/STM32F1xx_HAL_Driver/Src/stm32f1xx_hal_exti.c **** 
 384:Drivers/STM32F1xx_HAL_Driver/Src/stm32f1xx_hal_exti.c ****   return status;
 579              		.loc 1 384 3 is_stmt 1 view .LVU203
 385:Drivers/STM32F1xx_HAL_Driver/Src/stm32f1xx_hal_exti.c **** }
 580              		.loc 1 385 1 is_stmt 0 view .LVU204
 581 000c 7047     		bx	lr
 582              		.cfi_endproc
 583              	.LFE68:
 585              		.section	.text.HAL_EXTI_GetHandle,"ax",%progbits
 586              		.align	1
 587              		.global	HAL_EXTI_GetHandle
 588              		.syntax unified
 589              		.thumb
 590              		.thumb_func
 592              	HAL_EXTI_GetHandle:
 593              	.LVL41:
ARM GAS  /tmp/ccyueqAP.s 			page 19


 594              	.LFB69:
 386:Drivers/STM32F1xx_HAL_Driver/Src/stm32f1xx_hal_exti.c **** 
 387:Drivers/STM32F1xx_HAL_Driver/Src/stm32f1xx_hal_exti.c **** /**
 388:Drivers/STM32F1xx_HAL_Driver/Src/stm32f1xx_hal_exti.c ****   * @brief  Store line number as handle private field.
 389:Drivers/STM32F1xx_HAL_Driver/Src/stm32f1xx_hal_exti.c ****   * @param  hexti Exti handle.
 390:Drivers/STM32F1xx_HAL_Driver/Src/stm32f1xx_hal_exti.c ****   * @param  ExtiLine Exti line number.
 391:Drivers/STM32F1xx_HAL_Driver/Src/stm32f1xx_hal_exti.c ****   *         This parameter can be from 0 to @ref EXTI_LINE_NB.
 392:Drivers/STM32F1xx_HAL_Driver/Src/stm32f1xx_hal_exti.c ****   * @retval HAL Status.
 393:Drivers/STM32F1xx_HAL_Driver/Src/stm32f1xx_hal_exti.c ****   */
 394:Drivers/STM32F1xx_HAL_Driver/Src/stm32f1xx_hal_exti.c **** HAL_StatusTypeDef HAL_EXTI_GetHandle(EXTI_HandleTypeDef *hexti, uint32_t ExtiLine)
 395:Drivers/STM32F1xx_HAL_Driver/Src/stm32f1xx_hal_exti.c **** {
 595              		.loc 1 395 1 is_stmt 1 view -0
 596              		.cfi_startproc
 597              		@ args = 0, pretend = 0, frame = 0
 598              		@ frame_needed = 0, uses_anonymous_args = 0
 599              		@ link register save eliminated.
 396:Drivers/STM32F1xx_HAL_Driver/Src/stm32f1xx_hal_exti.c ****   /* Check the parameters */
 397:Drivers/STM32F1xx_HAL_Driver/Src/stm32f1xx_hal_exti.c ****   assert_param(IS_EXTI_LINE(ExtiLine));
 600              		.loc 1 397 3 view .LVU206
 398:Drivers/STM32F1xx_HAL_Driver/Src/stm32f1xx_hal_exti.c **** 
 399:Drivers/STM32F1xx_HAL_Driver/Src/stm32f1xx_hal_exti.c ****   /* Check null pointer */
 400:Drivers/STM32F1xx_HAL_Driver/Src/stm32f1xx_hal_exti.c ****   if (hexti == NULL)
 601              		.loc 1 400 3 view .LVU207
 602              		.loc 1 400 6 is_stmt 0 view .LVU208
 603 0000 10B1     		cbz	r0, .L52
 401:Drivers/STM32F1xx_HAL_Driver/Src/stm32f1xx_hal_exti.c ****   {
 402:Drivers/STM32F1xx_HAL_Driver/Src/stm32f1xx_hal_exti.c ****     return HAL_ERROR;
 403:Drivers/STM32F1xx_HAL_Driver/Src/stm32f1xx_hal_exti.c ****   }
 404:Drivers/STM32F1xx_HAL_Driver/Src/stm32f1xx_hal_exti.c ****   else
 405:Drivers/STM32F1xx_HAL_Driver/Src/stm32f1xx_hal_exti.c ****   {
 406:Drivers/STM32F1xx_HAL_Driver/Src/stm32f1xx_hal_exti.c ****     /* Store line number as handle private field */
 407:Drivers/STM32F1xx_HAL_Driver/Src/stm32f1xx_hal_exti.c ****     hexti->Line = ExtiLine;
 604              		.loc 1 407 5 is_stmt 1 view .LVU209
 605              		.loc 1 407 17 is_stmt 0 view .LVU210
 606 0002 0160     		str	r1, [r0]
 408:Drivers/STM32F1xx_HAL_Driver/Src/stm32f1xx_hal_exti.c **** 
 409:Drivers/STM32F1xx_HAL_Driver/Src/stm32f1xx_hal_exti.c ****     return HAL_OK;
 607              		.loc 1 409 5 is_stmt 1 view .LVU211
 608              		.loc 1 409 12 is_stmt 0 view .LVU212
 609 0004 0020     		movs	r0, #0
 610              	.LVL42:
 611              		.loc 1 409 12 view .LVU213
 612 0006 7047     		bx	lr
 613              	.LVL43:
 614              	.L52:
 402:Drivers/STM32F1xx_HAL_Driver/Src/stm32f1xx_hal_exti.c ****   }
 615              		.loc 1 402 12 view .LVU214
 616 0008 0120     		movs	r0, #1
 617              	.LVL44:
 410:Drivers/STM32F1xx_HAL_Driver/Src/stm32f1xx_hal_exti.c ****   }
 411:Drivers/STM32F1xx_HAL_Driver/Src/stm32f1xx_hal_exti.c **** }
 618              		.loc 1 411 1 view .LVU215
 619 000a 7047     		bx	lr
 620              		.cfi_endproc
 621              	.LFE69:
 623              		.section	.text.HAL_EXTI_IRQHandler,"ax",%progbits
 624              		.align	1
ARM GAS  /tmp/ccyueqAP.s 			page 20


 625              		.global	HAL_EXTI_IRQHandler
 626              		.syntax unified
 627              		.thumb
 628              		.thumb_func
 630              	HAL_EXTI_IRQHandler:
 631              	.LVL45:
 632              	.LFB70:
 412:Drivers/STM32F1xx_HAL_Driver/Src/stm32f1xx_hal_exti.c **** 
 413:Drivers/STM32F1xx_HAL_Driver/Src/stm32f1xx_hal_exti.c **** /**
 414:Drivers/STM32F1xx_HAL_Driver/Src/stm32f1xx_hal_exti.c ****   * @}
 415:Drivers/STM32F1xx_HAL_Driver/Src/stm32f1xx_hal_exti.c ****   */
 416:Drivers/STM32F1xx_HAL_Driver/Src/stm32f1xx_hal_exti.c **** 
 417:Drivers/STM32F1xx_HAL_Driver/Src/stm32f1xx_hal_exti.c **** /** @addtogroup EXTI_Exported_Functions_Group2
 418:Drivers/STM32F1xx_HAL_Driver/Src/stm32f1xx_hal_exti.c ****   *  @brief EXTI IO functions.
 419:Drivers/STM32F1xx_HAL_Driver/Src/stm32f1xx_hal_exti.c ****   *
 420:Drivers/STM32F1xx_HAL_Driver/Src/stm32f1xx_hal_exti.c **** @verbatim
 421:Drivers/STM32F1xx_HAL_Driver/Src/stm32f1xx_hal_exti.c ****  ===============================================================================
 422:Drivers/STM32F1xx_HAL_Driver/Src/stm32f1xx_hal_exti.c ****                        ##### IO operation functions #####
 423:Drivers/STM32F1xx_HAL_Driver/Src/stm32f1xx_hal_exti.c ****  ===============================================================================
 424:Drivers/STM32F1xx_HAL_Driver/Src/stm32f1xx_hal_exti.c **** 
 425:Drivers/STM32F1xx_HAL_Driver/Src/stm32f1xx_hal_exti.c **** @endverbatim
 426:Drivers/STM32F1xx_HAL_Driver/Src/stm32f1xx_hal_exti.c ****   * @{
 427:Drivers/STM32F1xx_HAL_Driver/Src/stm32f1xx_hal_exti.c ****   */
 428:Drivers/STM32F1xx_HAL_Driver/Src/stm32f1xx_hal_exti.c **** 
 429:Drivers/STM32F1xx_HAL_Driver/Src/stm32f1xx_hal_exti.c **** /**
 430:Drivers/STM32F1xx_HAL_Driver/Src/stm32f1xx_hal_exti.c ****   * @brief  Handle EXTI interrupt request.
 431:Drivers/STM32F1xx_HAL_Driver/Src/stm32f1xx_hal_exti.c ****   * @param  hexti Exti handle.
 432:Drivers/STM32F1xx_HAL_Driver/Src/stm32f1xx_hal_exti.c ****   * @retval none.
 433:Drivers/STM32F1xx_HAL_Driver/Src/stm32f1xx_hal_exti.c ****   */
 434:Drivers/STM32F1xx_HAL_Driver/Src/stm32f1xx_hal_exti.c **** void HAL_EXTI_IRQHandler(EXTI_HandleTypeDef *hexti)
 435:Drivers/STM32F1xx_HAL_Driver/Src/stm32f1xx_hal_exti.c **** {
 633              		.loc 1 435 1 is_stmt 1 view -0
 634              		.cfi_startproc
 635              		@ args = 0, pretend = 0, frame = 0
 636              		@ frame_needed = 0, uses_anonymous_args = 0
 637              		.loc 1 435 1 is_stmt 0 view .LVU217
 638 0000 08B5     		push	{r3, lr}
 639              	.LCFI7:
 640              		.cfi_def_cfa_offset 8
 641              		.cfi_offset 3, -8
 642              		.cfi_offset 14, -4
 436:Drivers/STM32F1xx_HAL_Driver/Src/stm32f1xx_hal_exti.c ****   uint32_t regval;
 643              		.loc 1 436 3 is_stmt 1 view .LVU218
 437:Drivers/STM32F1xx_HAL_Driver/Src/stm32f1xx_hal_exti.c ****   uint32_t maskline;
 644              		.loc 1 437 3 view .LVU219
 438:Drivers/STM32F1xx_HAL_Driver/Src/stm32f1xx_hal_exti.c **** 
 439:Drivers/STM32F1xx_HAL_Driver/Src/stm32f1xx_hal_exti.c ****   /* Compute line mask */
 440:Drivers/STM32F1xx_HAL_Driver/Src/stm32f1xx_hal_exti.c ****   maskline = (1uL << (hexti->Line & EXTI_PIN_MASK));
 645              		.loc 1 440 3 view .LVU220
 646              		.loc 1 440 28 is_stmt 0 view .LVU221
 647 0002 0368     		ldr	r3, [r0]
 648              		.loc 1 440 35 view .LVU222
 649 0004 03F01F02 		and	r2, r3, #31
 650              		.loc 1 440 12 view .LVU223
 651 0008 0123     		movs	r3, #1
 652 000a 9340     		lsls	r3, r3, r2
 653              	.LVL46:
ARM GAS  /tmp/ccyueqAP.s 			page 21


 441:Drivers/STM32F1xx_HAL_Driver/Src/stm32f1xx_hal_exti.c **** 
 442:Drivers/STM32F1xx_HAL_Driver/Src/stm32f1xx_hal_exti.c ****   /* Get pending bit  */
 443:Drivers/STM32F1xx_HAL_Driver/Src/stm32f1xx_hal_exti.c ****   regval = (EXTI->PR & maskline);
 654              		.loc 1 443 3 is_stmt 1 view .LVU224
 655              		.loc 1 443 17 is_stmt 0 view .LVU225
 656 000c 044A     		ldr	r2, .L56
 657 000e 5269     		ldr	r2, [r2, #20]
 658              	.LVL47:
 444:Drivers/STM32F1xx_HAL_Driver/Src/stm32f1xx_hal_exti.c ****   if (regval != 0x00u)
 659              		.loc 1 444 3 is_stmt 1 view .LVU226
 660              		.loc 1 444 6 is_stmt 0 view .LVU227
 661 0010 1A42     		tst	r2, r3
 662 0012 04D0     		beq	.L53
 445:Drivers/STM32F1xx_HAL_Driver/Src/stm32f1xx_hal_exti.c ****   {
 446:Drivers/STM32F1xx_HAL_Driver/Src/stm32f1xx_hal_exti.c ****     /* Clear pending bit */
 447:Drivers/STM32F1xx_HAL_Driver/Src/stm32f1xx_hal_exti.c ****     EXTI->PR = maskline;
 663              		.loc 1 447 5 is_stmt 1 view .LVU228
 664              		.loc 1 447 14 is_stmt 0 view .LVU229
 665 0014 024A     		ldr	r2, .L56
 666              	.LVL48:
 667              		.loc 1 447 14 view .LVU230
 668 0016 5361     		str	r3, [r2, #20]
 448:Drivers/STM32F1xx_HAL_Driver/Src/stm32f1xx_hal_exti.c **** 
 449:Drivers/STM32F1xx_HAL_Driver/Src/stm32f1xx_hal_exti.c ****     /* Call callback */
 450:Drivers/STM32F1xx_HAL_Driver/Src/stm32f1xx_hal_exti.c ****     if (hexti->PendingCallback != NULL)
 669              		.loc 1 450 5 is_stmt 1 view .LVU231
 670              		.loc 1 450 14 is_stmt 0 view .LVU232
 671 0018 4368     		ldr	r3, [r0, #4]
 672              	.LVL49:
 673              		.loc 1 450 8 view .LVU233
 674 001a 03B1     		cbz	r3, .L53
 451:Drivers/STM32F1xx_HAL_Driver/Src/stm32f1xx_hal_exti.c ****     {
 452:Drivers/STM32F1xx_HAL_Driver/Src/stm32f1xx_hal_exti.c ****       hexti->PendingCallback();
 675              		.loc 1 452 7 is_stmt 1 view .LVU234
 676 001c 9847     		blx	r3
 677              	.LVL50:
 678              	.L53:
 453:Drivers/STM32F1xx_HAL_Driver/Src/stm32f1xx_hal_exti.c ****     }
 454:Drivers/STM32F1xx_HAL_Driver/Src/stm32f1xx_hal_exti.c ****   }
 455:Drivers/STM32F1xx_HAL_Driver/Src/stm32f1xx_hal_exti.c **** }
 679              		.loc 1 455 1 is_stmt 0 view .LVU235
 680 001e 08BD     		pop	{r3, pc}
 681              	.L57:
 682              		.align	2
 683              	.L56:
 684 0020 00040140 		.word	1073808384
 685              		.cfi_endproc
 686              	.LFE70:
 688              		.section	.text.HAL_EXTI_GetPending,"ax",%progbits
 689              		.align	1
 690              		.global	HAL_EXTI_GetPending
 691              		.syntax unified
 692              		.thumb
 693              		.thumb_func
 695              	HAL_EXTI_GetPending:
 696              	.LVL51:
 697              	.LFB71:
ARM GAS  /tmp/ccyueqAP.s 			page 22


 456:Drivers/STM32F1xx_HAL_Driver/Src/stm32f1xx_hal_exti.c **** 
 457:Drivers/STM32F1xx_HAL_Driver/Src/stm32f1xx_hal_exti.c **** /**
 458:Drivers/STM32F1xx_HAL_Driver/Src/stm32f1xx_hal_exti.c ****   * @brief  Get interrupt pending bit of a dedicated line.
 459:Drivers/STM32F1xx_HAL_Driver/Src/stm32f1xx_hal_exti.c ****   * @param  hexti Exti handle.
 460:Drivers/STM32F1xx_HAL_Driver/Src/stm32f1xx_hal_exti.c ****   * @param  Edge Specify which pending edge as to be checked.
 461:Drivers/STM32F1xx_HAL_Driver/Src/stm32f1xx_hal_exti.c ****   *         This parameter can be one of the following values:
 462:Drivers/STM32F1xx_HAL_Driver/Src/stm32f1xx_hal_exti.c ****   *           @arg @ref EXTI_TRIGGER_RISING_FALLING
 463:Drivers/STM32F1xx_HAL_Driver/Src/stm32f1xx_hal_exti.c ****   *         This parameter is kept for compatibility with other series.
 464:Drivers/STM32F1xx_HAL_Driver/Src/stm32f1xx_hal_exti.c ****   * @retval 1 if interrupt is pending else 0.
 465:Drivers/STM32F1xx_HAL_Driver/Src/stm32f1xx_hal_exti.c ****   */
 466:Drivers/STM32F1xx_HAL_Driver/Src/stm32f1xx_hal_exti.c **** uint32_t HAL_EXTI_GetPending(EXTI_HandleTypeDef *hexti, uint32_t Edge)
 467:Drivers/STM32F1xx_HAL_Driver/Src/stm32f1xx_hal_exti.c **** {
 698              		.loc 1 467 1 is_stmt 1 view -0
 699              		.cfi_startproc
 700              		@ args = 0, pretend = 0, frame = 0
 701              		@ frame_needed = 0, uses_anonymous_args = 0
 702              		@ link register save eliminated.
 468:Drivers/STM32F1xx_HAL_Driver/Src/stm32f1xx_hal_exti.c ****   uint32_t regval;
 703              		.loc 1 468 3 view .LVU237
 469:Drivers/STM32F1xx_HAL_Driver/Src/stm32f1xx_hal_exti.c ****   uint32_t maskline;
 704              		.loc 1 469 3 view .LVU238
 470:Drivers/STM32F1xx_HAL_Driver/Src/stm32f1xx_hal_exti.c ****   uint32_t linepos;
 705              		.loc 1 470 3 view .LVU239
 471:Drivers/STM32F1xx_HAL_Driver/Src/stm32f1xx_hal_exti.c **** 
 472:Drivers/STM32F1xx_HAL_Driver/Src/stm32f1xx_hal_exti.c ****   /* Check parameters */
 473:Drivers/STM32F1xx_HAL_Driver/Src/stm32f1xx_hal_exti.c ****   assert_param(IS_EXTI_LINE(hexti->Line));
 706              		.loc 1 473 3 view .LVU240
 474:Drivers/STM32F1xx_HAL_Driver/Src/stm32f1xx_hal_exti.c ****   assert_param(IS_EXTI_CONFIG_LINE(hexti->Line));
 707              		.loc 1 474 3 view .LVU241
 475:Drivers/STM32F1xx_HAL_Driver/Src/stm32f1xx_hal_exti.c ****   assert_param(IS_EXTI_PENDING_EDGE(Edge));
 708              		.loc 1 475 3 view .LVU242
 476:Drivers/STM32F1xx_HAL_Driver/Src/stm32f1xx_hal_exti.c **** 
 477:Drivers/STM32F1xx_HAL_Driver/Src/stm32f1xx_hal_exti.c ****   /* Prevent unused argument compilation warning */
 478:Drivers/STM32F1xx_HAL_Driver/Src/stm32f1xx_hal_exti.c ****   UNUSED(Edge);
 709              		.loc 1 478 3 view .LVU243
 479:Drivers/STM32F1xx_HAL_Driver/Src/stm32f1xx_hal_exti.c **** 
 480:Drivers/STM32F1xx_HAL_Driver/Src/stm32f1xx_hal_exti.c ****   /* Compute line mask */
 481:Drivers/STM32F1xx_HAL_Driver/Src/stm32f1xx_hal_exti.c ****   linepos = (hexti->Line & EXTI_PIN_MASK);
 710              		.loc 1 481 3 view .LVU244
 711              		.loc 1 481 19 is_stmt 0 view .LVU245
 712 0000 0368     		ldr	r3, [r0]
 713              		.loc 1 481 11 view .LVU246
 714 0002 03F01F03 		and	r3, r3, #31
 715              	.LVL52:
 482:Drivers/STM32F1xx_HAL_Driver/Src/stm32f1xx_hal_exti.c ****   maskline = (1uL << linepos);
 716              		.loc 1 482 3 is_stmt 1 view .LVU247
 717              		.loc 1 482 12 is_stmt 0 view .LVU248
 718 0006 0122     		movs	r2, #1
 719 0008 9A40     		lsls	r2, r2, r3
 720              	.LVL53:
 483:Drivers/STM32F1xx_HAL_Driver/Src/stm32f1xx_hal_exti.c **** 
 484:Drivers/STM32F1xx_HAL_Driver/Src/stm32f1xx_hal_exti.c ****   /* return 1 if bit is set else 0 */
 485:Drivers/STM32F1xx_HAL_Driver/Src/stm32f1xx_hal_exti.c ****   regval = ((EXTI->PR & maskline) >> linepos);
 721              		.loc 1 485 3 is_stmt 1 view .LVU249
 722              		.loc 1 485 18 is_stmt 0 view .LVU250
 723 000a 0249     		ldr	r1, .L59
 724              	.LVL54:
ARM GAS  /tmp/ccyueqAP.s 			page 23


 725              		.loc 1 485 18 view .LVU251
 726 000c 4869     		ldr	r0, [r1, #20]
 727              	.LVL55:
 728              		.loc 1 485 23 view .LVU252
 729 000e 1040     		ands	r0, r0, r2
 730              	.LVL56:
 486:Drivers/STM32F1xx_HAL_Driver/Src/stm32f1xx_hal_exti.c ****   return regval;
 731              		.loc 1 486 3 is_stmt 1 view .LVU253
 487:Drivers/STM32F1xx_HAL_Driver/Src/stm32f1xx_hal_exti.c **** }
 732              		.loc 1 487 1 is_stmt 0 view .LVU254
 733 0010 D840     		lsrs	r0, r0, r3
 734              	.LVL57:
 735              		.loc 1 487 1 view .LVU255
 736 0012 7047     		bx	lr
 737              	.L60:
 738              		.align	2
 739              	.L59:
 740 0014 00040140 		.word	1073808384
 741              		.cfi_endproc
 742              	.LFE71:
 744              		.section	.text.HAL_EXTI_ClearPending,"ax",%progbits
 745              		.align	1
 746              		.global	HAL_EXTI_ClearPending
 747              		.syntax unified
 748              		.thumb
 749              		.thumb_func
 751              	HAL_EXTI_ClearPending:
 752              	.LVL58:
 753              	.LFB72:
 488:Drivers/STM32F1xx_HAL_Driver/Src/stm32f1xx_hal_exti.c **** 
 489:Drivers/STM32F1xx_HAL_Driver/Src/stm32f1xx_hal_exti.c **** /**
 490:Drivers/STM32F1xx_HAL_Driver/Src/stm32f1xx_hal_exti.c ****   * @brief  Clear interrupt pending bit of a dedicated line.
 491:Drivers/STM32F1xx_HAL_Driver/Src/stm32f1xx_hal_exti.c ****   * @param  hexti Exti handle.
 492:Drivers/STM32F1xx_HAL_Driver/Src/stm32f1xx_hal_exti.c ****   * @param  Edge Specify which pending edge as to be clear.
 493:Drivers/STM32F1xx_HAL_Driver/Src/stm32f1xx_hal_exti.c ****   *         This parameter can be one of the following values:
 494:Drivers/STM32F1xx_HAL_Driver/Src/stm32f1xx_hal_exti.c ****   *           @arg @ref EXTI_TRIGGER_RISING_FALLING
 495:Drivers/STM32F1xx_HAL_Driver/Src/stm32f1xx_hal_exti.c ****   *         This parameter is kept for compatibility with other series.
 496:Drivers/STM32F1xx_HAL_Driver/Src/stm32f1xx_hal_exti.c ****   * @retval None.
 497:Drivers/STM32F1xx_HAL_Driver/Src/stm32f1xx_hal_exti.c ****   */
 498:Drivers/STM32F1xx_HAL_Driver/Src/stm32f1xx_hal_exti.c **** void HAL_EXTI_ClearPending(EXTI_HandleTypeDef *hexti, uint32_t Edge)
 499:Drivers/STM32F1xx_HAL_Driver/Src/stm32f1xx_hal_exti.c **** {
 754              		.loc 1 499 1 is_stmt 1 view -0
 755              		.cfi_startproc
 756              		@ args = 0, pretend = 0, frame = 0
 757              		@ frame_needed = 0, uses_anonymous_args = 0
 758              		@ link register save eliminated.
 500:Drivers/STM32F1xx_HAL_Driver/Src/stm32f1xx_hal_exti.c ****   uint32_t maskline;
 759              		.loc 1 500 3 view .LVU257
 501:Drivers/STM32F1xx_HAL_Driver/Src/stm32f1xx_hal_exti.c **** 
 502:Drivers/STM32F1xx_HAL_Driver/Src/stm32f1xx_hal_exti.c ****   /* Check parameters */
 503:Drivers/STM32F1xx_HAL_Driver/Src/stm32f1xx_hal_exti.c ****   assert_param(IS_EXTI_LINE(hexti->Line));
 760              		.loc 1 503 3 view .LVU258
 504:Drivers/STM32F1xx_HAL_Driver/Src/stm32f1xx_hal_exti.c ****   assert_param(IS_EXTI_CONFIG_LINE(hexti->Line));
 761              		.loc 1 504 3 view .LVU259
 505:Drivers/STM32F1xx_HAL_Driver/Src/stm32f1xx_hal_exti.c ****   assert_param(IS_EXTI_PENDING_EDGE(Edge));
 762              		.loc 1 505 3 view .LVU260
 506:Drivers/STM32F1xx_HAL_Driver/Src/stm32f1xx_hal_exti.c **** 
ARM GAS  /tmp/ccyueqAP.s 			page 24


 507:Drivers/STM32F1xx_HAL_Driver/Src/stm32f1xx_hal_exti.c ****   /* Prevent unused argument compilation warning */
 508:Drivers/STM32F1xx_HAL_Driver/Src/stm32f1xx_hal_exti.c ****   UNUSED(Edge);
 763              		.loc 1 508 3 view .LVU261
 509:Drivers/STM32F1xx_HAL_Driver/Src/stm32f1xx_hal_exti.c **** 
 510:Drivers/STM32F1xx_HAL_Driver/Src/stm32f1xx_hal_exti.c ****   /* Compute line mask */
 511:Drivers/STM32F1xx_HAL_Driver/Src/stm32f1xx_hal_exti.c ****   maskline = (1uL << (hexti->Line & EXTI_PIN_MASK));
 764              		.loc 1 511 3 view .LVU262
 765              		.loc 1 511 28 is_stmt 0 view .LVU263
 766 0000 0268     		ldr	r2, [r0]
 767              		.loc 1 511 35 view .LVU264
 768 0002 02F01F02 		and	r2, r2, #31
 769              		.loc 1 511 12 view .LVU265
 770 0006 0123     		movs	r3, #1
 771 0008 9340     		lsls	r3, r3, r2
 772              	.LVL59:
 512:Drivers/STM32F1xx_HAL_Driver/Src/stm32f1xx_hal_exti.c **** 
 513:Drivers/STM32F1xx_HAL_Driver/Src/stm32f1xx_hal_exti.c ****   /* Clear Pending bit */
 514:Drivers/STM32F1xx_HAL_Driver/Src/stm32f1xx_hal_exti.c ****   EXTI->PR =  maskline;
 773              		.loc 1 514 3 is_stmt 1 view .LVU266
 774              		.loc 1 514 12 is_stmt 0 view .LVU267
 775 000a 014A     		ldr	r2, .L62
 776 000c 5361     		str	r3, [r2, #20]
 515:Drivers/STM32F1xx_HAL_Driver/Src/stm32f1xx_hal_exti.c **** }
 777              		.loc 1 515 1 view .LVU268
 778 000e 7047     		bx	lr
 779              	.L63:
 780              		.align	2
 781              	.L62:
 782 0010 00040140 		.word	1073808384
 783              		.cfi_endproc
 784              	.LFE72:
 786              		.section	.text.HAL_EXTI_GenerateSWI,"ax",%progbits
 787              		.align	1
 788              		.global	HAL_EXTI_GenerateSWI
 789              		.syntax unified
 790              		.thumb
 791              		.thumb_func
 793              	HAL_EXTI_GenerateSWI:
 794              	.LVL60:
 795              	.LFB73:
 516:Drivers/STM32F1xx_HAL_Driver/Src/stm32f1xx_hal_exti.c **** 
 517:Drivers/STM32F1xx_HAL_Driver/Src/stm32f1xx_hal_exti.c **** /**
 518:Drivers/STM32F1xx_HAL_Driver/Src/stm32f1xx_hal_exti.c ****   * @brief  Generate a software interrupt for a dedicated line.
 519:Drivers/STM32F1xx_HAL_Driver/Src/stm32f1xx_hal_exti.c ****   * @param  hexti Exti handle.
 520:Drivers/STM32F1xx_HAL_Driver/Src/stm32f1xx_hal_exti.c ****   * @retval None.
 521:Drivers/STM32F1xx_HAL_Driver/Src/stm32f1xx_hal_exti.c ****   */
 522:Drivers/STM32F1xx_HAL_Driver/Src/stm32f1xx_hal_exti.c **** void HAL_EXTI_GenerateSWI(EXTI_HandleTypeDef *hexti)
 523:Drivers/STM32F1xx_HAL_Driver/Src/stm32f1xx_hal_exti.c **** {
 796              		.loc 1 523 1 is_stmt 1 view -0
 797              		.cfi_startproc
 798              		@ args = 0, pretend = 0, frame = 0
 799              		@ frame_needed = 0, uses_anonymous_args = 0
 800              		@ link register save eliminated.
 524:Drivers/STM32F1xx_HAL_Driver/Src/stm32f1xx_hal_exti.c ****   uint32_t maskline;
 801              		.loc 1 524 3 view .LVU270
 525:Drivers/STM32F1xx_HAL_Driver/Src/stm32f1xx_hal_exti.c **** 
 526:Drivers/STM32F1xx_HAL_Driver/Src/stm32f1xx_hal_exti.c ****   /* Check parameters */
ARM GAS  /tmp/ccyueqAP.s 			page 25


 527:Drivers/STM32F1xx_HAL_Driver/Src/stm32f1xx_hal_exti.c ****   assert_param(IS_EXTI_LINE(hexti->Line));
 802              		.loc 1 527 3 view .LVU271
 528:Drivers/STM32F1xx_HAL_Driver/Src/stm32f1xx_hal_exti.c ****   assert_param(IS_EXTI_CONFIG_LINE(hexti->Line));
 803              		.loc 1 528 3 view .LVU272
 529:Drivers/STM32F1xx_HAL_Driver/Src/stm32f1xx_hal_exti.c **** 
 530:Drivers/STM32F1xx_HAL_Driver/Src/stm32f1xx_hal_exti.c ****   /* Compute line mask */
 531:Drivers/STM32F1xx_HAL_Driver/Src/stm32f1xx_hal_exti.c ****   maskline = (1uL << (hexti->Line & EXTI_PIN_MASK));
 804              		.loc 1 531 3 view .LVU273
 805              		.loc 1 531 28 is_stmt 0 view .LVU274
 806 0000 0268     		ldr	r2, [r0]
 807              		.loc 1 531 35 view .LVU275
 808 0002 02F01F02 		and	r2, r2, #31
 809              		.loc 1 531 12 view .LVU276
 810 0006 0123     		movs	r3, #1
 811 0008 9340     		lsls	r3, r3, r2
 812              	.LVL61:
 532:Drivers/STM32F1xx_HAL_Driver/Src/stm32f1xx_hal_exti.c **** 
 533:Drivers/STM32F1xx_HAL_Driver/Src/stm32f1xx_hal_exti.c ****   /* Generate Software interrupt */
 534:Drivers/STM32F1xx_HAL_Driver/Src/stm32f1xx_hal_exti.c ****   EXTI->SWIER = maskline;
 813              		.loc 1 534 3 is_stmt 1 view .LVU277
 814              		.loc 1 534 15 is_stmt 0 view .LVU278
 815 000a 014A     		ldr	r2, .L65
 816 000c 1361     		str	r3, [r2, #16]
 535:Drivers/STM32F1xx_HAL_Driver/Src/stm32f1xx_hal_exti.c **** }
 817              		.loc 1 535 1 view .LVU279
 818 000e 7047     		bx	lr
 819              	.L66:
 820              		.align	2
 821              	.L65:
 822 0010 00040140 		.word	1073808384
 823              		.cfi_endproc
 824              	.LFE73:
 826              		.text
 827              	.Letext0:
 828              		.file 2 "/usr/arm-none-eabi/include/machine/_default_types.h"
 829              		.file 3 "/usr/arm-none-eabi/include/sys/_stdint.h"
 830              		.file 4 "Drivers/CMSIS/Device/ST/STM32F1xx/Include/stm32f103xb.h"
 831              		.file 5 "Drivers/STM32F1xx_HAL_Driver/Inc/stm32f1xx_hal_def.h"
 832              		.file 6 "Drivers/STM32F1xx_HAL_Driver/Inc/stm32f1xx_hal_exti.h"
ARM GAS  /tmp/ccyueqAP.s 			page 26


DEFINED SYMBOLS
                            *ABS*:00000000 stm32f1xx_hal_exti.c
     /tmp/ccyueqAP.s:19     .text.HAL_EXTI_SetConfigLine:00000000 $t
     /tmp/ccyueqAP.s:25     .text.HAL_EXTI_SetConfigLine:00000000 HAL_EXTI_SetConfigLine
     /tmp/ccyueqAP.s:230    .text.HAL_EXTI_SetConfigLine:000000f0 $d
     /tmp/ccyueqAP.s:236    .text.HAL_EXTI_GetConfigLine:00000000 $t
     /tmp/ccyueqAP.s:242    .text.HAL_EXTI_GetConfigLine:00000000 HAL_EXTI_GetConfigLine
     /tmp/ccyueqAP.s:400    .text.HAL_EXTI_GetConfigLine:0000009c $d
     /tmp/ccyueqAP.s:406    .text.HAL_EXTI_ClearConfigLine:00000000 $t
     /tmp/ccyueqAP.s:412    .text.HAL_EXTI_ClearConfigLine:00000000 HAL_EXTI_ClearConfigLine
     /tmp/ccyueqAP.s:541    .text.HAL_EXTI_ClearConfigLine:0000007c $d
     /tmp/ccyueqAP.s:547    .text.HAL_EXTI_RegisterCallback:00000000 $t
     /tmp/ccyueqAP.s:553    .text.HAL_EXTI_RegisterCallback:00000000 HAL_EXTI_RegisterCallback
     /tmp/ccyueqAP.s:586    .text.HAL_EXTI_GetHandle:00000000 $t
     /tmp/ccyueqAP.s:592    .text.HAL_EXTI_GetHandle:00000000 HAL_EXTI_GetHandle
     /tmp/ccyueqAP.s:624    .text.HAL_EXTI_IRQHandler:00000000 $t
     /tmp/ccyueqAP.s:630    .text.HAL_EXTI_IRQHandler:00000000 HAL_EXTI_IRQHandler
     /tmp/ccyueqAP.s:684    .text.HAL_EXTI_IRQHandler:00000020 $d
     /tmp/ccyueqAP.s:689    .text.HAL_EXTI_GetPending:00000000 $t
     /tmp/ccyueqAP.s:695    .text.HAL_EXTI_GetPending:00000000 HAL_EXTI_GetPending
     /tmp/ccyueqAP.s:740    .text.HAL_EXTI_GetPending:00000014 $d
     /tmp/ccyueqAP.s:745    .text.HAL_EXTI_ClearPending:00000000 $t
     /tmp/ccyueqAP.s:751    .text.HAL_EXTI_ClearPending:00000000 HAL_EXTI_ClearPending
     /tmp/ccyueqAP.s:782    .text.HAL_EXTI_ClearPending:00000010 $d
     /tmp/ccyueqAP.s:787    .text.HAL_EXTI_GenerateSWI:00000000 $t
     /tmp/ccyueqAP.s:793    .text.HAL_EXTI_GenerateSWI:00000000 HAL_EXTI_GenerateSWI
     /tmp/ccyueqAP.s:822    .text.HAL_EXTI_GenerateSWI:00000010 $d

NO UNDEFINED SYMBOLS
