ARM GAS  /tmp/cclo7Whc.s 			page 1


   1              		.cpu cortex-m3
   2              		.arch armv7-m
   3              		.fpu softvfp
   4              		.eabi_attribute 20, 1
   5              		.eabi_attribute 21, 1
   6              		.eabi_attribute 23, 3
   7              		.eabi_attribute 24, 1
   8              		.eabi_attribute 25, 1
   9              		.eabi_attribute 26, 1
  10              		.eabi_attribute 30, 1
  11              		.eabi_attribute 34, 1
  12              		.eabi_attribute 18, 4
  13              		.file	"uart.c"
  14              		.text
  15              	.Ltext0:
  16              		.cfi_sections	.debug_frame
  17              		.file 1 "../ChronosRTOS/Drivers/Src/uart.c"
  18              		.section	.text.USART1_GPIO_Init,"ax",%progbits
  19              		.align	1
  20              		.syntax unified
  21              		.thumb
  22              		.thumb_func
  24              	USART1_GPIO_Init:
  25              	.LFB66:
   1:../ChronosRTOS/Drivers/Src/uart.c **** /******************************************************************************
   2:../ChronosRTOS/Drivers/Src/uart.c ****  * File        : uart.c
   3:../ChronosRTOS/Drivers/Src/uart.c ****  * Project     : ChronosRTOS
   4:../ChronosRTOS/Drivers/Src/uart.c ****  * Module      : UART
   5:../ChronosRTOS/Drivers/Src/uart.c ****  * Group       :
   6:../ChronosRTOS/Drivers/Src/uart.c ****  * Description : UART driver implementation.
   7:../ChronosRTOS/Drivers/Src/uart.c ****  ******************************************************************************/
   8:../ChronosRTOS/Drivers/Src/uart.c **** 
   9:../ChronosRTOS/Drivers/Src/uart.c **** #include "uart.h"
  10:../ChronosRTOS/Drivers/Src/uart.c **** 
  11:../ChronosRTOS/Drivers/Src/uart.c **** /*
  12:../ChronosRTOS/Drivers/Src/uart.c ****  * =========================================================
  13:../ChronosRTOS/Drivers/Src/uart.c ****  * USART Peripheral Clock Control
  14:../ChronosRTOS/Drivers/Src/uart.c ****  * =========================================================
  15:../ChronosRTOS/Drivers/Src/uart.c ****  */
  16:../ChronosRTOS/Drivers/Src/uart.c **** 
  17:../ChronosRTOS/Drivers/Src/uart.c **** void USART_PeriClockControl(USART_TypeDef *pUSARTx, uint8_t EnorDi) {
  18:../ChronosRTOS/Drivers/Src/uart.c ****   if (EnorDi == 1U) {
  19:../ChronosRTOS/Drivers/Src/uart.c ****     if (pUSARTx == USART1) {
  20:../ChronosRTOS/Drivers/Src/uart.c ****       /* APB2ENR bit 14 */
  21:../ChronosRTOS/Drivers/Src/uart.c ****       RCC->APB2ENR |= (1U << 14);
  22:../ChronosRTOS/Drivers/Src/uart.c ****     } else if (pUSARTx == USART2) {
  23:../ChronosRTOS/Drivers/Src/uart.c ****       /* APB1ENR bit 17 */
  24:../ChronosRTOS/Drivers/Src/uart.c ****       RCC->APB1ENR |= (1U << 17);
  25:../ChronosRTOS/Drivers/Src/uart.c ****     } else if (pUSARTx == USART3) {
  26:../ChronosRTOS/Drivers/Src/uart.c ****       /* APB1ENR bit 18 */
  27:../ChronosRTOS/Drivers/Src/uart.c ****       RCC->APB1ENR |= (1U << 18);
  28:../ChronosRTOS/Drivers/Src/uart.c ****     }
  29:../ChronosRTOS/Drivers/Src/uart.c ****   } else {
  30:../ChronosRTOS/Drivers/Src/uart.c ****     if (pUSARTx == USART1) {
  31:../ChronosRTOS/Drivers/Src/uart.c ****       RCC->APB2ENR &= ~(1U << 14);
  32:../ChronosRTOS/Drivers/Src/uart.c ****     } else if (pUSARTx == USART2) {
  33:../ChronosRTOS/Drivers/Src/uart.c ****       RCC->APB1ENR &= ~(1U << 17);
ARM GAS  /tmp/cclo7Whc.s 			page 2


  34:../ChronosRTOS/Drivers/Src/uart.c ****     } else if (pUSARTx == USART3) {
  35:../ChronosRTOS/Drivers/Src/uart.c ****       RCC->APB1ENR &= ~(1U << 18);
  36:../ChronosRTOS/Drivers/Src/uart.c ****     }
  37:../ChronosRTOS/Drivers/Src/uart.c ****   }
  38:../ChronosRTOS/Drivers/Src/uart.c **** }
  39:../ChronosRTOS/Drivers/Src/uart.c **** 
  40:../ChronosRTOS/Drivers/Src/uart.c **** /*
  41:../ChronosRTOS/Drivers/Src/uart.c ****  * =========================================================
  42:../ChronosRTOS/Drivers/Src/uart.c ****  * USART1 GPIO Initialization
  43:../ChronosRTOS/Drivers/Src/uart.c ****  *
  44:../ChronosRTOS/Drivers/Src/uart.c ****  * USART1:
  45:../ChronosRTOS/Drivers/Src/uart.c ****  * PA9  -> TX
  46:../ChronosRTOS/Drivers/Src/uart.c ****  * PA10 -> RX
  47:../ChronosRTOS/Drivers/Src/uart.c ****  * =========================================================
  48:../ChronosRTOS/Drivers/Src/uart.c ****  */
  49:../ChronosRTOS/Drivers/Src/uart.c **** 
  50:../ChronosRTOS/Drivers/Src/uart.c **** static void USART1_GPIO_Init(void) {
  26              		.loc 1 50 36 view -0
  27              		.cfi_startproc
  28              		@ args = 0, pretend = 0, frame = 0
  29              		@ frame_needed = 0, uses_anonymous_args = 0
  30              		@ link register save eliminated.
  51:../ChronosRTOS/Drivers/Src/uart.c ****   /*
  52:../ChronosRTOS/Drivers/Src/uart.c ****    * Enable GPIOA clock.
  53:../ChronosRTOS/Drivers/Src/uart.c ****    *
  54:../ChronosRTOS/Drivers/Src/uart.c ****    * APB2ENR bit 2 = IOPAEN
  55:../ChronosRTOS/Drivers/Src/uart.c ****    */
  56:../ChronosRTOS/Drivers/Src/uart.c ****   RCC->APB2ENR |= (1U << 2);
  31              		.loc 1 56 3 view .LVU1
  32              		.loc 1 56 6 is_stmt 0 view .LVU2
  33 0000 0B4A     		ldr	r2, .L2
  34 0002 9369     		ldr	r3, [r2, #24]
  35              		.loc 1 56 16 view .LVU3
  36 0004 43F00403 		orr	r3, r3, #4
  37 0008 9361     		str	r3, [r2, #24]
  57:../ChronosRTOS/Drivers/Src/uart.c **** 
  58:../ChronosRTOS/Drivers/Src/uart.c ****   /*
  59:../ChronosRTOS/Drivers/Src/uart.c ****    * PA9 -> USART1_TX
  60:../ChronosRTOS/Drivers/Src/uart.c ****    *
  61:../ChronosRTOS/Drivers/Src/uart.c ****    * PA9 is in CRH.
  62:../ChronosRTOS/Drivers/Src/uart.c ****    * PA9 uses bits [7:4].
  63:../ChronosRTOS/Drivers/Src/uart.c ****    *
  64:../ChronosRTOS/Drivers/Src/uart.c ****    * 1011:
  65:../ChronosRTOS/Drivers/Src/uart.c ****    *
  66:../ChronosRTOS/Drivers/Src/uart.c ****    * MODE = 11 -> Output 50 MHz
  67:../ChronosRTOS/Drivers/Src/uart.c ****    * CNF  = 10 -> Alternate function push-pull
  68:../ChronosRTOS/Drivers/Src/uart.c ****    */
  69:../ChronosRTOS/Drivers/Src/uart.c ****   GPIOA->CRH &= ~(0xFU << 4);
  38              		.loc 1 69 3 is_stmt 1 view .LVU4
  39              		.loc 1 69 8 is_stmt 0 view .LVU5
  40 000a 0A4B     		ldr	r3, .L2+4
  41 000c 5A68     		ldr	r2, [r3, #4]
  42              		.loc 1 69 14 view .LVU6
  43 000e 22F0F002 		bic	r2, r2, #240
  44 0012 5A60     		str	r2, [r3, #4]
  70:../ChronosRTOS/Drivers/Src/uart.c ****   GPIOA->CRH |= (0xBU << 4);
  45              		.loc 1 70 3 is_stmt 1 view .LVU7
ARM GAS  /tmp/cclo7Whc.s 			page 3


  46              		.loc 1 70 8 is_stmt 0 view .LVU8
  47 0014 5A68     		ldr	r2, [r3, #4]
  48              		.loc 1 70 14 view .LVU9
  49 0016 42F0B002 		orr	r2, r2, #176
  50 001a 5A60     		str	r2, [r3, #4]
  71:../ChronosRTOS/Drivers/Src/uart.c **** 
  72:../ChronosRTOS/Drivers/Src/uart.c ****   /*
  73:../ChronosRTOS/Drivers/Src/uart.c ****    * PA10 -> USART1_RX
  74:../ChronosRTOS/Drivers/Src/uart.c ****    *
  75:../ChronosRTOS/Drivers/Src/uart.c ****    * PA10 is in CRH.
  76:../ChronosRTOS/Drivers/Src/uart.c ****    * PA10 uses bits [11:8].
  77:../ChronosRTOS/Drivers/Src/uart.c ****    *
  78:../ChronosRTOS/Drivers/Src/uart.c ****    * 0100:
  79:../ChronosRTOS/Drivers/Src/uart.c ****    *
  80:../ChronosRTOS/Drivers/Src/uart.c ****    * MODE = 00 -> Input
  81:../ChronosRTOS/Drivers/Src/uart.c ****    * CNF  = 01 -> Floating input
  82:../ChronosRTOS/Drivers/Src/uart.c ****    */
  83:../ChronosRTOS/Drivers/Src/uart.c ****   GPIOA->CRH &= ~(0xFU << 8);
  51              		.loc 1 83 3 is_stmt 1 view .LVU10
  52              		.loc 1 83 8 is_stmt 0 view .LVU11
  53 001c 5A68     		ldr	r2, [r3, #4]
  54              		.loc 1 83 14 view .LVU12
  55 001e 22F47062 		bic	r2, r2, #3840
  56 0022 5A60     		str	r2, [r3, #4]
  84:../ChronosRTOS/Drivers/Src/uart.c ****   GPIOA->CRH |= (0x4U << 8);
  57              		.loc 1 84 3 is_stmt 1 view .LVU13
  58              		.loc 1 84 8 is_stmt 0 view .LVU14
  59 0024 5A68     		ldr	r2, [r3, #4]
  60              		.loc 1 84 14 view .LVU15
  61 0026 42F48062 		orr	r2, r2, #1024
  62 002a 5A60     		str	r2, [r3, #4]
  85:../ChronosRTOS/Drivers/Src/uart.c **** }
  63              		.loc 1 85 1 view .LVU16
  64 002c 7047     		bx	lr
  65              	.L3:
  66 002e 00BF     		.align	2
  67              	.L2:
  68 0030 00100240 		.word	1073876992
  69 0034 00080140 		.word	1073809408
  70              		.cfi_endproc
  71              	.LFE66:
  73              		.section	.text.USART_PeriClockControl,"ax",%progbits
  74              		.align	1
  75              		.global	USART_PeriClockControl
  76              		.syntax unified
  77              		.thumb
  78              		.thumb_func
  80              	USART_PeriClockControl:
  81              	.LVL0:
  82              	.LFB65:
  17:../ChronosRTOS/Drivers/Src/uart.c ****   if (EnorDi == 1U) {
  83              		.loc 1 17 69 is_stmt 1 view -0
  84              		.cfi_startproc
  85              		@ args = 0, pretend = 0, frame = 0
  86              		@ frame_needed = 0, uses_anonymous_args = 0
  87              		@ link register save eliminated.
  18:../ChronosRTOS/Drivers/Src/uart.c ****     if (pUSARTx == USART1) {
ARM GAS  /tmp/cclo7Whc.s 			page 4


  88              		.loc 1 18 3 view .LVU18
  18:../ChronosRTOS/Drivers/Src/uart.c ****     if (pUSARTx == USART1) {
  89              		.loc 1 18 6 is_stmt 0 view .LVU19
  90 0000 0129     		cmp	r1, #1
  91 0002 09D0     		beq	.L11
  30:../ChronosRTOS/Drivers/Src/uart.c ****       RCC->APB2ENR &= ~(1U << 14);
  92              		.loc 1 30 5 is_stmt 1 view .LVU20
  30:../ChronosRTOS/Drivers/Src/uart.c ****       RCC->APB2ENR &= ~(1U << 14);
  93              		.loc 1 30 8 is_stmt 0 view .LVU21
  94 0004 1B4B     		ldr	r3, .L17
  95 0006 9842     		cmp	r0, r3
  96 0008 21D0     		beq	.L12
  32:../ChronosRTOS/Drivers/Src/uart.c ****       RCC->APB1ENR &= ~(1U << 17);
  97              		.loc 1 32 12 is_stmt 1 view .LVU22
  32:../ChronosRTOS/Drivers/Src/uart.c ****       RCC->APB1ENR &= ~(1U << 17);
  98              		.loc 1 32 15 is_stmt 0 view .LVU23
  99 000a 1B4B     		ldr	r3, .L17+4
 100 000c 9842     		cmp	r0, r3
 101 000e 24D0     		beq	.L13
  34:../ChronosRTOS/Drivers/Src/uart.c ****       RCC->APB1ENR &= ~(1U << 18);
 102              		.loc 1 34 12 is_stmt 1 view .LVU24
  34:../ChronosRTOS/Drivers/Src/uart.c ****       RCC->APB1ENR &= ~(1U << 18);
 103              		.loc 1 34 15 is_stmt 0 view .LVU25
 104 0010 1A4B     		ldr	r3, .L17+8
 105 0012 9842     		cmp	r0, r3
 106 0014 27D0     		beq	.L14
 107              	.L4:
  38:../ChronosRTOS/Drivers/Src/uart.c **** 
 108              		.loc 1 38 1 view .LVU26
 109 0016 7047     		bx	lr
 110              	.L11:
  19:../ChronosRTOS/Drivers/Src/uart.c ****       /* APB2ENR bit 14 */
 111              		.loc 1 19 5 is_stmt 1 view .LVU27
  19:../ChronosRTOS/Drivers/Src/uart.c ****       /* APB2ENR bit 14 */
 112              		.loc 1 19 8 is_stmt 0 view .LVU28
 113 0018 164B     		ldr	r3, .L17
 114 001a 9842     		cmp	r0, r3
 115 001c 0BD0     		beq	.L15
  22:../ChronosRTOS/Drivers/Src/uart.c ****       /* APB1ENR bit 17 */
 116              		.loc 1 22 12 is_stmt 1 view .LVU29
  22:../ChronosRTOS/Drivers/Src/uart.c ****       /* APB1ENR bit 17 */
 117              		.loc 1 22 15 is_stmt 0 view .LVU30
 118 001e 164B     		ldr	r3, .L17+4
 119 0020 9842     		cmp	r0, r3
 120 0022 0ED0     		beq	.L16
  25:../ChronosRTOS/Drivers/Src/uart.c ****       /* APB1ENR bit 18 */
 121              		.loc 1 25 12 is_stmt 1 view .LVU31
  25:../ChronosRTOS/Drivers/Src/uart.c ****       /* APB1ENR bit 18 */
 122              		.loc 1 25 15 is_stmt 0 view .LVU32
 123 0024 154B     		ldr	r3, .L17+8
 124 0026 9842     		cmp	r0, r3
 125 0028 F5D1     		bne	.L4
  27:../ChronosRTOS/Drivers/Src/uart.c ****     }
 126              		.loc 1 27 7 is_stmt 1 view .LVU33
  27:../ChronosRTOS/Drivers/Src/uart.c ****     }
 127              		.loc 1 27 10 is_stmt 0 view .LVU34
 128 002a 154A     		ldr	r2, .L17+12
ARM GAS  /tmp/cclo7Whc.s 			page 5


 129 002c D369     		ldr	r3, [r2, #28]
  27:../ChronosRTOS/Drivers/Src/uart.c ****     }
 130              		.loc 1 27 20 view .LVU35
 131 002e 43F48023 		orr	r3, r3, #262144
 132 0032 D361     		str	r3, [r2, #28]
 133 0034 7047     		bx	lr
 134              	.L15:
  21:../ChronosRTOS/Drivers/Src/uart.c ****     } else if (pUSARTx == USART2) {
 135              		.loc 1 21 7 is_stmt 1 view .LVU36
  21:../ChronosRTOS/Drivers/Src/uart.c ****     } else if (pUSARTx == USART2) {
 136              		.loc 1 21 10 is_stmt 0 view .LVU37
 137 0036 124A     		ldr	r2, .L17+12
 138 0038 9369     		ldr	r3, [r2, #24]
  21:../ChronosRTOS/Drivers/Src/uart.c ****     } else if (pUSARTx == USART2) {
 139              		.loc 1 21 20 view .LVU38
 140 003a 43F48043 		orr	r3, r3, #16384
 141 003e 9361     		str	r3, [r2, #24]
 142 0040 7047     		bx	lr
 143              	.L16:
  24:../ChronosRTOS/Drivers/Src/uart.c ****     } else if (pUSARTx == USART3) {
 144              		.loc 1 24 7 is_stmt 1 view .LVU39
  24:../ChronosRTOS/Drivers/Src/uart.c ****     } else if (pUSARTx == USART3) {
 145              		.loc 1 24 10 is_stmt 0 view .LVU40
 146 0042 0F4A     		ldr	r2, .L17+12
 147 0044 D369     		ldr	r3, [r2, #28]
  24:../ChronosRTOS/Drivers/Src/uart.c ****     } else if (pUSARTx == USART3) {
 148              		.loc 1 24 20 view .LVU41
 149 0046 43F40033 		orr	r3, r3, #131072
 150 004a D361     		str	r3, [r2, #28]
 151 004c 7047     		bx	lr
 152              	.L12:
  31:../ChronosRTOS/Drivers/Src/uart.c ****     } else if (pUSARTx == USART2) {
 153              		.loc 1 31 7 is_stmt 1 view .LVU42
  31:../ChronosRTOS/Drivers/Src/uart.c ****     } else if (pUSARTx == USART2) {
 154              		.loc 1 31 10 is_stmt 0 view .LVU43
 155 004e 0C4A     		ldr	r2, .L17+12
 156 0050 9369     		ldr	r3, [r2, #24]
  31:../ChronosRTOS/Drivers/Src/uart.c ****     } else if (pUSARTx == USART2) {
 157              		.loc 1 31 20 view .LVU44
 158 0052 23F48043 		bic	r3, r3, #16384
 159 0056 9361     		str	r3, [r2, #24]
 160 0058 7047     		bx	lr
 161              	.L13:
  33:../ChronosRTOS/Drivers/Src/uart.c ****     } else if (pUSARTx == USART3) {
 162              		.loc 1 33 7 is_stmt 1 view .LVU45
  33:../ChronosRTOS/Drivers/Src/uart.c ****     } else if (pUSARTx == USART3) {
 163              		.loc 1 33 10 is_stmt 0 view .LVU46
 164 005a 094A     		ldr	r2, .L17+12
 165 005c D369     		ldr	r3, [r2, #28]
  33:../ChronosRTOS/Drivers/Src/uart.c ****     } else if (pUSARTx == USART3) {
 166              		.loc 1 33 20 view .LVU47
 167 005e 23F40033 		bic	r3, r3, #131072
 168 0062 D361     		str	r3, [r2, #28]
 169 0064 7047     		bx	lr
 170              	.L14:
  35:../ChronosRTOS/Drivers/Src/uart.c ****     }
 171              		.loc 1 35 7 is_stmt 1 view .LVU48
ARM GAS  /tmp/cclo7Whc.s 			page 6


  35:../ChronosRTOS/Drivers/Src/uart.c ****     }
 172              		.loc 1 35 10 is_stmt 0 view .LVU49
 173 0066 064A     		ldr	r2, .L17+12
 174 0068 D369     		ldr	r3, [r2, #28]
  35:../ChronosRTOS/Drivers/Src/uart.c ****     }
 175              		.loc 1 35 20 view .LVU50
 176 006a 23F48023 		bic	r3, r3, #262144
 177 006e D361     		str	r3, [r2, #28]
  38:../ChronosRTOS/Drivers/Src/uart.c **** 
 178              		.loc 1 38 1 view .LVU51
 179 0070 D1E7     		b	.L4
 180              	.L18:
 181 0072 00BF     		.align	2
 182              	.L17:
 183 0074 00380140 		.word	1073821696
 184 0078 00440040 		.word	1073759232
 185 007c 00480040 		.word	1073760256
 186 0080 00100240 		.word	1073876992
 187              		.cfi_endproc
 188              	.LFE65:
 190              		.section	.text.USART_SetBaudRate,"ax",%progbits
 191              		.align	1
 192              		.global	USART_SetBaudRate
 193              		.syntax unified
 194              		.thumb
 195              		.thumb_func
 197              	USART_SetBaudRate:
 198              	.LVL1:
 199              	.LFB67:
  86:../ChronosRTOS/Drivers/Src/uart.c **** 
  87:../ChronosRTOS/Drivers/Src/uart.c **** /*
  88:../ChronosRTOS/Drivers/Src/uart.c ****  * =========================================================
  89:../ChronosRTOS/Drivers/Src/uart.c ****  * USART Baud Rate Configuration
  90:../ChronosRTOS/Drivers/Src/uart.c ****  * =========================================================
  91:../ChronosRTOS/Drivers/Src/uart.c ****  *
  92:../ChronosRTOS/Drivers/Src/uart.c ****  * Current ChronosRTOS clock configuration:
  93:../ChronosRTOS/Drivers/Src/uart.c ****  *
  94:../ChronosRTOS/Drivers/Src/uart.c ****  * SYSCLK = 72 MHz
  95:../ChronosRTOS/Drivers/Src/uart.c ****  * APB2   = 72 MHz
  96:../ChronosRTOS/Drivers/Src/uart.c ****  * APB1   = 36 MHz
  97:../ChronosRTOS/Drivers/Src/uart.c ****  *
  98:../ChronosRTOS/Drivers/Src/uart.c ****  * USART1 -> APB2
  99:../ChronosRTOS/Drivers/Src/uart.c ****  * USART2 -> APB1
 100:../ChronosRTOS/Drivers/Src/uart.c ****  * USART3 -> APB1
 101:../ChronosRTOS/Drivers/Src/uart.c ****  *
 102:../ChronosRTOS/Drivers/Src/uart.c ****  * Oversampling by 16 is used.
 103:../ChronosRTOS/Drivers/Src/uart.c ****  * =========================================================
 104:../ChronosRTOS/Drivers/Src/uart.c ****  */
 105:../ChronosRTOS/Drivers/Src/uart.c **** 
 106:../ChronosRTOS/Drivers/Src/uart.c **** void USART_SetBaudRate(USART_TypeDef *pUSARTx, uint32_t BaudRate) {
 200              		.loc 1 106 67 is_stmt 1 view -0
 201              		.cfi_startproc
 202              		@ args = 0, pretend = 0, frame = 0
 203              		@ frame_needed = 0, uses_anonymous_args = 0
 204              		.loc 1 106 67 is_stmt 0 view .LVU53
 205 0000 00B5     		push	{lr}
 206              	.LCFI0:
ARM GAS  /tmp/cclo7Whc.s 			page 7


 207              		.cfi_def_cfa_offset 4
 208              		.cfi_offset 14, -4
 107:../ChronosRTOS/Drivers/Src/uart.c ****   uint32_t PCLK;
 209              		.loc 1 107 3 is_stmt 1 view .LVU54
 108:../ChronosRTOS/Drivers/Src/uart.c ****   uint32_t USARTDIV_MUL100;
 210              		.loc 1 108 3 view .LVU55
 109:../ChronosRTOS/Drivers/Src/uart.c ****   uint32_t Mantissa;
 211              		.loc 1 109 3 view .LVU56
 110:../ChronosRTOS/Drivers/Src/uart.c ****   uint32_t Fraction;
 212              		.loc 1 110 3 view .LVU57
 111:../ChronosRTOS/Drivers/Src/uart.c **** 
 112:../ChronosRTOS/Drivers/Src/uart.c ****   /*
 113:../ChronosRTOS/Drivers/Src/uart.c ****    * Determine peripheral clock.
 114:../ChronosRTOS/Drivers/Src/uart.c ****    */
 115:../ChronosRTOS/Drivers/Src/uart.c ****   if (pUSARTx == USART1) {
 213              		.loc 1 115 3 view .LVU58
 214              		.loc 1 115 6 is_stmt 0 view .LVU59
 215 0002 114B     		ldr	r3, .L25
 216 0004 9842     		cmp	r0, r3
 217 0006 1CD0     		beq	.L24
 116:../ChronosRTOS/Drivers/Src/uart.c ****     PCLK = 72000000U;
 117:../ChronosRTOS/Drivers/Src/uart.c ****   } else {
 118:../ChronosRTOS/Drivers/Src/uart.c ****     PCLK = 36000000U;
 218              		.loc 1 118 10 view .LVU60
 219 0008 104B     		ldr	r3, .L25+4
 220              	.L20:
 221              	.LVL2:
 119:../ChronosRTOS/Drivers/Src/uart.c ****   }
 120:../ChronosRTOS/Drivers/Src/uart.c **** 
 121:../ChronosRTOS/Drivers/Src/uart.c ****   /*
 122:../ChronosRTOS/Drivers/Src/uart.c ****    * USARTDIV = PCLK / (16 * BaudRate)
 123:../ChronosRTOS/Drivers/Src/uart.c ****    *
 124:../ChronosRTOS/Drivers/Src/uart.c ****    * Calculate USARTDIV * 100 so that
 125:../ChronosRTOS/Drivers/Src/uart.c ****    * the fractional portion is preserved.
 126:../ChronosRTOS/Drivers/Src/uart.c ****    */
 127:../ChronosRTOS/Drivers/Src/uart.c ****   USARTDIV_MUL100 = (PCLK * 100U) / (16U * BaudRate);
 222              		.loc 1 127 3 is_stmt 1 view .LVU61
 223              		.loc 1 127 27 is_stmt 0 view .LVU62
 224 000a 4FF0640C 		mov	ip, #100
 225 000e 0CFB03F3 		mul	r3, ip, r3
 226              	.LVL3:
 227              		.loc 1 127 42 view .LVU63
 228 0012 0901     		lsls	r1, r1, #4
 229              	.LVL4:
 230              		.loc 1 127 19 view .LVU64
 231 0014 B3FBF1F3 		udiv	r3, r3, r1
 232              	.LVL5:
 128:../ChronosRTOS/Drivers/Src/uart.c **** 
 129:../ChronosRTOS/Drivers/Src/uart.c ****   /*
 130:../ChronosRTOS/Drivers/Src/uart.c ****    * Integer portion.
 131:../ChronosRTOS/Drivers/Src/uart.c ****    */
 132:../ChronosRTOS/Drivers/Src/uart.c ****   Mantissa = USARTDIV_MUL100 / 100U;
 233              		.loc 1 132 3 is_stmt 1 view .LVU65
 234              		.loc 1 132 12 is_stmt 0 view .LVU66
 235 0018 0D4A     		ldr	r2, .L25+8
 236 001a A2FB03E1 		umull	lr, r1, r2, r3
 237 001e 4909     		lsrs	r1, r1, #5
ARM GAS  /tmp/cclo7Whc.s 			page 8


 238              	.LVL6:
 133:../ChronosRTOS/Drivers/Src/uart.c **** 
 134:../ChronosRTOS/Drivers/Src/uart.c ****   /*
 135:../ChronosRTOS/Drivers/Src/uart.c ****    * Fractional portion.
 136:../ChronosRTOS/Drivers/Src/uart.c ****    *
 137:../ChronosRTOS/Drivers/Src/uart.c ****    * BRR has a 4-bit fraction field.
 138:../ChronosRTOS/Drivers/Src/uart.c ****    */
 139:../ChronosRTOS/Drivers/Src/uart.c ****   Fraction = ((USARTDIV_MUL100 % 100U) * 16U + 50U) / 100U;
 239              		.loc 1 139 3 is_stmt 1 view .LVU67
 240              		.loc 1 139 32 is_stmt 0 view .LVU68
 241 0020 0CFB1133 		mls	r3, ip, r1, r3
 242              	.LVL7:
 243              		.loc 1 139 40 view .LVU69
 244 0024 1B01     		lsls	r3, r3, #4
 245              		.loc 1 139 46 view .LVU70
 246 0026 3233     		adds	r3, r3, #50
 247              		.loc 1 139 12 view .LVU71
 248 0028 A2FB03C2 		umull	ip, r2, r2, r3
 249              		.loc 1 139 12 view .LVU72
 250 002c 5209     		lsrs	r2, r2, #5
 251              	.LVL8:
 140:../ChronosRTOS/Drivers/Src/uart.c **** 
 141:../ChronosRTOS/Drivers/Src/uart.c ****   /*
 142:../ChronosRTOS/Drivers/Src/uart.c ****    * Fraction rounding may produce 16.
 143:../ChronosRTOS/Drivers/Src/uart.c ****    *
 144:../ChronosRTOS/Drivers/Src/uart.c ****    * In that case carry into the mantissa.
 145:../ChronosRTOS/Drivers/Src/uart.c ****    */
 146:../ChronosRTOS/Drivers/Src/uart.c ****   if (Fraction >= 16U) {
 252              		.loc 1 146 3 is_stmt 1 view .LVU73
 253              		.loc 1 146 6 is_stmt 0 view .LVU74
 254 002e B3F5C86F 		cmp	r3, #1600
 255 0032 01D3     		bcc	.L21
 147:../ChronosRTOS/Drivers/Src/uart.c ****     Mantissa++;
 256              		.loc 1 147 5 is_stmt 1 view .LVU75
 257              		.loc 1 147 13 is_stmt 0 view .LVU76
 258 0034 0131     		adds	r1, r1, #1
 259              	.LVL9:
 148:../ChronosRTOS/Drivers/Src/uart.c ****     Fraction = 0U;
 260              		.loc 1 148 5 is_stmt 1 view .LVU77
 261              		.loc 1 148 14 is_stmt 0 view .LVU78
 262 0036 0022     		movs	r2, #0
 263              	.LVL10:
 264              	.L21:
 149:../ChronosRTOS/Drivers/Src/uart.c ****   }
 150:../ChronosRTOS/Drivers/Src/uart.c **** 
 151:../ChronosRTOS/Drivers/Src/uart.c ****   /*
 152:../ChronosRTOS/Drivers/Src/uart.c ****    * USART_BRR:
 153:../ChronosRTOS/Drivers/Src/uart.c ****    *
 154:../ChronosRTOS/Drivers/Src/uart.c ****    * Bits [15:4] -> Mantissa
 155:../ChronosRTOS/Drivers/Src/uart.c ****    * Bits [3:0]  -> Fraction
 156:../ChronosRTOS/Drivers/Src/uart.c ****    */
 157:../ChronosRTOS/Drivers/Src/uart.c ****   pUSARTx->BRR = (Mantissa << 4) | Fraction;
 265              		.loc 1 157 3 is_stmt 1 view .LVU79
 266              		.loc 1 157 34 is_stmt 0 view .LVU80
 267 0038 42EA0112 		orr	r2, r2, r1, lsl #4
 268              	.LVL11:
 269              		.loc 1 157 16 view .LVU81
ARM GAS  /tmp/cclo7Whc.s 			page 9


 270 003c 8260     		str	r2, [r0, #8]
 158:../ChronosRTOS/Drivers/Src/uart.c **** }
 271              		.loc 1 158 1 view .LVU82
 272 003e 5DF804FB 		ldr	pc, [sp], #4
 273              	.LVL12:
 274              	.L24:
 116:../ChronosRTOS/Drivers/Src/uart.c ****   } else {
 275              		.loc 1 116 10 view .LVU83
 276 0042 044B     		ldr	r3, .L25+12
 277 0044 E1E7     		b	.L20
 278              	.L26:
 279 0046 00BF     		.align	2
 280              	.L25:
 281 0048 00380140 		.word	1073821696
 282 004c 00512502 		.word	36000000
 283 0050 1F85EB51 		.word	1374389535
 284 0054 00A24A04 		.word	72000000
 285              		.cfi_endproc
 286              	.LFE67:
 288              		.section	.text.USART_Init,"ax",%progbits
 289              		.align	1
 290              		.global	USART_Init
 291              		.syntax unified
 292              		.thumb
 293              		.thumb_func
 295              	USART_Init:
 296              	.LVL13:
 297              	.LFB68:
 159:../ChronosRTOS/Drivers/Src/uart.c **** 
 160:../ChronosRTOS/Drivers/Src/uart.c **** /*
 161:../ChronosRTOS/Drivers/Src/uart.c ****  * =========================================================
 162:../ChronosRTOS/Drivers/Src/uart.c ****  * USART Initialization
 163:../ChronosRTOS/Drivers/Src/uart.c ****  * =========================================================
 164:../ChronosRTOS/Drivers/Src/uart.c ****  */
 165:../ChronosRTOS/Drivers/Src/uart.c **** 
 166:../ChronosRTOS/Drivers/Src/uart.c **** void USART_Init(USART_Handle_t *pUSARTHandle) {
 298              		.loc 1 166 47 is_stmt 1 view -0
 299              		.cfi_startproc
 300              		@ args = 0, pretend = 0, frame = 0
 301              		@ frame_needed = 0, uses_anonymous_args = 0
 302              		.loc 1 166 47 is_stmt 0 view .LVU85
 303 0000 10B5     		push	{r4, lr}
 304              	.LCFI1:
 305              		.cfi_def_cfa_offset 8
 306              		.cfi_offset 4, -8
 307              		.cfi_offset 14, -4
 308 0002 0446     		mov	r4, r0
 167:../ChronosRTOS/Drivers/Src/uart.c ****   uint32_t tempreg = 0U;
 309              		.loc 1 167 3 is_stmt 1 view .LVU86
 310              	.LVL14:
 168:../ChronosRTOS/Drivers/Src/uart.c **** 
 169:../ChronosRTOS/Drivers/Src/uart.c ****   /*
 170:../ChronosRTOS/Drivers/Src/uart.c ****    * -----------------------------------------------------
 171:../ChronosRTOS/Drivers/Src/uart.c ****    * 1. Enable USART peripheral clock
 172:../ChronosRTOS/Drivers/Src/uart.c ****    * -----------------------------------------------------
 173:../ChronosRTOS/Drivers/Src/uart.c ****    */
 174:../ChronosRTOS/Drivers/Src/uart.c **** 
ARM GAS  /tmp/cclo7Whc.s 			page 10


 175:../ChronosRTOS/Drivers/Src/uart.c ****   USART_PeriClockControl(pUSARTHandle->pUSARTx, 1U);
 311              		.loc 1 175 3 view .LVU87
 312 0004 0121     		movs	r1, #1
 313 0006 0068     		ldr	r0, [r0]
 314              	.LVL15:
 315              		.loc 1 175 3 is_stmt 0 view .LVU88
 316 0008 FFF7FEFF 		bl	USART_PeriClockControl
 317              	.LVL16:
 176:../ChronosRTOS/Drivers/Src/uart.c **** 
 177:../ChronosRTOS/Drivers/Src/uart.c ****   /*
 178:../ChronosRTOS/Drivers/Src/uart.c ****    * -----------------------------------------------------
 179:../ChronosRTOS/Drivers/Src/uart.c ****    * 2. Configure GPIO
 180:../ChronosRTOS/Drivers/Src/uart.c ****    * -----------------------------------------------------
 181:../ChronosRTOS/Drivers/Src/uart.c ****    */
 182:../ChronosRTOS/Drivers/Src/uart.c **** 
 183:../ChronosRTOS/Drivers/Src/uart.c ****   if (pUSARTHandle->pUSARTx == USART1) {
 318              		.loc 1 183 3 is_stmt 1 view .LVU89
 319              		.loc 1 183 19 is_stmt 0 view .LVU90
 320 000c 2268     		ldr	r2, [r4]
 321              		.loc 1 183 6 view .LVU91
 322 000e 214B     		ldr	r3, .L43
 323 0010 9A42     		cmp	r2, r3
 324 0012 1FD0     		beq	.L39
 325              	.L28:
 184:../ChronosRTOS/Drivers/Src/uart.c ****     USART1_GPIO_Init();
 185:../ChronosRTOS/Drivers/Src/uart.c ****   }
 186:../ChronosRTOS/Drivers/Src/uart.c **** 
 187:../ChronosRTOS/Drivers/Src/uart.c ****   /*
 188:../ChronosRTOS/Drivers/Src/uart.c ****    * -----------------------------------------------------
 189:../ChronosRTOS/Drivers/Src/uart.c ****    * 3. Configure CR1
 190:../ChronosRTOS/Drivers/Src/uart.c ****    * -----------------------------------------------------
 191:../ChronosRTOS/Drivers/Src/uart.c ****    *
 192:../ChronosRTOS/Drivers/Src/uart.c ****    * CR1:
 193:../ChronosRTOS/Drivers/Src/uart.c ****    *
 194:../ChronosRTOS/Drivers/Src/uart.c ****    * Bit 12 -> M
 195:../ChronosRTOS/Drivers/Src/uart.c ****    * Bit 10 -> PCE
 196:../ChronosRTOS/Drivers/Src/uart.c ****    * Bit 9  -> PS
 197:../ChronosRTOS/Drivers/Src/uart.c ****    * Bit 3  -> TE
 198:../ChronosRTOS/Drivers/Src/uart.c ****    * Bit 2  -> RE
 199:../ChronosRTOS/Drivers/Src/uart.c ****    *
 200:../ChronosRTOS/Drivers/Src/uart.c ****    * UE is enabled later.
 201:../ChronosRTOS/Drivers/Src/uart.c ****    * -----------------------------------------------------
 202:../ChronosRTOS/Drivers/Src/uart.c ****    */
 203:../ChronosRTOS/Drivers/Src/uart.c **** 
 204:../ChronosRTOS/Drivers/Src/uart.c ****   /*
 205:../ChronosRTOS/Drivers/Src/uart.c ****    * Word length
 206:../ChronosRTOS/Drivers/Src/uart.c ****    *
 207:../ChronosRTOS/Drivers/Src/uart.c ****    * 0 -> 8 bits
 208:../ChronosRTOS/Drivers/Src/uart.c ****    * 1 -> 9 bits
 209:../ChronosRTOS/Drivers/Src/uart.c ****    */
 210:../ChronosRTOS/Drivers/Src/uart.c ****   tempreg |= ((uint32_t)pUSARTHandle->USART_Config.USART_WordLength << 12);
 326              		.loc 1 210 3 is_stmt 1 view .LVU92
 327              		.loc 1 210 51 is_stmt 0 view .LVU93
 328 0014 627B     		ldrb	r2, [r4, #13]	@ zero_extendqisi2
 329              		.loc 1 210 69 view .LVU94
 330 0016 1203     		lsls	r2, r2, #12
 331              	.LVL17:
ARM GAS  /tmp/cclo7Whc.s 			page 11


 211:../ChronosRTOS/Drivers/Src/uart.c **** 
 212:../ChronosRTOS/Drivers/Src/uart.c ****   /*
 213:../ChronosRTOS/Drivers/Src/uart.c ****    * Parity.
 214:../ChronosRTOS/Drivers/Src/uart.c ****    */
 215:../ChronosRTOS/Drivers/Src/uart.c **** 
 216:../ChronosRTOS/Drivers/Src/uart.c ****   if (pUSARTHandle->USART_Config.USART_ParityControl == USART_PARITY_EN_EVEN) {
 332              		.loc 1 216 3 is_stmt 1 view .LVU95
 333              		.loc 1 216 33 is_stmt 0 view .LVU96
 334 0018 A37B     		ldrb	r3, [r4, #14]	@ zero_extendqisi2
 335              		.loc 1 216 6 view .LVU97
 336 001a 012B     		cmp	r3, #1
 337 001c 1DD0     		beq	.L40
 217:../ChronosRTOS/Drivers/Src/uart.c ****     /*
 218:../ChronosRTOS/Drivers/Src/uart.c ****      * PCE = 1
 219:../ChronosRTOS/Drivers/Src/uart.c ****      * PS  = 0
 220:../ChronosRTOS/Drivers/Src/uart.c ****      */
 221:../ChronosRTOS/Drivers/Src/uart.c ****     tempreg |= (1U << 10);
 222:../ChronosRTOS/Drivers/Src/uart.c ****   } else if (pUSARTHandle->USART_Config.USART_ParityControl ==
 338              		.loc 1 222 10 is_stmt 1 view .LVU98
 339              		.loc 1 222 13 is_stmt 0 view .LVU99
 340 001e 022B     		cmp	r3, #2
 341 0020 1ED0     		beq	.L41
 342              	.L30:
 223:../ChronosRTOS/Drivers/Src/uart.c ****              USART_PARITY_EN_ODD) {
 224:../ChronosRTOS/Drivers/Src/uart.c ****     /*
 225:../ChronosRTOS/Drivers/Src/uart.c ****      * PCE = 1
 226:../ChronosRTOS/Drivers/Src/uart.c ****      * PS  = 1
 227:../ChronosRTOS/Drivers/Src/uart.c ****      */
 228:../ChronosRTOS/Drivers/Src/uart.c ****     tempreg |= (1U << 10);
 229:../ChronosRTOS/Drivers/Src/uart.c ****     tempreg |= (1U << 9);
 230:../ChronosRTOS/Drivers/Src/uart.c ****   }
 231:../ChronosRTOS/Drivers/Src/uart.c **** 
 232:../ChronosRTOS/Drivers/Src/uart.c ****   /*
 233:../ChronosRTOS/Drivers/Src/uart.c ****    * Transmitter enable.
 234:../ChronosRTOS/Drivers/Src/uart.c ****    */
 235:../ChronosRTOS/Drivers/Src/uart.c **** 
 236:../ChronosRTOS/Drivers/Src/uart.c ****   if ((pUSARTHandle->USART_Config.USART_Mode == USART_MODE_ONLY_TX) ||
 343              		.loc 1 236 3 is_stmt 1 view .LVU100
 344              		.loc 1 236 34 is_stmt 0 view .LVU101
 345 0022 2379     		ldrb	r3, [r4, #4]	@ zero_extendqisi2
 346              		.loc 1 236 6 view .LVU102
 347 0024 0BB1     		cbz	r3, .L31
 348              		.loc 1 236 69 discriminator 1 view .LVU103
 349 0026 022B     		cmp	r3, #2
 350 0028 01D1     		bne	.L32
 351              	.L31:
 237:../ChronosRTOS/Drivers/Src/uart.c **** 
 238:../ChronosRTOS/Drivers/Src/uart.c ****       (pUSARTHandle->USART_Config.USART_Mode == USART_MODE_TXRX)) {
 239:../ChronosRTOS/Drivers/Src/uart.c ****     tempreg |= (1U << 3);
 352              		.loc 1 239 5 is_stmt 1 view .LVU104
 353              		.loc 1 239 13 is_stmt 0 view .LVU105
 354 002a 42F00802 		orr	r2, r2, #8
 355              	.LVL18:
 356              	.L32:
 240:../ChronosRTOS/Drivers/Src/uart.c ****   }
 241:../ChronosRTOS/Drivers/Src/uart.c **** 
 242:../ChronosRTOS/Drivers/Src/uart.c ****   /*
ARM GAS  /tmp/cclo7Whc.s 			page 12


 243:../ChronosRTOS/Drivers/Src/uart.c ****    * Receiver enable.
 244:../ChronosRTOS/Drivers/Src/uart.c ****    */
 245:../ChronosRTOS/Drivers/Src/uart.c **** 
 246:../ChronosRTOS/Drivers/Src/uart.c ****   if ((pUSARTHandle->USART_Config.USART_Mode == USART_MODE_ONLY_RX) ||
 357              		.loc 1 246 3 is_stmt 1 view .LVU106
 358              		.loc 1 246 69 is_stmt 0 view .LVU107
 359 002e 013B     		subs	r3, r3, #1
 360 0030 DBB2     		uxtb	r3, r3
 361              		.loc 1 246 6 view .LVU108
 362 0032 012B     		cmp	r3, #1
 363 0034 17D9     		bls	.L42
 364              	.L33:
 247:../ChronosRTOS/Drivers/Src/uart.c **** 
 248:../ChronosRTOS/Drivers/Src/uart.c ****       (pUSARTHandle->USART_Config.USART_Mode == USART_MODE_TXRX)) {
 249:../ChronosRTOS/Drivers/Src/uart.c ****     tempreg |= (1U << 2);
 250:../ChronosRTOS/Drivers/Src/uart.c ****   }
 251:../ChronosRTOS/Drivers/Src/uart.c **** 
 252:../ChronosRTOS/Drivers/Src/uart.c ****   /*
 253:../ChronosRTOS/Drivers/Src/uart.c ****    * Write CR1.
 254:../ChronosRTOS/Drivers/Src/uart.c ****    *
 255:../ChronosRTOS/Drivers/Src/uart.c ****    * UE remains 0 for now.
 256:../ChronosRTOS/Drivers/Src/uart.c ****    */
 257:../ChronosRTOS/Drivers/Src/uart.c ****   pUSARTHandle->pUSARTx->CR1 = tempreg;
 365              		.loc 1 257 3 is_stmt 1 view .LVU109
 366              		.loc 1 257 15 is_stmt 0 view .LVU110
 367 0036 2368     		ldr	r3, [r4]
 368              		.loc 1 257 30 view .LVU111
 369 0038 DA60     		str	r2, [r3, #12]
 258:../ChronosRTOS/Drivers/Src/uart.c **** 
 259:../ChronosRTOS/Drivers/Src/uart.c ****   /*
 260:../ChronosRTOS/Drivers/Src/uart.c ****    * -----------------------------------------------------
 261:../ChronosRTOS/Drivers/Src/uart.c ****    * 4. Configure CR2
 262:../ChronosRTOS/Drivers/Src/uart.c ****    * -----------------------------------------------------
 263:../ChronosRTOS/Drivers/Src/uart.c ****    *
 264:../ChronosRTOS/Drivers/Src/uart.c ****    * STOP bits:
 265:../ChronosRTOS/Drivers/Src/uart.c ****    *
 266:../ChronosRTOS/Drivers/Src/uart.c ****    * CR2 bits [13:12]
 267:../ChronosRTOS/Drivers/Src/uart.c ****    * -----------------------------------------------------
 268:../ChronosRTOS/Drivers/Src/uart.c ****    */
 269:../ChronosRTOS/Drivers/Src/uart.c **** 
 270:../ChronosRTOS/Drivers/Src/uart.c ****   tempreg = 0U;
 370              		.loc 1 270 3 is_stmt 1 view .LVU112
 371              	.LVL19:
 271:../ChronosRTOS/Drivers/Src/uart.c **** 
 272:../ChronosRTOS/Drivers/Src/uart.c ****   tempreg |= ((uint32_t)pUSARTHandle->USART_Config.USART_NoOfStopBits << 12);
 372              		.loc 1 272 3 view .LVU113
 373              		.loc 1 272 51 is_stmt 0 view .LVU114
 374 003a 237B     		ldrb	r3, [r4, #12]	@ zero_extendqisi2
 375              		.loc 1 272 71 view .LVU115
 376 003c 1B03     		lsls	r3, r3, #12
 377              	.LVL20:
 273:../ChronosRTOS/Drivers/Src/uart.c **** 
 274:../ChronosRTOS/Drivers/Src/uart.c ****   pUSARTHandle->pUSARTx->CR2 = tempreg;
 378              		.loc 1 274 3 is_stmt 1 view .LVU116
 379              		.loc 1 274 15 is_stmt 0 view .LVU117
 380 003e 2268     		ldr	r2, [r4]
 381              		.loc 1 274 30 view .LVU118
ARM GAS  /tmp/cclo7Whc.s 			page 13


 382 0040 1361     		str	r3, [r2, #16]
 275:../ChronosRTOS/Drivers/Src/uart.c **** 
 276:../ChronosRTOS/Drivers/Src/uart.c ****   /*
 277:../ChronosRTOS/Drivers/Src/uart.c ****    * -----------------------------------------------------
 278:../ChronosRTOS/Drivers/Src/uart.c ****    * 5. Configure CR3
 279:../ChronosRTOS/Drivers/Src/uart.c ****    * -----------------------------------------------------
 280:../ChronosRTOS/Drivers/Src/uart.c ****    *
 281:../ChronosRTOS/Drivers/Src/uart.c ****    * CTS -> bit 9
 282:../ChronosRTOS/Drivers/Src/uart.c ****    * RTS -> bit 8
 283:../ChronosRTOS/Drivers/Src/uart.c ****    * -----------------------------------------------------
 284:../ChronosRTOS/Drivers/Src/uart.c ****    */
 285:../ChronosRTOS/Drivers/Src/uart.c **** 
 286:../ChronosRTOS/Drivers/Src/uart.c ****   tempreg = 0U;
 383              		.loc 1 286 3 is_stmt 1 view .LVU119
 384              	.LVL21:
 287:../ChronosRTOS/Drivers/Src/uart.c **** 
 288:../ChronosRTOS/Drivers/Src/uart.c ****   if (pUSARTHandle->USART_Config.USART_HWFlowControl ==
 385              		.loc 1 288 3 view .LVU120
 386              		.loc 1 288 33 is_stmt 0 view .LVU121
 387 0042 E37B     		ldrb	r3, [r4, #15]	@ zero_extendqisi2
 388              		.loc 1 288 6 view .LVU122
 389 0044 012B     		cmp	r3, #1
 390 0046 11D0     		beq	.L35
 289:../ChronosRTOS/Drivers/Src/uart.c ****       USART_HW_FLOW_CTRL_CTS) {
 290:../ChronosRTOS/Drivers/Src/uart.c ****     tempreg |= (1U << 9);
 291:../ChronosRTOS/Drivers/Src/uart.c ****   } else if (pUSARTHandle->USART_Config.USART_HWFlowControl ==
 391              		.loc 1 291 10 is_stmt 1 view .LVU123
 392              		.loc 1 291 13 is_stmt 0 view .LVU124
 393 0048 022B     		cmp	r3, #2
 394 004a 1DD0     		beq	.L36
 292:../ChronosRTOS/Drivers/Src/uart.c ****              USART_HW_FLOW_CTRL_RTS) {
 293:../ChronosRTOS/Drivers/Src/uart.c ****     tempreg |= (1U << 8);
 294:../ChronosRTOS/Drivers/Src/uart.c ****   } else if (pUSARTHandle->USART_Config.USART_HWFlowControl ==
 395              		.loc 1 294 10 is_stmt 1 view .LVU125
 396              		.loc 1 294 13 is_stmt 0 view .LVU126
 397 004c 032B     		cmp	r3, #3
 398 004e 1ED0     		beq	.L37
 286:../ChronosRTOS/Drivers/Src/uart.c **** 
 399              		.loc 1 286 11 view .LVU127
 400 0050 0022     		movs	r2, #0
 401 0052 0DE0     		b	.L34
 402              	.L39:
 184:../ChronosRTOS/Drivers/Src/uart.c ****   }
 403              		.loc 1 184 5 is_stmt 1 view .LVU128
 404 0054 FFF7FEFF 		bl	USART1_GPIO_Init
 405              	.LVL22:
 406 0058 DCE7     		b	.L28
 407              	.LVL23:
 408              	.L40:
 221:../ChronosRTOS/Drivers/Src/uart.c ****   } else if (pUSARTHandle->USART_Config.USART_ParityControl ==
 409              		.loc 1 221 5 view .LVU129
 221:../ChronosRTOS/Drivers/Src/uart.c ****   } else if (pUSARTHandle->USART_Config.USART_ParityControl ==
 410              		.loc 1 221 13 is_stmt 0 view .LVU130
 411 005a 42F48062 		orr	r2, r2, #1024
 412              	.LVL24:
 221:../ChronosRTOS/Drivers/Src/uart.c ****   } else if (pUSARTHandle->USART_Config.USART_ParityControl ==
 413              		.loc 1 221 13 view .LVU131
ARM GAS  /tmp/cclo7Whc.s 			page 14


 414 005e E0E7     		b	.L30
 415              	.L41:
 228:../ChronosRTOS/Drivers/Src/uart.c ****     tempreg |= (1U << 9);
 416              		.loc 1 228 5 is_stmt 1 view .LVU132
 417              	.LVL25:
 229:../ChronosRTOS/Drivers/Src/uart.c ****   }
 418              		.loc 1 229 5 view .LVU133
 229:../ChronosRTOS/Drivers/Src/uart.c ****   }
 419              		.loc 1 229 13 is_stmt 0 view .LVU134
 420 0060 42F4C062 		orr	r2, r2, #1536
 421              	.LVL26:
 229:../ChronosRTOS/Drivers/Src/uart.c ****   }
 422              		.loc 1 229 13 view .LVU135
 423 0064 DDE7     		b	.L30
 424              	.L42:
 249:../ChronosRTOS/Drivers/Src/uart.c ****   }
 425              		.loc 1 249 5 is_stmt 1 view .LVU136
 249:../ChronosRTOS/Drivers/Src/uart.c ****   }
 426              		.loc 1 249 13 is_stmt 0 view .LVU137
 427 0066 42F00402 		orr	r2, r2, #4
 428              	.LVL27:
 249:../ChronosRTOS/Drivers/Src/uart.c ****   }
 429              		.loc 1 249 13 view .LVU138
 430 006a E4E7     		b	.L33
 431              	.LVL28:
 432              	.L35:
 290:../ChronosRTOS/Drivers/Src/uart.c ****   } else if (pUSARTHandle->USART_Config.USART_HWFlowControl ==
 433              		.loc 1 290 13 view .LVU139
 434 006c 4FF40072 		mov	r2, #512
 435              	.L34:
 436              	.LVL29:
 295:../ChronosRTOS/Drivers/Src/uart.c ****              USART_HW_FLOW_CTRL_CTS_RTS) {
 296:../ChronosRTOS/Drivers/Src/uart.c ****     tempreg |= (1U << 9);
 297:../ChronosRTOS/Drivers/Src/uart.c ****     tempreg |= (1U << 8);
 298:../ChronosRTOS/Drivers/Src/uart.c ****   }
 299:../ChronosRTOS/Drivers/Src/uart.c **** 
 300:../ChronosRTOS/Drivers/Src/uart.c ****   pUSARTHandle->pUSARTx->CR3 = tempreg;
 437              		.loc 1 300 3 is_stmt 1 view .LVU140
 438              		.loc 1 300 15 is_stmt 0 view .LVU141
 439 0070 2368     		ldr	r3, [r4]
 440              		.loc 1 300 30 view .LVU142
 441 0072 5A61     		str	r2, [r3, #20]
 301:../ChronosRTOS/Drivers/Src/uart.c **** 
 302:../ChronosRTOS/Drivers/Src/uart.c ****   /*
 303:../ChronosRTOS/Drivers/Src/uart.c ****    * -----------------------------------------------------
 304:../ChronosRTOS/Drivers/Src/uart.c ****    * 6. Configure baud rate
 305:../ChronosRTOS/Drivers/Src/uart.c ****    * -----------------------------------------------------
 306:../ChronosRTOS/Drivers/Src/uart.c ****    */
 307:../ChronosRTOS/Drivers/Src/uart.c **** 
 308:../ChronosRTOS/Drivers/Src/uart.c ****   USART_SetBaudRate(pUSARTHandle->pUSARTx,
 442              		.loc 1 308 3 is_stmt 1 view .LVU143
 443 0074 A168     		ldr	r1, [r4, #8]
 444 0076 2068     		ldr	r0, [r4]
 445 0078 FFF7FEFF 		bl	USART_SetBaudRate
 446              	.LVL30:
 309:../ChronosRTOS/Drivers/Src/uart.c ****                     pUSARTHandle->USART_Config.USART_Baud);
 310:../ChronosRTOS/Drivers/Src/uart.c **** 
ARM GAS  /tmp/cclo7Whc.s 			page 15


 311:../ChronosRTOS/Drivers/Src/uart.c ****   /*
 312:../ChronosRTOS/Drivers/Src/uart.c ****    * -----------------------------------------------------
 313:../ChronosRTOS/Drivers/Src/uart.c ****    * 7. Enable USART
 314:../ChronosRTOS/Drivers/Src/uart.c ****    * -----------------------------------------------------
 315:../ChronosRTOS/Drivers/Src/uart.c ****    *
 316:../ChronosRTOS/Drivers/Src/uart.c ****    * CR1 bit 13 = UE
 317:../ChronosRTOS/Drivers/Src/uart.c ****    * -----------------------------------------------------
 318:../ChronosRTOS/Drivers/Src/uart.c ****    */
 319:../ChronosRTOS/Drivers/Src/uart.c **** 
 320:../ChronosRTOS/Drivers/Src/uart.c ****   pUSARTHandle->pUSARTx->CR1 |= (1U << 13);
 447              		.loc 1 320 3 view .LVU144
 448              		.loc 1 320 15 is_stmt 0 view .LVU145
 449 007c 2268     		ldr	r2, [r4]
 450              		.loc 1 320 24 view .LVU146
 451 007e D368     		ldr	r3, [r2, #12]
 452              		.loc 1 320 30 view .LVU147
 453 0080 43F40053 		orr	r3, r3, #8192
 454 0084 D360     		str	r3, [r2, #12]
 321:../ChronosRTOS/Drivers/Src/uart.c **** }
 455              		.loc 1 321 1 view .LVU148
 456 0086 10BD     		pop	{r4, pc}
 457              	.LVL31:
 458              	.L36:
 293:../ChronosRTOS/Drivers/Src/uart.c ****   } else if (pUSARTHandle->USART_Config.USART_HWFlowControl ==
 459              		.loc 1 293 13 view .LVU149
 460 0088 4FF48072 		mov	r2, #256
 461 008c F0E7     		b	.L34
 462              	.L37:
 297:../ChronosRTOS/Drivers/Src/uart.c ****   }
 463              		.loc 1 297 13 view .LVU150
 464 008e 4FF44072 		mov	r2, #768
 465 0092 EDE7     		b	.L34
 466              	.L44:
 467              		.align	2
 468              	.L43:
 469 0094 00380140 		.word	1073821696
 470              		.cfi_endproc
 471              	.LFE68:
 473              		.section	.text.USART_SendChar,"ax",%progbits
 474              		.align	1
 475              		.global	USART_SendChar
 476              		.syntax unified
 477              		.thumb
 478              		.thumb_func
 480              	USART_SendChar:
 481              	.LFB69:
 322:../ChronosRTOS/Drivers/Src/uart.c **** 
 323:../ChronosRTOS/Drivers/Src/uart.c **** /*
 324:../ChronosRTOS/Drivers/Src/uart.c ****  * =========================================================
 325:../ChronosRTOS/Drivers/Src/uart.c ****  * Send One Character
 326:../ChronosRTOS/Drivers/Src/uart.c ****  * =========================================================
 327:../ChronosRTOS/Drivers/Src/uart.c ****  */
 328:../ChronosRTOS/Drivers/Src/uart.c **** 
 329:../ChronosRTOS/Drivers/Src/uart.c **** void USART_SendChar(USART_TypeDef *pUSARTx, char data) {
 482              		.loc 1 329 56 is_stmt 1 view -0
 483              		.cfi_startproc
 484              		@ args = 0, pretend = 0, frame = 0
ARM GAS  /tmp/cclo7Whc.s 			page 16


 485              		@ frame_needed = 0, uses_anonymous_args = 0
 486              		@ link register save eliminated.
 487              	.LVL32:
 488              	.L46:
 330:../ChronosRTOS/Drivers/Src/uart.c ****   /*
 331:../ChronosRTOS/Drivers/Src/uart.c ****    * Wait until transmit data register is empty.
 332:../ChronosRTOS/Drivers/Src/uart.c ****    *
 333:../ChronosRTOS/Drivers/Src/uart.c ****    * SR bit 7 = TXE
 334:../ChronosRTOS/Drivers/Src/uart.c ****    */
 335:../ChronosRTOS/Drivers/Src/uart.c ****   while (!(pUSARTx->SR & (1U << 7))) {
 336:../ChronosRTOS/Drivers/Src/uart.c ****   }
 489              		.loc 1 336 3 view .LVU152
 335:../ChronosRTOS/Drivers/Src/uart.c ****   }
 490              		.loc 1 335 10 discriminator 1 view .LVU153
 335:../ChronosRTOS/Drivers/Src/uart.c ****   }
 491              		.loc 1 335 19 is_stmt 0 discriminator 1 view .LVU154
 492 0000 0368     		ldr	r3, [r0]
 335:../ChronosRTOS/Drivers/Src/uart.c ****   }
 493              		.loc 1 335 10 discriminator 1 view .LVU155
 494 0002 13F0800F 		tst	r3, #128
 495 0006 FBD0     		beq	.L46
 337:../ChronosRTOS/Drivers/Src/uart.c **** 
 338:../ChronosRTOS/Drivers/Src/uart.c ****   /*
 339:../ChronosRTOS/Drivers/Src/uart.c ****    * Write character to data register.
 340:../ChronosRTOS/Drivers/Src/uart.c ****    */
 341:../ChronosRTOS/Drivers/Src/uart.c ****   pUSARTx->DR = (uint8_t)data;
 496              		.loc 1 341 3 is_stmt 1 view .LVU156
 497              		.loc 1 341 15 is_stmt 0 view .LVU157
 498 0008 4160     		str	r1, [r0, #4]
 342:../ChronosRTOS/Drivers/Src/uart.c **** 
 343:../ChronosRTOS/Drivers/Src/uart.c ****   /*
 344:../ChronosRTOS/Drivers/Src/uart.c ****    * Wait until complete frame has been transmitted.
 345:../ChronosRTOS/Drivers/Src/uart.c ****    *
 346:../ChronosRTOS/Drivers/Src/uart.c ****    * SR bit 6 = TC
 347:../ChronosRTOS/Drivers/Src/uart.c ****    */
 348:../ChronosRTOS/Drivers/Src/uart.c ****   while (!(pUSARTx->SR & (1U << 6))) {
 499              		.loc 1 348 3 is_stmt 1 view .LVU158
 500              	.L47:
 349:../ChronosRTOS/Drivers/Src/uart.c ****   }
 501              		.loc 1 349 3 view .LVU159
 348:../ChronosRTOS/Drivers/Src/uart.c ****   }
 502              		.loc 1 348 10 discriminator 1 view .LVU160
 348:../ChronosRTOS/Drivers/Src/uart.c ****   }
 503              		.loc 1 348 19 is_stmt 0 discriminator 1 view .LVU161
 504 000a 0368     		ldr	r3, [r0]
 348:../ChronosRTOS/Drivers/Src/uart.c ****   }
 505              		.loc 1 348 10 discriminator 1 view .LVU162
 506 000c 13F0400F 		tst	r3, #64
 507 0010 FBD0     		beq	.L47
 350:../ChronosRTOS/Drivers/Src/uart.c **** }
 508              		.loc 1 350 1 view .LVU163
 509 0012 7047     		bx	lr
 510              		.cfi_endproc
 511              	.LFE69:
 513              		.section	.text.USART_SendString,"ax",%progbits
 514              		.align	1
 515              		.global	USART_SendString
ARM GAS  /tmp/cclo7Whc.s 			page 17


 516              		.syntax unified
 517              		.thumb
 518              		.thumb_func
 520              	USART_SendString:
 521              	.LVL33:
 522              	.LFB70:
 351:../ChronosRTOS/Drivers/Src/uart.c **** 
 352:../ChronosRTOS/Drivers/Src/uart.c **** /*
 353:../ChronosRTOS/Drivers/Src/uart.c ****  * =========================================================
 354:../ChronosRTOS/Drivers/Src/uart.c ****  * Send String
 355:../ChronosRTOS/Drivers/Src/uart.c ****  * =========================================================
 356:../ChronosRTOS/Drivers/Src/uart.c ****  */
 357:../ChronosRTOS/Drivers/Src/uart.c **** 
 358:../ChronosRTOS/Drivers/Src/uart.c **** void USART_SendString(USART_TypeDef *pUSARTx, char *str) {
 523              		.loc 1 358 58 is_stmt 1 view -0
 524              		.cfi_startproc
 525              		@ args = 0, pretend = 0, frame = 0
 526              		@ frame_needed = 0, uses_anonymous_args = 0
 527              		.loc 1 358 58 is_stmt 0 view .LVU165
 528 0000 38B5     		push	{r3, r4, r5, lr}
 529              	.LCFI2:
 530              		.cfi_def_cfa_offset 16
 531              		.cfi_offset 3, -16
 532              		.cfi_offset 4, -12
 533              		.cfi_offset 5, -8
 534              		.cfi_offset 14, -4
 535 0002 0546     		mov	r5, r0
 536 0004 0C46     		mov	r4, r1
 359:../ChronosRTOS/Drivers/Src/uart.c ****   while (*str != '\0') {
 537              		.loc 1 359 3 is_stmt 1 view .LVU166
 538              		.loc 1 359 9 is_stmt 0 view .LVU167
 539 0006 03E0     		b	.L49
 540              	.LVL34:
 541              	.L50:
 360:../ChronosRTOS/Drivers/Src/uart.c ****     USART_SendChar(pUSARTx, *str);
 542              		.loc 1 360 5 is_stmt 1 view .LVU168
 543 0008 2846     		mov	r0, r5
 544 000a FFF7FEFF 		bl	USART_SendChar
 545              	.LVL35:
 361:../ChronosRTOS/Drivers/Src/uart.c **** 
 362:../ChronosRTOS/Drivers/Src/uart.c ****     str++;
 546              		.loc 1 362 5 view .LVU169
 547              		.loc 1 362 8 is_stmt 0 view .LVU170
 548 000e 0134     		adds	r4, r4, #1
 549              	.LVL36:
 550              	.L49:
 359:../ChronosRTOS/Drivers/Src/uart.c ****     USART_SendChar(pUSARTx, *str);
 551              		.loc 1 359 15 is_stmt 1 view .LVU171
 359:../ChronosRTOS/Drivers/Src/uart.c ****     USART_SendChar(pUSARTx, *str);
 552              		.loc 1 359 10 is_stmt 0 view .LVU172
 553 0010 2178     		ldrb	r1, [r4]	@ zero_extendqisi2
 359:../ChronosRTOS/Drivers/Src/uart.c ****     USART_SendChar(pUSARTx, *str);
 554              		.loc 1 359 15 view .LVU173
 555 0012 0029     		cmp	r1, #0
 556 0014 F8D1     		bne	.L50
 363:../ChronosRTOS/Drivers/Src/uart.c ****   }
 364:../ChronosRTOS/Drivers/Src/uart.c **** }
ARM GAS  /tmp/cclo7Whc.s 			page 18


 557              		.loc 1 364 1 view .LVU174
 558 0016 38BD     		pop	{r3, r4, r5, pc}
 559              		.loc 1 364 1 view .LVU175
 560              		.cfi_endproc
 561              	.LFE70:
 563              		.section	.text.USART_ReceiveChar,"ax",%progbits
 564              		.align	1
 565              		.global	USART_ReceiveChar
 566              		.syntax unified
 567              		.thumb
 568              		.thumb_func
 570              	USART_ReceiveChar:
 571              	.LFB71:
 365:../ChronosRTOS/Drivers/Src/uart.c **** 
 366:../ChronosRTOS/Drivers/Src/uart.c **** /*
 367:../ChronosRTOS/Drivers/Src/uart.c ****  * =========================================================
 368:../ChronosRTOS/Drivers/Src/uart.c ****  * Receive One Character
 369:../ChronosRTOS/Drivers/Src/uart.c ****  * =========================================================
 370:../ChronosRTOS/Drivers/Src/uart.c ****  */
 371:../ChronosRTOS/Drivers/Src/uart.c **** 
 372:../ChronosRTOS/Drivers/Src/uart.c **** uint8_t USART_ReceiveChar(USART_TypeDef *pUSARTx) {
 572              		.loc 1 372 51 is_stmt 1 view -0
 573              		.cfi_startproc
 574              		@ args = 0, pretend = 0, frame = 0
 575              		@ frame_needed = 0, uses_anonymous_args = 0
 576              		@ link register save eliminated.
 577              	.LVL37:
 578              	.L53:
 373:../ChronosRTOS/Drivers/Src/uart.c ****   /*
 374:../ChronosRTOS/Drivers/Src/uart.c ****    * Wait until receive data is available.
 375:../ChronosRTOS/Drivers/Src/uart.c ****    *
 376:../ChronosRTOS/Drivers/Src/uart.c ****    * SR bit 5 = RXNE
 377:../ChronosRTOS/Drivers/Src/uart.c ****    */
 378:../ChronosRTOS/Drivers/Src/uart.c ****   while (!(pUSARTx->SR & (1U << 5))) {
 379:../ChronosRTOS/Drivers/Src/uart.c ****   }
 579              		.loc 1 379 3 view .LVU177
 378:../ChronosRTOS/Drivers/Src/uart.c ****   }
 580              		.loc 1 378 10 discriminator 1 view .LVU178
 378:../ChronosRTOS/Drivers/Src/uart.c ****   }
 581              		.loc 1 378 19 is_stmt 0 discriminator 1 view .LVU179
 582 0000 0368     		ldr	r3, [r0]
 378:../ChronosRTOS/Drivers/Src/uart.c ****   }
 583              		.loc 1 378 10 discriminator 1 view .LVU180
 584 0002 13F0200F 		tst	r3, #32
 585 0006 FBD0     		beq	.L53
 380:../ChronosRTOS/Drivers/Src/uart.c **** 
 381:../ChronosRTOS/Drivers/Src/uart.c ****   /*
 382:../ChronosRTOS/Drivers/Src/uart.c ****    * Read received data.
 383:../ChronosRTOS/Drivers/Src/uart.c ****    */
 384:../ChronosRTOS/Drivers/Src/uart.c ****   return (uint8_t)pUSARTx->DR;
 586              		.loc 1 384 3 is_stmt 1 view .LVU181
 587              		.loc 1 384 26 is_stmt 0 view .LVU182
 588 0008 4068     		ldr	r0, [r0, #4]
 589              	.LVL38:
 385:../ChronosRTOS/Drivers/Src/uart.c **** }
 590              		.loc 1 385 1 view .LVU183
 591 000a C0B2     		uxtb	r0, r0
ARM GAS  /tmp/cclo7Whc.s 			page 19


 592 000c 7047     		bx	lr
 593              		.cfi_endproc
 594              	.LFE71:
 596              		.section	.text.USART_SendData,"ax",%progbits
 597              		.align	1
 598              		.global	USART_SendData
 599              		.syntax unified
 600              		.thumb
 601              		.thumb_func
 603              	USART_SendData:
 604              	.LVL39:
 605              	.LFB72:
 386:../ChronosRTOS/Drivers/Src/uart.c **** 
 387:../ChronosRTOS/Drivers/Src/uart.c **** /*
 388:../ChronosRTOS/Drivers/Src/uart.c ****  * =========================================================
 389:../ChronosRTOS/Drivers/Src/uart.c ****  * Send Multiple Bytes
 390:../ChronosRTOS/Drivers/Src/uart.c ****  * =========================================================
 391:../ChronosRTOS/Drivers/Src/uart.c ****  */
 392:../ChronosRTOS/Drivers/Src/uart.c **** 
 393:../ChronosRTOS/Drivers/Src/uart.c **** void USART_SendData(USART_TypeDef *pUSARTx, uint8_t *pTxBuffer, uint32_t Len) {
 606              		.loc 1 393 79 is_stmt 1 view -0
 607              		.cfi_startproc
 608              		@ args = 0, pretend = 0, frame = 0
 609              		@ frame_needed = 0, uses_anonymous_args = 0
 610              		@ link register save eliminated.
 394:../ChronosRTOS/Drivers/Src/uart.c ****   uint8_t data;
 611              		.loc 1 394 3 view .LVU185
 395:../ChronosRTOS/Drivers/Src/uart.c **** 
 396:../ChronosRTOS/Drivers/Src/uart.c ****   while (Len > 0U) {
 612              		.loc 1 396 3 view .LVU186
 613              		.loc 1 396 9 is_stmt 0 view .LVU187
 614 0000 07E0     		b	.L55
 615              	.L56:
 397:../ChronosRTOS/Drivers/Src/uart.c ****     /*
 398:../ChronosRTOS/Drivers/Src/uart.c ****      * Wait until transmit data register is empty.
 399:../ChronosRTOS/Drivers/Src/uart.c ****      */
 400:../ChronosRTOS/Drivers/Src/uart.c ****     while (!(pUSARTx->SR & (1U << 7))) {
 401:../ChronosRTOS/Drivers/Src/uart.c ****     }
 616              		.loc 1 401 5 is_stmt 1 view .LVU188
 400:../ChronosRTOS/Drivers/Src/uart.c ****     }
 617              		.loc 1 400 12 discriminator 1 view .LVU189
 400:../ChronosRTOS/Drivers/Src/uart.c ****     }
 618              		.loc 1 400 21 is_stmt 0 discriminator 1 view .LVU190
 619 0002 0368     		ldr	r3, [r0]
 400:../ChronosRTOS/Drivers/Src/uart.c ****     }
 620              		.loc 1 400 12 discriminator 1 view .LVU191
 621 0004 13F0800F 		tst	r3, #128
 622 0008 FBD0     		beq	.L56
 402:../ChronosRTOS/Drivers/Src/uart.c **** 
 403:../ChronosRTOS/Drivers/Src/uart.c ****     /*
 404:../ChronosRTOS/Drivers/Src/uart.c ****      * Get byte from buffer.
 405:../ChronosRTOS/Drivers/Src/uart.c ****      */
 406:../ChronosRTOS/Drivers/Src/uart.c ****     data = *pTxBuffer;
 623              		.loc 1 406 5 is_stmt 1 view .LVU192
 624              		.loc 1 406 10 is_stmt 0 view .LVU193
 625 000a 11F8013B 		ldrb	r3, [r1], #1	@ zero_extendqisi2
 626              	.LVL40:
ARM GAS  /tmp/cclo7Whc.s 			page 20


 407:../ChronosRTOS/Drivers/Src/uart.c **** 
 408:../ChronosRTOS/Drivers/Src/uart.c ****     /*
 409:../ChronosRTOS/Drivers/Src/uart.c ****      * Send byte.
 410:../ChronosRTOS/Drivers/Src/uart.c ****      */
 411:../ChronosRTOS/Drivers/Src/uart.c ****     pUSARTx->DR = data;
 627              		.loc 1 411 5 is_stmt 1 view .LVU194
 628              		.loc 1 411 17 is_stmt 0 view .LVU195
 629 000e 4360     		str	r3, [r0, #4]
 412:../ChronosRTOS/Drivers/Src/uart.c **** 
 413:../ChronosRTOS/Drivers/Src/uart.c ****     /*
 414:../ChronosRTOS/Drivers/Src/uart.c ****      * Move to next byte.
 415:../ChronosRTOS/Drivers/Src/uart.c ****      */
 416:../ChronosRTOS/Drivers/Src/uart.c ****     pTxBuffer++;
 630              		.loc 1 416 5 is_stmt 1 view .LVU196
 631              	.LVL41:
 417:../ChronosRTOS/Drivers/Src/uart.c **** 
 418:../ChronosRTOS/Drivers/Src/uart.c ****     Len--;
 632              		.loc 1 418 5 view .LVU197
 633              		.loc 1 418 8 is_stmt 0 view .LVU198
 634 0010 013A     		subs	r2, r2, #1
 635              	.LVL42:
 636              	.L55:
 396:../ChronosRTOS/Drivers/Src/uart.c ****     /*
 637              		.loc 1 396 14 is_stmt 1 view .LVU199
 638 0012 002A     		cmp	r2, #0
 639 0014 F5D1     		bne	.L56
 640              	.L57:
 419:../ChronosRTOS/Drivers/Src/uart.c ****   }
 420:../ChronosRTOS/Drivers/Src/uart.c **** 
 421:../ChronosRTOS/Drivers/Src/uart.c ****   /*
 422:../ChronosRTOS/Drivers/Src/uart.c ****    * Wait until final byte has completely
 423:../ChronosRTOS/Drivers/Src/uart.c ****    * left the USART.
 424:../ChronosRTOS/Drivers/Src/uart.c ****    */
 425:../ChronosRTOS/Drivers/Src/uart.c ****   while (!(pUSARTx->SR & (1U << 6))) {
 426:../ChronosRTOS/Drivers/Src/uart.c ****   }
 641              		.loc 1 426 3 view .LVU200
 425:../ChronosRTOS/Drivers/Src/uart.c ****   }
 642              		.loc 1 425 10 discriminator 1 view .LVU201
 425:../ChronosRTOS/Drivers/Src/uart.c ****   }
 643              		.loc 1 425 19 is_stmt 0 discriminator 1 view .LVU202
 644 0016 0368     		ldr	r3, [r0]
 425:../ChronosRTOS/Drivers/Src/uart.c ****   }
 645              		.loc 1 425 10 discriminator 1 view .LVU203
 646 0018 13F0400F 		tst	r3, #64
 647 001c FBD0     		beq	.L57
 427:../ChronosRTOS/Drivers/Src/uart.c **** }
 648              		.loc 1 427 1 view .LVU204
 649 001e 7047     		bx	lr
 650              		.cfi_endproc
 651              	.LFE72:
 653              		.section	.text.USART_ReceiveData,"ax",%progbits
 654              		.align	1
 655              		.global	USART_ReceiveData
 656              		.syntax unified
 657              		.thumb
 658              		.thumb_func
 660              	USART_ReceiveData:
ARM GAS  /tmp/cclo7Whc.s 			page 21


 661              	.LVL43:
 662              	.LFB73:
 428:../ChronosRTOS/Drivers/Src/uart.c **** 
 429:../ChronosRTOS/Drivers/Src/uart.c **** /*
 430:../ChronosRTOS/Drivers/Src/uart.c ****  * =========================================================
 431:../ChronosRTOS/Drivers/Src/uart.c ****  * Receive Multiple Bytes
 432:../ChronosRTOS/Drivers/Src/uart.c ****  * =========================================================
 433:../ChronosRTOS/Drivers/Src/uart.c ****  */
 434:../ChronosRTOS/Drivers/Src/uart.c **** 
 435:../ChronosRTOS/Drivers/Src/uart.c **** void USART_ReceiveData(USART_TypeDef *pUSARTx, uint8_t *pRxBuffer,
 436:../ChronosRTOS/Drivers/Src/uart.c ****                        uint32_t Len) {
 663              		.loc 1 436 38 is_stmt 1 view -0
 664              		.cfi_startproc
 665              		@ args = 0, pretend = 0, frame = 0
 666              		@ frame_needed = 0, uses_anonymous_args = 0
 667              		@ link register save eliminated.
 437:../ChronosRTOS/Drivers/Src/uart.c ****   while (Len > 0U) {
 668              		.loc 1 437 3 view .LVU206
 669              		.loc 1 437 9 is_stmt 0 view .LVU207
 670 0000 07E0     		b	.L59
 671              	.L60:
 438:../ChronosRTOS/Drivers/Src/uart.c ****     /*
 439:../ChronosRTOS/Drivers/Src/uart.c ****      * Wait for received byte.
 440:../ChronosRTOS/Drivers/Src/uart.c ****      */
 441:../ChronosRTOS/Drivers/Src/uart.c ****     while (!(pUSARTx->SR & (1U << 5))) {
 442:../ChronosRTOS/Drivers/Src/uart.c ****     }
 672              		.loc 1 442 5 is_stmt 1 view .LVU208
 441:../ChronosRTOS/Drivers/Src/uart.c ****     }
 673              		.loc 1 441 12 discriminator 1 view .LVU209
 441:../ChronosRTOS/Drivers/Src/uart.c ****     }
 674              		.loc 1 441 21 is_stmt 0 discriminator 1 view .LVU210
 675 0002 0368     		ldr	r3, [r0]
 441:../ChronosRTOS/Drivers/Src/uart.c ****     }
 676              		.loc 1 441 12 discriminator 1 view .LVU211
 677 0004 13F0200F 		tst	r3, #32
 678 0008 FBD0     		beq	.L60
 443:../ChronosRTOS/Drivers/Src/uart.c **** 
 444:../ChronosRTOS/Drivers/Src/uart.c ****     /*
 445:../ChronosRTOS/Drivers/Src/uart.c ****      * Read received byte.
 446:../ChronosRTOS/Drivers/Src/uart.c ****      */
 447:../ChronosRTOS/Drivers/Src/uart.c ****     *pRxBuffer = (uint8_t)pUSARTx->DR;
 679              		.loc 1 447 5 is_stmt 1 view .LVU212
 680              		.loc 1 447 34 is_stmt 0 view .LVU213
 681 000a 4368     		ldr	r3, [r0, #4]
 682              		.loc 1 447 16 view .LVU214
 683 000c 01F8013B 		strb	r3, [r1], #1
 684              	.LVL44:
 448:../ChronosRTOS/Drivers/Src/uart.c **** 
 449:../ChronosRTOS/Drivers/Src/uart.c ****     /*
 450:../ChronosRTOS/Drivers/Src/uart.c ****      * Move to next buffer position.
 451:../ChronosRTOS/Drivers/Src/uart.c ****      */
 452:../ChronosRTOS/Drivers/Src/uart.c ****     pRxBuffer++;
 685              		.loc 1 452 5 is_stmt 1 view .LVU215
 453:../ChronosRTOS/Drivers/Src/uart.c **** 
 454:../ChronosRTOS/Drivers/Src/uart.c ****     Len--;
 686              		.loc 1 454 5 view .LVU216
 687              		.loc 1 454 8 is_stmt 0 view .LVU217
ARM GAS  /tmp/cclo7Whc.s 			page 22


 688 0010 013A     		subs	r2, r2, #1
 689              	.LVL45:
 690              	.L59:
 437:../ChronosRTOS/Drivers/Src/uart.c ****     /*
 691              		.loc 1 437 14 is_stmt 1 view .LVU218
 692 0012 002A     		cmp	r2, #0
 693 0014 F5D1     		bne	.L60
 455:../ChronosRTOS/Drivers/Src/uart.c ****   }
 456:../ChronosRTOS/Drivers/Src/uart.c **** }
 694              		.loc 1 456 1 is_stmt 0 view .LVU219
 695 0016 7047     		bx	lr
 696              		.cfi_endproc
 697              	.LFE73:
 699              		.section	.text.USART_DeInit,"ax",%progbits
 700              		.align	1
 701              		.global	USART_DeInit
 702              		.syntax unified
 703              		.thumb
 704              		.thumb_func
 706              	USART_DeInit:
 707              	.LVL46:
 708              	.LFB74:
 457:../ChronosRTOS/Drivers/Src/uart.c **** 
 458:../ChronosRTOS/Drivers/Src/uart.c **** /*
 459:../ChronosRTOS/Drivers/Src/uart.c ****  * =========================================================
 460:../ChronosRTOS/Drivers/Src/uart.c ****  * USART De-Initialization
 461:../ChronosRTOS/Drivers/Src/uart.c ****  * =========================================================
 462:../ChronosRTOS/Drivers/Src/uart.c ****  */
 463:../ChronosRTOS/Drivers/Src/uart.c **** 
 464:../ChronosRTOS/Drivers/Src/uart.c **** void USART_DeInit(USART_TypeDef *pUSARTx) {
 709              		.loc 1 464 43 is_stmt 1 view -0
 710              		.cfi_startproc
 711              		@ args = 0, pretend = 0, frame = 0
 712              		@ frame_needed = 0, uses_anonymous_args = 0
 713              		@ link register save eliminated.
 465:../ChronosRTOS/Drivers/Src/uart.c ****   if (pUSARTx == USART1) {
 714              		.loc 1 465 3 view .LVU221
 715              		.loc 1 465 6 is_stmt 0 view .LVU222
 716 0000 154B     		ldr	r3, .L68
 717 0002 9842     		cmp	r0, r3
 718 0004 06D0     		beq	.L65
 466:../ChronosRTOS/Drivers/Src/uart.c ****     /*
 467:../ChronosRTOS/Drivers/Src/uart.c ****      * APB2RSTR bit 14
 468:../ChronosRTOS/Drivers/Src/uart.c ****      */
 469:../ChronosRTOS/Drivers/Src/uart.c ****     RCC->APB2RSTR |= (1U << 14);
 470:../ChronosRTOS/Drivers/Src/uart.c ****     RCC->APB2RSTR &= ~(1U << 14);
 471:../ChronosRTOS/Drivers/Src/uart.c ****   } else if (pUSARTx == USART2) {
 719              		.loc 1 471 10 is_stmt 1 view .LVU223
 720              		.loc 1 471 13 is_stmt 0 view .LVU224
 721 0006 154B     		ldr	r3, .L68+4
 722 0008 9842     		cmp	r0, r3
 723 000a 0ED0     		beq	.L66
 472:../ChronosRTOS/Drivers/Src/uart.c ****     /*
 473:../ChronosRTOS/Drivers/Src/uart.c ****      * APB1RSTR bit 17
 474:../ChronosRTOS/Drivers/Src/uart.c ****      */
 475:../ChronosRTOS/Drivers/Src/uart.c ****     RCC->APB1RSTR |= (1U << 17);
 476:../ChronosRTOS/Drivers/Src/uart.c ****     RCC->APB1RSTR &= ~(1U << 17);
ARM GAS  /tmp/cclo7Whc.s 			page 23


 477:../ChronosRTOS/Drivers/Src/uart.c ****   } else if (pUSARTx == USART3) {
 724              		.loc 1 477 10 is_stmt 1 view .LVU225
 725              		.loc 1 477 13 is_stmt 0 view .LVU226
 726 000c 144B     		ldr	r3, .L68+8
 727 000e 9842     		cmp	r0, r3
 728 0010 16D0     		beq	.L67
 729              	.L61:
 478:../ChronosRTOS/Drivers/Src/uart.c ****     /*
 479:../ChronosRTOS/Drivers/Src/uart.c ****      * APB1RSTR bit 18
 480:../ChronosRTOS/Drivers/Src/uart.c ****      */
 481:../ChronosRTOS/Drivers/Src/uart.c ****     RCC->APB1RSTR |= (1U << 18);
 482:../ChronosRTOS/Drivers/Src/uart.c ****     RCC->APB1RSTR &= ~(1U << 18);
 483:../ChronosRTOS/Drivers/Src/uart.c ****   }
 484:../ChronosRTOS/Drivers/Src/uart.c **** }...
 730              		.loc 1 484 1 view .LVU227
 731 0012 7047     		bx	lr
 732              	.L65:
 469:../ChronosRTOS/Drivers/Src/uart.c ****     RCC->APB2RSTR |= (1U << 14);
 733              		.loc 1 469 5 is_stmt 1 view .LVU228
 469:../ChronosRTOS/Drivers/Src/uart.c ****     RCC->APB2RSTR |= (1U << 14);
 734              		.loc 1 469 8 is_stmt 0 view .LVU229
 735 0014 03F55843 		add	r3, r3, #55296
 736 0018 DA68     		ldr	r2, [r3, #12]
 469:../ChronosRTOS/Drivers/Src/uart.c ****     RCC->APB2RSTR |= (1U << 14);
 737              		.loc 1 469 19 view .LVU230
 738 001a 42F48042 		orr	r2, r2, #16384
 739 001e DA60     		str	r2, [r3, #12]
 470:../ChronosRTOS/Drivers/Src/uart.c ****     RCC->APB2RSTR &= ~(1U << 14);
 740              		.loc 1 470 5 is_stmt 1 view .LVU231
 470:../ChronosRTOS/Drivers/Src/uart.c ****     RCC->APB2RSTR &= ~(1U << 14);
 741              		.loc 1 470 8 is_stmt 0 view .LVU232
 742 0020 DA68     		ldr	r2, [r3, #12]
 470:../ChronosRTOS/Drivers/Src/uart.c ****     RCC->APB2RSTR &= ~(1U << 14);
 743              		.loc 1 470 19 view .LVU233
 744 0022 22F48042 		bic	r2, r2, #16384
 745 0026 DA60     		str	r2, [r3, #12]
 746 0028 7047     		bx	lr
 747              	.L66:
 475:../ChronosRTOS/Drivers/Src/uart.c ****     RCC->APB1RSTR |= (1U << 17);
 748              		.loc 1 475 5 is_stmt 1 view .LVU234
 475:../ChronosRTOS/Drivers/Src/uart.c ****     RCC->APB1RSTR |= (1U << 17);
 749              		.loc 1 475 8 is_stmt 0 view .LVU235
 750 002a 03F5E633 		add	r3, r3, #117760
 751 002e 1A69     		ldr	r2, [r3, #16]
 475:../ChronosRTOS/Drivers/Src/uart.c ****     RCC->APB1RSTR |= (1U << 17);
 752              		.loc 1 475 19 view .LVU236
 753 0030 42F40032 		orr	r2, r2, #131072
 754 0034 1A61     		str	r2, [r3, #16]
 476:../ChronosRTOS/Drivers/Src/uart.c ****     RCC->APB1RSTR &= ~(1U << 17);
 755              		.loc 1 476 5 is_stmt 1 view .LVU237
 476:../ChronosRTOS/Drivers/Src/uart.c ****     RCC->APB1RSTR &= ~(1U << 17);
 756              		.loc 1 476 8 is_stmt 0 view .LVU238
 757 0036 1A69     		ldr	r2, [r3, #16]
 476:../ChronosRTOS/Drivers/Src/uart.c ****     RCC->APB1RSTR &= ~(1U << 17);
 758              		.loc 1 476 19 view .LVU239
 759 0038 22F40032 		bic	r2, r2, #131072
 760 003c 1A61     		str	r2, [r3, #16]
ARM GAS  /tmp/cclo7Whc.s 			page 24


 761 003e 7047     		bx	lr
 762              	.L67:
 481:../ChronosRTOS/Drivers/Src/uart.c ****     RCC->APB1RSTR |= (1U << 18);
 763              		.loc 1 481 5 is_stmt 1 view .LVU240
 481:../ChronosRTOS/Drivers/Src/uart.c ****     RCC->APB1RSTR |= (1U << 18);
 764              		.loc 1 481 8 is_stmt 0 view .LVU241
 765 0040 03F5E433 		add	r3, r3, #116736
 766 0044 1A69     		ldr	r2, [r3, #16]
 481:../ChronosRTOS/Drivers/Src/uart.c ****     RCC->APB1RSTR |= (1U << 18);
 767              		.loc 1 481 19 view .LVU242
 768 0046 42F48022 		orr	r2, r2, #262144
 769 004a 1A61     		str	r2, [r3, #16]
 482:../ChronosRTOS/Drivers/Src/uart.c ****     RCC->APB1RSTR &= ~(1U << 18);
 770              		.loc 1 482 5 is_stmt 1 view .LVU243
 482:../ChronosRTOS/Drivers/Src/uart.c ****     RCC->APB1RSTR &= ~(1U << 18);
 771              		.loc 1 482 8 is_stmt 0 view .LVU244
 772 004c 1A69     		ldr	r2, [r3, #16]
 482:../ChronosRTOS/Drivers/Src/uart.c ****     RCC->APB1RSTR &= ~(1U << 18);
 773              		.loc 1 482 19 view .LVU245
 774 004e 22F48022 		bic	r2, r2, #262144
 775 0052 1A61     		str	r2, [r3, #16]
 776              		.loc 1 484 1 view .LVU246
 777 0054 DDE7     		b	.L61
 778              	.L69:
 779 0056 00BF     		.align	2
 780              	.L68:
 781 0058 00380140 		.word	1073821696
 782 005c 00440040 		.word	1073759232
 783 0060 00480040 		.word	1073760256
 784              		.cfi_endproc
 785              	.LFE74:
 787              		.text
 788              	.Letext0:
 789              		.file 2 "/usr/lib/gcc/arm-none-eabi/13.2.1/include/stdint.h"
 790              		.file 3 "Drivers/CMSIS/Device/ST/STM32F1xx/Include/stm32f103xb.h"
 791              		.file 4 "../ChronosRTOS/Drivers/Inc/uart.h"
ARM GAS  /tmp/cclo7Whc.s 			page 25


DEFINED SYMBOLS
                            *ABS*:00000000 uart.c
     /tmp/cclo7Whc.s:19     .text.USART1_GPIO_Init:00000000 $t
     /tmp/cclo7Whc.s:24     .text.USART1_GPIO_Init:00000000 USART1_GPIO_Init
     /tmp/cclo7Whc.s:68     .text.USART1_GPIO_Init:00000030 $d
     /tmp/cclo7Whc.s:74     .text.USART_PeriClockControl:00000000 $t
     /tmp/cclo7Whc.s:80     .text.USART_PeriClockControl:00000000 USART_PeriClockControl
     /tmp/cclo7Whc.s:183    .text.USART_PeriClockControl:00000074 $d
     /tmp/cclo7Whc.s:191    .text.USART_SetBaudRate:00000000 $t
     /tmp/cclo7Whc.s:197    .text.USART_SetBaudRate:00000000 USART_SetBaudRate
     /tmp/cclo7Whc.s:281    .text.USART_SetBaudRate:00000048 $d
     /tmp/cclo7Whc.s:289    .text.USART_Init:00000000 $t
     /tmp/cclo7Whc.s:295    .text.USART_Init:00000000 USART_Init
     /tmp/cclo7Whc.s:469    .text.USART_Init:00000094 $d
     /tmp/cclo7Whc.s:474    .text.USART_SendChar:00000000 $t
     /tmp/cclo7Whc.s:480    .text.USART_SendChar:00000000 USART_SendChar
     /tmp/cclo7Whc.s:514    .text.USART_SendString:00000000 $t
     /tmp/cclo7Whc.s:520    .text.USART_SendString:00000000 USART_SendString
     /tmp/cclo7Whc.s:564    .text.USART_ReceiveChar:00000000 $t
     /tmp/cclo7Whc.s:570    .text.USART_ReceiveChar:00000000 USART_ReceiveChar
     /tmp/cclo7Whc.s:597    .text.USART_SendData:00000000 $t
     /tmp/cclo7Whc.s:603    .text.USART_SendData:00000000 USART_SendData
     /tmp/cclo7Whc.s:654    .text.USART_ReceiveData:00000000 $t
     /tmp/cclo7Whc.s:660    .text.USART_ReceiveData:00000000 USART_ReceiveData
     /tmp/cclo7Whc.s:700    .text.USART_DeInit:00000000 $t
     /tmp/cclo7Whc.s:706    .text.USART_DeInit:00000000 USART_DeInit
     /tmp/cclo7Whc.s:781    .text.USART_DeInit:00000058 $d

NO UNDEFINED SYMBOLS
